[2026-08-24T07:48:44.231+0000] {local_task_job_runner.py:123} INFO - ::group::Pre task execution logs
[2026-08-24T07:48:44.713+0000] {taskinstance.py:2613} INFO - Dependencies all met for dep_context=non-requeueable deps ti=<TaskInstance: etl_weather_postgres_dag.extract_bangkok manual__2026-08-24T07:48:32.498888+00:00 [queued]>
[2026-08-24T07:48:44.919+0000] {taskinstance.py:2613} INFO - Dependencies all met for dep_context=requeueable deps ti=<TaskInstance: etl_weather_postgres_dag.extract_bangkok manual__2026-08-24T07:48:32.498888+00:00 [queued]>
[2026-08-24T07:48:44.921+0000] {taskinstance.py:2866} INFO - Starting attempt 1 of 2
[2026-08-24T07:48:45.114+0000] {taskinstance.py:2889} INFO - Executing <Task(PythonOperator): extract_bangkok> on 2026-08-24 07:48:32.498888+00:00
[2026-08-24T07:48:45.151+0000] {warnings.py:112} WARNING - /home/***/.local/lib/python3.12/site-packages/***/task/task_runner/standard_task_runner.py:70: DeprecationWarning: This process (pid=242) is multi-threaded, use of fork() may lead to deadlocks in the child.
  pid = os.fork()

[2026-08-24T07:48:45.179+0000] {standard_task_runner.py:72} INFO - Started process 253 to run task
[2026-08-24T07:48:45.186+0000] {standard_task_runner.py:104} INFO - Running: ['***', 'tasks', 'run', 'etl_weather_postgres_dag', 'extract_bangkok', 'manual__2026-08-24T07:48:32.498888+00:00', '--job-id', '16', '--raw', '--subdir', 'DAGS_FOLDER/05_etl_weather_postgres.py', '--cfg-path', '/tmp/tmp1x24s1oj']
[2026-08-24T07:48:45.191+0000] {standard_task_runner.py:105} INFO - Job 16: Subtask extract_bangkok
[2026-08-24T07:48:45.573+0000] {task_command.py:467} INFO - Running <TaskInstance: etl_weather_postgres_dag.extract_bangkok manual__2026-08-24T07:48:32.498888+00:00 [running]> on host 5e50b3edd4b7
[2026-08-24T07:48:46.344+0000] {taskinstance.py:3132} INFO - Exporting env vars: AIRFLOW_CTX_DAG_OWNER='workshop' AIRFLOW_CTX_DAG_ID='etl_weather_postgres_dag' AIRFLOW_CTX_TASK_ID='extract_bangkok' AIRFLOW_CTX_EXECUTION_DATE='2026-08-24T07:48:32.498888+00:00' AIRFLOW_CTX_TRY_NUMBER='1' AIRFLOW_CTX_DAG_RUN_ID='manual__2026-08-24T07:48:32.498888+00:00'
[2026-08-24T07:48:46.351+0000] {taskinstance.py:731} INFO - ::endgroup::
[2026-08-24T07:48:47.741+0000] {logging_mixin.py:190} INFO - ดึงข้อมูล กรุงเทพฯ สำเร็จ: {'province': 'กรุงเทพฯ', 'temperature': 32.8, 'windspeed': 12.2, 'weathercode': 3, 'recorded_at': '2026-08-24T14:45'}
[2026-08-24T07:48:47.803+0000] {python.py:240} INFO - Done. Returned value was: None
[2026-08-24T07:48:47.837+0000] {taskinstance.py:340} INFO - ::group::Post task execution logs
[2026-08-24T07:48:47.845+0000] {taskinstance.py:352} INFO - Marking task as SUCCESS. dag_id=etl_weather_postgres_dag, task_id=extract_bangkok, run_id=manual__2026-08-24T07:48:32.498888+00:00, execution_date=20260824T074832, start_date=20260824T074844, end_date=20260824T074847
[2026-08-24T07:48:47.944+0000] {local_task_job_runner.py:266} INFO - Task exited with return code 0
[2026-08-24T07:48:48.035+0000] {taskinstance.py:3895} INFO - 0 downstream tasks scheduled from follow-on schedule check
[2026-08-24T07:48:48.041+0000] {local_task_job_runner.py:245} INFO - ::endgroup::
