[2026-08-24T07:40:16.651+0000] {local_task_job_runner.py:123} INFO - ::group::Pre task execution logs
[2026-08-24T07:40:16.795+0000] {taskinstance.py:2613} INFO - Dependencies all met for dep_context=non-requeueable deps ti=<TaskInstance: parallel_weather_dag.fetch_khon_kaen manual__2026-08-24T07:40:08.809736+00:00 [queued]>
[2026-08-24T07:40:16.918+0000] {taskinstance.py:2613} INFO - Dependencies all met for dep_context=requeueable deps ti=<TaskInstance: parallel_weather_dag.fetch_khon_kaen manual__2026-08-24T07:40:08.809736+00:00 [queued]>
[2026-08-24T07:40:16.932+0000] {taskinstance.py:2866} INFO - Starting attempt 1 of 2
[2026-08-24T07:40:17.050+0000] {taskinstance.py:2889} INFO - Executing <Task(PythonOperator): fetch_khon_kaen> on 2026-08-24 07:40:08.809736+00:00
[2026-08-24T07:40:17.145+0000] {standard_task_runner.py:104} INFO - Running: ['***', 'tasks', 'run', 'parallel_weather_dag', 'fetch_khon_kaen', 'manual__2026-08-24T07:40:08.809736+00:00', '--job-id', '10', '--raw', '--subdir', 'DAGS_FOLDER/04_parallel_weather.py', '--cfg-path', '/tmp/tmp1zw99ax2']
[2026-08-24T07:40:17.175+0000] {standard_task_runner.py:105} INFO - Job 10: Subtask fetch_khon_kaen
[2026-08-24T07:40:17.113+0000] {warnings.py:112} WARNING - /home/***/.local/lib/python3.12/site-packages/***/task/task_runner/standard_task_runner.py:70: DeprecationWarning: This process (pid=138) is multi-threaded, use of fork() may lead to deadlocks in the child.
  pid = os.fork()

[2026-08-24T07:40:17.229+0000] {standard_task_runner.py:72} INFO - Started process 145 to run task
[2026-08-24T07:40:18.157+0000] {task_command.py:467} INFO - Running <TaskInstance: parallel_weather_dag.fetch_khon_kaen manual__2026-08-24T07:40:08.809736+00:00 [running]> on host 5e50b3edd4b7
[2026-08-24T07:40:18.632+0000] {taskinstance.py:3132} INFO - Exporting env vars: AIRFLOW_CTX_DAG_OWNER='workshop' AIRFLOW_CTX_DAG_ID='parallel_weather_dag' AIRFLOW_CTX_TASK_ID='fetch_khon_kaen' AIRFLOW_CTX_EXECUTION_DATE='2026-08-24T07:40:08.809736+00:00' AIRFLOW_CTX_TRY_NUMBER='1' AIRFLOW_CTX_DAG_RUN_ID='manual__2026-08-24T07:40:08.809736+00:00'
[2026-08-24T07:40:18.637+0000] {taskinstance.py:731} INFO - ::endgroup::
[2026-08-24T07:40:19.706+0000] {logging_mixin.py:190} INFO - ขอนแก่น: อุณหภูมิปัจจุบัน 30.9 °C
[2026-08-24T07:40:19.785+0000] {python.py:240} INFO - Done. Returned value was: None
[2026-08-24T07:40:19.830+0000] {taskinstance.py:340} INFO - ::group::Post task execution logs
[2026-08-24T07:40:19.853+0000] {taskinstance.py:352} INFO - Marking task as SUCCESS. dag_id=parallel_weather_dag, task_id=fetch_khon_kaen, run_id=manual__2026-08-24T07:40:08.809736+00:00, execution_date=20260824T074008, start_date=20260824T074016, end_date=20260824T074019
[2026-08-24T07:40:19.963+0000] {local_task_job_runner.py:266} INFO - Task exited with return code 0
[2026-08-24T07:40:20.070+0000] {taskinstance.py:3895} INFO - 0 downstream tasks scheduled from follow-on schedule check
[2026-08-24T07:40:20.080+0000] {local_task_job_runner.py:245} INFO - ::endgroup::
