[2026-08-24T07:54:02.523+0000] {local_task_job_runner.py:123} INFO - ::group::Pre task execution logs
[2026-08-24T07:54:02.652+0000] {taskinstance.py:2613} INFO - Dependencies all met for dep_context=non-requeueable deps ti=<TaskInstance: etl_weather_postgres_dag.extract_khon_kaen manual__2026-08-24T07:53:58.742482+00:00 [queued]>
[2026-08-24T07:54:02.733+0000] {taskinstance.py:2613} INFO - Dependencies all met for dep_context=requeueable deps ti=<TaskInstance: etl_weather_postgres_dag.extract_khon_kaen manual__2026-08-24T07:53:58.742482+00:00 [queued]>
[2026-08-24T07:54:02.740+0000] {taskinstance.py:2866} INFO - Starting attempt 1 of 2
[2026-08-24T07:54:02.796+0000] {taskinstance.py:2889} INFO - Executing <Task(PythonOperator): extract_khon_kaen> on 2026-08-24 07:53:58.742482+00:00
[2026-08-24T07:54:02.830+0000] {warnings.py:112} WARNING - /home/***/.local/lib/python3.12/site-packages/***/task/task_runner/standard_task_runner.py:70: DeprecationWarning: This process (pid=320) is multi-threaded, use of fork() may lead to deadlocks in the child.
  pid = os.fork()

[2026-08-24T07:54:02.845+0000] {standard_task_runner.py:104} INFO - Running: ['***', 'tasks', 'run', 'etl_weather_postgres_dag', 'extract_khon_kaen', 'manual__2026-08-24T07:53:58.742482+00:00', '--job-id', '20', '--raw', '--subdir', 'DAGS_FOLDER/05_etl_weather_postgres.py', '--cfg-path', '/tmp/tmpftx3eunf']
[2026-08-24T07:54:02.855+0000] {standard_task_runner.py:72} INFO - Started process 325 to run task
[2026-08-24T07:54:02.865+0000] {standard_task_runner.py:105} INFO - Job 20: Subtask extract_khon_kaen
[2026-08-24T07:54:03.298+0000] {task_command.py:467} INFO - Running <TaskInstance: etl_weather_postgres_dag.extract_khon_kaen manual__2026-08-24T07:53:58.742482+00:00 [running]> on host 5e50b3edd4b7
[2026-08-24T07:54:03.946+0000] {taskinstance.py:3132} INFO - Exporting env vars: AIRFLOW_CTX_DAG_OWNER='workshop' AIRFLOW_CTX_DAG_ID='etl_weather_postgres_dag' AIRFLOW_CTX_TASK_ID='extract_khon_kaen' AIRFLOW_CTX_EXECUTION_DATE='2026-08-24T07:53:58.742482+00:00' AIRFLOW_CTX_TRY_NUMBER='1' AIRFLOW_CTX_DAG_RUN_ID='manual__2026-08-24T07:53:58.742482+00:00'
[2026-08-24T07:54:03.966+0000] {taskinstance.py:731} INFO - ::endgroup::
[2026-08-24T07:54:04.968+0000] {logging_mixin.py:190} INFO - ดึงข้อมูล ขอนแก่น สำเร็จ: {'province': 'ขอนแก่น', 'temperature': 30.8, 'windspeed': 20.1, 'weathercode': 3, 'recorded_at': '2026-08-24T14:45'}
[2026-08-24T07:54:05.091+0000] {python.py:240} INFO - Done. Returned value was: None
[2026-08-24T07:54:05.166+0000] {taskinstance.py:340} INFO - ::group::Post task execution logs
[2026-08-24T07:54:05.175+0000] {taskinstance.py:352} INFO - Marking task as SUCCESS. dag_id=etl_weather_postgres_dag, task_id=extract_khon_kaen, run_id=manual__2026-08-24T07:53:58.742482+00:00, execution_date=20260824T075358, start_date=20260824T075402, end_date=20260824T075405
[2026-08-24T07:54:05.287+0000] {local_task_job_runner.py:266} INFO - Task exited with return code 0
[2026-08-24T07:54:05.450+0000] {taskinstance.py:3895} INFO - 0 downstream tasks scheduled from follow-on schedule check
[2026-08-24T07:54:05.506+0000] {local_task_job_runner.py:245} INFO - ::endgroup::
