[2026-08-24T07:48:55.828+0000] {local_task_job_runner.py:123} INFO - ::group::Pre task execution logs
[2026-08-24T07:48:55.915+0000] {taskinstance.py:2613} INFO - Dependencies all met for dep_context=non-requeueable deps ti=<TaskInstance: etl_weather_postgres_dag.load_to_postgres manual__2026-08-24T07:48:32.498888+00:00 [queued]>
[2026-08-24T07:48:55.958+0000] {taskinstance.py:2613} INFO - Dependencies all met for dep_context=requeueable deps ti=<TaskInstance: etl_weather_postgres_dag.load_to_postgres manual__2026-08-24T07:48:32.498888+00:00 [queued]>
[2026-08-24T07:48:55.962+0000] {taskinstance.py:2866} INFO - Starting attempt 1 of 2
[2026-08-24T07:48:56.020+0000] {taskinstance.py:2889} INFO - Executing <Task(PythonOperator): load_to_postgres> on 2026-08-24 07:48:32.498888+00:00
[2026-08-24T07:48:56.049+0000] {warnings.py:112} WARNING - /home/***/.local/lib/python3.12/site-packages/***/task/task_runner/standard_task_runner.py:70: DeprecationWarning: This process (pid=258) is multi-threaded, use of fork() may lead to deadlocks in the child.
  pid = os.fork()

[2026-08-24T07:48:56.061+0000] {standard_task_runner.py:104} INFO - Running: ['***', 'tasks', 'run', 'etl_weather_postgres_dag', 'load_to_postgres', 'manual__2026-08-24T07:48:32.498888+00:00', '--job-id', '18', '--raw', '--subdir', 'DAGS_FOLDER/05_etl_weather_postgres.py', '--cfg-path', '/tmp/tmp4rrx1jua']
[2026-08-24T07:48:56.077+0000] {standard_task_runner.py:105} INFO - Job 18: Subtask load_to_postgres
[2026-08-24T07:48:56.071+0000] {standard_task_runner.py:72} INFO - Started process 259 to run task
[2026-08-24T07:48:56.421+0000] {task_command.py:467} INFO - Running <TaskInstance: etl_weather_postgres_dag.load_to_postgres manual__2026-08-24T07:48:32.498888+00:00 [running]> on host 5e50b3edd4b7
[2026-08-24T07:48:56.823+0000] {taskinstance.py:3132} INFO - Exporting env vars: AIRFLOW_CTX_DAG_OWNER='workshop' AIRFLOW_CTX_DAG_ID='etl_weather_postgres_dag' AIRFLOW_CTX_TASK_ID='load_to_postgres' AIRFLOW_CTX_EXECUTION_DATE='2026-08-24T07:48:32.498888+00:00' AIRFLOW_CTX_TRY_NUMBER='1' AIRFLOW_CTX_DAG_RUN_ID='manual__2026-08-24T07:48:32.498888+00:00'
[2026-08-24T07:48:56.835+0000] {taskinstance.py:731} INFO - ::endgroup::
[2026-08-24T07:48:56.993+0000] {base.py:84} INFO - Retrieving connection 'postgres_target'
[2026-08-24T07:48:57.050+0000] {sql.py:681} INFO - Loaded 4 rows into weather_records so far
[2026-08-24T07:48:57.060+0000] {sql.py:694} INFO - Done loading. Loaded a total of 4 rows into weather_records
[2026-08-24T07:48:57.062+0000] {logging_mixin.py:190} INFO - บันทึกลง Postgres สำเร็จ 4 แถว
[2026-08-24T07:48:57.065+0000] {python.py:240} INFO - Done. Returned value was: None
[2026-08-24T07:48:57.150+0000] {taskinstance.py:340} INFO - ::group::Post task execution logs
[2026-08-24T07:48:57.160+0000] {taskinstance.py:352} INFO - Marking task as SUCCESS. dag_id=etl_weather_postgres_dag, task_id=load_to_postgres, run_id=manual__2026-08-24T07:48:32.498888+00:00, execution_date=20260824T074832, start_date=20260824T074855, end_date=20260824T074857
[2026-08-24T07:48:57.257+0000] {local_task_job_runner.py:266} INFO - Task exited with return code 0
[2026-08-24T07:48:57.381+0000] {taskinstance.py:3895} INFO - 0 downstream tasks scheduled from follow-on schedule check
[2026-08-24T07:48:57.393+0000] {local_task_job_runner.py:245} INFO - ::endgroup::
