[2026-08-24T07:40:24.269+0000] {local_task_job_runner.py:123} INFO - ::group::Pre task execution logs
[2026-08-24T07:40:24.343+0000] {taskinstance.py:2613} INFO - Dependencies all met for dep_context=non-requeueable deps ti=<TaskInstance: parallel_weather_dag.summarize_weather manual__2026-08-24T07:40:08.809736+00:00 [queued]>
[2026-08-24T07:40:24.379+0000] {taskinstance.py:2613} INFO - Dependencies all met for dep_context=requeueable deps ti=<TaskInstance: parallel_weather_dag.summarize_weather manual__2026-08-24T07:40:08.809736+00:00 [queued]>
[2026-08-24T07:40:24.381+0000] {taskinstance.py:2866} INFO - Starting attempt 1 of 2
[2026-08-24T07:40:24.434+0000] {taskinstance.py:2889} INFO - Executing <Task(PythonOperator): summarize_weather> on 2026-08-24 07:40:08.809736+00:00
[2026-08-24T07:40:24.454+0000] {warnings.py:112} WARNING - /home/***/.local/lib/python3.12/site-packages/***/task/task_runner/standard_task_runner.py:70: DeprecationWarning: This process (pid=147) is multi-threaded, use of fork() may lead to deadlocks in the child.
  pid = os.fork()

[2026-08-24T07:40:24.459+0000] {standard_task_runner.py:72} INFO - Started process 148 to run task
[2026-08-24T07:40:24.458+0000] {standard_task_runner.py:104} INFO - Running: ['***', 'tasks', 'run', 'parallel_weather_dag', 'summarize_weather', 'manual__2026-08-24T07:40:08.809736+00:00', '--job-id', '11', '--raw', '--subdir', 'DAGS_FOLDER/04_parallel_weather.py', '--cfg-path', '/tmp/tmpt6t2jgh3']
[2026-08-24T07:40:24.464+0000] {standard_task_runner.py:105} INFO - Job 11: Subtask summarize_weather
[2026-08-24T07:40:24.679+0000] {task_command.py:467} INFO - Running <TaskInstance: parallel_weather_dag.summarize_weather manual__2026-08-24T07:40:08.809736+00:00 [running]> on host 5e50b3edd4b7
[2026-08-24T07:40:25.085+0000] {taskinstance.py:3132} INFO - Exporting env vars: AIRFLOW_CTX_DAG_OWNER='workshop' AIRFLOW_CTX_DAG_ID='parallel_weather_dag' AIRFLOW_CTX_TASK_ID='summarize_weather' AIRFLOW_CTX_EXECUTION_DATE='2026-08-24T07:40:08.809736+00:00' AIRFLOW_CTX_TRY_NUMBER='1' AIRFLOW_CTX_DAG_RUN_ID='manual__2026-08-24T07:40:08.809736+00:00'
[2026-08-24T07:40:25.090+0000] {taskinstance.py:731} INFO - ::endgroup::
[2026-08-24T07:40:25.205+0000] {logging_mixin.py:190} INFO - กรุงเทพฯ: 32.6 °C
[2026-08-24T07:40:25.249+0000] {logging_mixin.py:190} INFO - เชียงใหม่: 29.7 °C
[2026-08-24T07:40:25.295+0000] {logging_mixin.py:190} INFO - ขอนแก่น: 30.9 °C
[2026-08-24T07:40:25.338+0000] {logging_mixin.py:190} INFO - ภูเก็ต: 26.5 °C
[2026-08-24T07:40:25.343+0000] {logging_mixin.py:190} INFO - ===== สรุปผล =====
[2026-08-24T07:40:25.347+0000] {logging_mixin.py:190} INFO - จังหวัดที่ร้อนที่สุดตอนนี้: กรุงเทพฯ (32.6 °C)
[2026-08-24T07:40:25.350+0000] {logging_mixin.py:190} INFO - จังหวัดที่เย็นที่สุดตอนนี้: ภูเก็ต (26.5 °C)
[2026-08-24T07:40:25.352+0000] {python.py:240} INFO - Done. Returned value was: None
[2026-08-24T07:40:25.427+0000] {taskinstance.py:340} INFO - ::group::Post task execution logs
[2026-08-24T07:40:25.429+0000] {taskinstance.py:352} INFO - Marking task as SUCCESS. dag_id=parallel_weather_dag, task_id=summarize_weather, run_id=manual__2026-08-24T07:40:08.809736+00:00, execution_date=20260824T074008, start_date=20260824T074024, end_date=20260824T074025
[2026-08-24T07:40:25.499+0000] {local_task_job_runner.py:266} INFO - Task exited with return code 0
[2026-08-24T07:40:25.563+0000] {taskinstance.py:3895} INFO - 0 downstream tasks scheduled from follow-on schedule check
[2026-08-24T07:40:25.567+0000] {local_task_job_runner.py:245} INFO - ::endgroup::
