[2026-08-24T07:54:09.042+0000] {local_task_job_runner.py:123} INFO - ::group::Pre task execution logs
[2026-08-24T07:54:09.078+0000] {taskinstance.py:2613} INFO - Dependencies all met for dep_context=non-requeueable deps ti=<TaskInstance: etl_weather_postgres_dag.transform_weather manual__2026-08-24T07:53:58.742482+00:00 [queued]>
[2026-08-24T07:54:09.098+0000] {taskinstance.py:2613} INFO - Dependencies all met for dep_context=requeueable deps ti=<TaskInstance: etl_weather_postgres_dag.transform_weather manual__2026-08-24T07:53:58.742482+00:00 [queued]>
[2026-08-24T07:54:09.099+0000] {taskinstance.py:2866} INFO - Starting attempt 1 of 2
[2026-08-24T07:54:09.124+0000] {taskinstance.py:2889} INFO - Executing <Task(PythonOperator): transform_weather> on 2026-08-24 07:53:58.742482+00:00
[2026-08-24T07:54:09.139+0000] {warnings.py:112} WARNING - /home/***/.local/lib/python3.12/site-packages/***/task/task_runner/standard_task_runner.py:70: DeprecationWarning: This process (pid=335) is multi-threaded, use of fork() may lead to deadlocks in the child.
  pid = os.fork()

[2026-08-24T07:54:09.140+0000] {standard_task_runner.py:104} INFO - Running: ['***', 'tasks', 'run', 'etl_weather_postgres_dag', 'transform_weather', 'manual__2026-08-24T07:53:58.742482+00:00', '--job-id', '25', '--raw', '--subdir', 'DAGS_FOLDER/05_etl_weather_postgres.py', '--cfg-path', '/tmp/tmpk7ocsl8k']
[2026-08-24T07:54:09.144+0000] {standard_task_runner.py:72} INFO - Started process 336 to run task
[2026-08-24T07:54:09.146+0000] {standard_task_runner.py:105} INFO - Job 25: Subtask transform_weather
[2026-08-24T07:54:09.297+0000] {task_command.py:467} INFO - Running <TaskInstance: etl_weather_postgres_dag.transform_weather manual__2026-08-24T07:53:58.742482+00:00 [running]> on host 5e50b3edd4b7
[2026-08-24T07:54:09.459+0000] {taskinstance.py:3132} INFO - Exporting env vars: AIRFLOW_CTX_DAG_OWNER='workshop' AIRFLOW_CTX_DAG_ID='etl_weather_postgres_dag' AIRFLOW_CTX_TASK_ID='transform_weather' AIRFLOW_CTX_EXECUTION_DATE='2026-08-24T07:53:58.742482+00:00' AIRFLOW_CTX_TRY_NUMBER='1' AIRFLOW_CTX_DAG_RUN_ID='manual__2026-08-24T07:53:58.742482+00:00'
[2026-08-24T07:54:09.463+0000] {taskinstance.py:731} INFO - ::endgroup::
[2026-08-24T07:54:09.510+0000] {logging_mixin.py:190} INFO - แปลงข้อมูล กรุงเทพฯ: 32.8 °C -> ร้อน
[2026-08-24T07:54:09.532+0000] {logging_mixin.py:190} INFO - แปลงข้อมูล เชียงใหม่: 30.1 °C -> ร้อน
[2026-08-24T07:54:09.555+0000] {logging_mixin.py:190} INFO - แปลงข้อมูล ขอนแก่น: 30.8 °C -> ร้อน
[2026-08-24T07:54:09.575+0000] {logging_mixin.py:190} INFO - แปลงข้อมูล ภูเก็ต: 26.7 °C -> อากาศดี
[2026-08-24T07:54:09.613+0000] {logging_mixin.py:190} INFO - แปลงข้อมูลครบ 4 จังหวัด
[2026-08-24T07:54:09.632+0000] {python.py:240} INFO - Done. Returned value was: None
[2026-08-24T07:54:09.664+0000] {taskinstance.py:340} INFO - ::group::Post task execution logs
[2026-08-24T07:54:09.666+0000] {taskinstance.py:352} INFO - Marking task as SUCCESS. dag_id=etl_weather_postgres_dag, task_id=transform_weather, run_id=manual__2026-08-24T07:53:58.742482+00:00, execution_date=20260824T075358, start_date=20260824T075409, end_date=20260824T075409
[2026-08-24T07:54:09.736+0000] {local_task_job_runner.py:266} INFO - Task exited with return code 0
[2026-08-24T07:54:09.776+0000] {taskinstance.py:3895} INFO - 1 downstream tasks scheduled from follow-on schedule check
[2026-08-24T07:54:09.780+0000] {local_task_job_runner.py:245} INFO - ::endgroup::
