[2026-08-24T07:14:32.695+0000] {processor.py:186} INFO - Started process (PID=104) to work on /opt/airflow/dags/01_hello_dag.py
[2026-08-24T07:14:32.698+0000] {processor.py:914} INFO - Processing file /opt/airflow/dags/01_hello_dag.py for tasks to queue
[2026-08-24T07:14:32.710+0000] {logging_mixin.py:190} INFO - [2026-08-24T07:14:32.709+0000] {dagbag.py:588} INFO - Filling up the DagBag from /opt/airflow/dags/01_hello_dag.py
[2026-08-24T07:14:33.669+0000] {processor.py:925} INFO - DAG(s) 'hello_dag' retrieved from /opt/airflow/dags/01_hello_dag.py
[2026-08-24T07:14:38.055+0000] {logging_mixin.py:190} INFO - [2026-08-24T07:14:37.988+0000] {override.py:1911} INFO - Created Permission View: can edit on DAG:hello_dag
[2026-08-24T07:14:38.467+0000] {logging_mixin.py:190} INFO - [2026-08-24T07:14:38.467+0000] {override.py:1911} INFO - Created Permission View: can delete on DAG:hello_dag
[2026-08-24T07:14:38.806+0000] {logging_mixin.py:190} INFO - [2026-08-24T07:14:38.805+0000] {override.py:1911} INFO - Created Permission View: can read on DAG:hello_dag
[2026-08-24T07:14:38.899+0000] {logging_mixin.py:190} INFO - [2026-08-24T07:14:38.898+0000] {override.py:1911} INFO - Created Permission View: can create on DAG Run:hello_dag
[2026-08-24T07:14:39.068+0000] {logging_mixin.py:190} INFO - [2026-08-24T07:14:39.067+0000] {override.py:1911} INFO - Created Permission View: menu access on DAG Run:hello_dag
[2026-08-24T07:14:39.179+0000] {logging_mixin.py:190} INFO - [2026-08-24T07:14:39.178+0000] {override.py:1911} INFO - Created Permission View: can delete on DAG Run:hello_dag
[2026-08-24T07:14:39.450+0000] {logging_mixin.py:190} INFO - [2026-08-24T07:14:39.449+0000] {override.py:1911} INFO - Created Permission View: can read on DAG Run:hello_dag
[2026-08-24T07:14:39.534+0000] {logging_mixin.py:190} INFO - [2026-08-24T07:14:39.534+0000] {dag.py:3239} INFO - Sync 1 DAGs
[2026-08-24T07:14:39.836+0000] {logging_mixin.py:190} INFO - [2026-08-24T07:14:39.836+0000] {dag.py:3262} INFO - Creating ORM DAG for hello_dag
[2026-08-24T07:14:39.867+0000] {logging_mixin.py:190} INFO - [2026-08-24T07:14:39.867+0000] {dag.py:4180} INFO - Setting next_dagrun for hello_dag to None, run_after=None
[2026-08-24T07:14:40.293+0000] {processor.py:208} INFO - Processing /opt/airflow/dags/01_hello_dag.py took 7.690 seconds
[2026-08-24T07:18:49.635+0000] {processor.py:186} INFO - Started process (PID=94) to work on /opt/airflow/dags/01_hello_dag.py
[2026-08-24T07:18:49.639+0000] {processor.py:914} INFO - Processing file /opt/airflow/dags/01_hello_dag.py for tasks to queue
[2026-08-24T07:18:49.645+0000] {logging_mixin.py:190} INFO - [2026-08-24T07:18:49.644+0000] {dagbag.py:588} INFO - Filling up the DagBag from /opt/airflow/dags/01_hello_dag.py
[2026-08-24T07:18:49.730+0000] {processor.py:925} INFO - DAG(s) 'hello_dag' retrieved from /opt/airflow/dags/01_hello_dag.py
[2026-08-24T07:18:50.661+0000] {logging_mixin.py:190} INFO - [2026-08-24T07:18:50.660+0000] {override.py:1911} INFO - Created Permission View: can read on DAG:hello_dag
[2026-08-24T07:18:50.690+0000] {logging_mixin.py:190} INFO - [2026-08-24T07:18:50.687+0000] {override.py:1911} INFO - Created Permission View: can edit on DAG:hello_dag
[2026-08-24T07:18:50.716+0000] {logging_mixin.py:190} INFO - [2026-08-24T07:18:50.716+0000] {override.py:1911} INFO - Created Permission View: can delete on DAG:hello_dag
[2026-08-24T07:18:50.735+0000] {logging_mixin.py:190} INFO - [2026-08-24T07:18:50.734+0000] {override.py:1911} INFO - Created Permission View: can read on DAG Run:hello_dag
[2026-08-24T07:18:50.755+0000] {logging_mixin.py:190} INFO - [2026-08-24T07:18:50.754+0000] {override.py:1911} INFO - Created Permission View: can create on DAG Run:hello_dag
[2026-08-24T07:18:50.775+0000] {logging_mixin.py:190} INFO - [2026-08-24T07:18:50.774+0000] {override.py:1911} INFO - Created Permission View: menu access on DAG Run:hello_dag
[2026-08-24T07:18:50.795+0000] {logging_mixin.py:190} INFO - [2026-08-24T07:18:50.794+0000] {override.py:1911} INFO - Created Permission View: can delete on DAG Run:hello_dag
[2026-08-24T07:18:50.797+0000] {logging_mixin.py:190} INFO - [2026-08-24T07:18:50.797+0000] {dag.py:3239} INFO - Sync 1 DAGs
[2026-08-24T07:18:50.880+0000] {logging_mixin.py:190} INFO - [2026-08-24T07:18:50.879+0000] {dag.py:3262} INFO - Creating ORM DAG for hello_dag
[2026-08-24T07:18:50.892+0000] {logging_mixin.py:190} INFO - [2026-08-24T07:18:50.887+0000] {dag.py:4180} INFO - Setting next_dagrun for hello_dag to None, run_after=None
[2026-08-24T07:18:51.250+0000] {processor.py:208} INFO - Processing /opt/airflow/dags/01_hello_dag.py took 1.638 seconds
[2026-08-24T07:19:21.516+0000] {processor.py:186} INFO - Started process (PID=101) to work on /opt/airflow/dags/01_hello_dag.py
[2026-08-24T07:19:21.523+0000] {processor.py:914} INFO - Processing file /opt/airflow/dags/01_hello_dag.py for tasks to queue
[2026-08-24T07:19:21.543+0000] {logging_mixin.py:190} INFO - [2026-08-24T07:19:21.541+0000] {dagbag.py:588} INFO - Filling up the DagBag from /opt/airflow/dags/01_hello_dag.py
[2026-08-24T07:19:21.618+0000] {processor.py:925} INFO - DAG(s) 'hello_dag' retrieved from /opt/airflow/dags/01_hello_dag.py
[2026-08-24T07:19:21.744+0000] {logging_mixin.py:190} INFO - [2026-08-24T07:19:21.744+0000] {dag.py:3239} INFO - Sync 1 DAGs
[2026-08-24T07:19:21.804+0000] {logging_mixin.py:190} INFO - [2026-08-24T07:19:21.803+0000] {dag.py:4180} INFO - Setting next_dagrun for hello_dag to None, run_after=None
[2026-08-24T07:19:21.861+0000] {processor.py:208} INFO - Processing /opt/airflow/dags/01_hello_dag.py took 0.367 seconds
[2026-08-24T07:19:52.151+0000] {processor.py:186} INFO - Started process (PID=107) to work on /opt/airflow/dags/01_hello_dag.py
[2026-08-24T07:19:52.153+0000] {processor.py:914} INFO - Processing file /opt/airflow/dags/01_hello_dag.py for tasks to queue
[2026-08-24T07:19:52.163+0000] {logging_mixin.py:190} INFO - [2026-08-24T07:19:52.162+0000] {dagbag.py:588} INFO - Filling up the DagBag from /opt/airflow/dags/01_hello_dag.py
[2026-08-24T07:19:52.214+0000] {processor.py:925} INFO - DAG(s) 'hello_dag' retrieved from /opt/airflow/dags/01_hello_dag.py
[2026-08-24T07:19:52.257+0000] {logging_mixin.py:190} INFO - [2026-08-24T07:19:52.257+0000] {dag.py:3239} INFO - Sync 1 DAGs
[2026-08-24T07:19:52.283+0000] {logging_mixin.py:190} INFO - [2026-08-24T07:19:52.283+0000] {dag.py:4180} INFO - Setting next_dagrun for hello_dag to None, run_after=None
[2026-08-24T07:19:52.316+0000] {processor.py:208} INFO - Processing /opt/airflow/dags/01_hello_dag.py took 0.185 seconds
[2026-08-24T07:20:22.540+0000] {processor.py:186} INFO - Started process (PID=114) to work on /opt/airflow/dags/01_hello_dag.py
[2026-08-24T07:20:22.542+0000] {processor.py:914} INFO - Processing file /opt/airflow/dags/01_hello_dag.py for tasks to queue
[2026-08-24T07:20:22.546+0000] {logging_mixin.py:190} INFO - [2026-08-24T07:20:22.546+0000] {dagbag.py:588} INFO - Filling up the DagBag from /opt/airflow/dags/01_hello_dag.py
[2026-08-24T07:20:22.581+0000] {processor.py:925} INFO - DAG(s) 'hello_dag' retrieved from /opt/airflow/dags/01_hello_dag.py
[2026-08-24T07:20:22.649+0000] {logging_mixin.py:190} INFO - [2026-08-24T07:20:22.649+0000] {dag.py:3239} INFO - Sync 1 DAGs
[2026-08-24T07:20:22.700+0000] {logging_mixin.py:190} INFO - [2026-08-24T07:20:22.699+0000] {dag.py:4180} INFO - Setting next_dagrun for hello_dag to None, run_after=None
[2026-08-24T07:20:22.807+0000] {processor.py:208} INFO - Processing /opt/airflow/dags/01_hello_dag.py took 0.275 seconds
[2026-08-24T07:20:53.226+0000] {processor.py:186} INFO - Started process (PID=121) to work on /opt/airflow/dags/01_hello_dag.py
[2026-08-24T07:20:53.229+0000] {processor.py:914} INFO - Processing file /opt/airflow/dags/01_hello_dag.py for tasks to queue
[2026-08-24T07:20:53.241+0000] {logging_mixin.py:190} INFO - [2026-08-24T07:20:53.240+0000] {dagbag.py:588} INFO - Filling up the DagBag from /opt/airflow/dags/01_hello_dag.py
[2026-08-24T07:20:53.291+0000] {processor.py:925} INFO - DAG(s) 'hello_dag' retrieved from /opt/airflow/dags/01_hello_dag.py
[2026-08-24T07:20:53.353+0000] {logging_mixin.py:190} INFO - [2026-08-24T07:20:53.353+0000] {dag.py:3239} INFO - Sync 1 DAGs
[2026-08-24T07:20:53.385+0000] {logging_mixin.py:190} INFO - [2026-08-24T07:20:53.385+0000] {dag.py:4180} INFO - Setting next_dagrun for hello_dag to None, run_after=None
[2026-08-24T07:20:53.420+0000] {processor.py:208} INFO - Processing /opt/airflow/dags/01_hello_dag.py took 0.209 seconds
[2026-08-24T07:21:23.519+0000] {processor.py:186} INFO - Started process (PID=128) to work on /opt/airflow/dags/01_hello_dag.py
[2026-08-24T07:21:23.523+0000] {processor.py:914} INFO - Processing file /opt/airflow/dags/01_hello_dag.py for tasks to queue
[2026-08-24T07:21:23.533+0000] {logging_mixin.py:190} INFO - [2026-08-24T07:21:23.532+0000] {dagbag.py:588} INFO - Filling up the DagBag from /opt/airflow/dags/01_hello_dag.py
[2026-08-24T07:21:23.588+0000] {processor.py:925} INFO - DAG(s) 'hello_dag' retrieved from /opt/airflow/dags/01_hello_dag.py
[2026-08-24T07:21:23.669+0000] {logging_mixin.py:190} INFO - [2026-08-24T07:21:23.669+0000] {dag.py:3239} INFO - Sync 1 DAGs
[2026-08-24T07:21:23.707+0000] {logging_mixin.py:190} INFO - [2026-08-24T07:21:23.706+0000] {dag.py:4180} INFO - Setting next_dagrun for hello_dag to None, run_after=None
[2026-08-24T07:21:23.763+0000] {processor.py:208} INFO - Processing /opt/airflow/dags/01_hello_dag.py took 0.256 seconds
[2026-08-24T07:21:54.022+0000] {processor.py:186} INFO - Started process (PID=135) to work on /opt/airflow/dags/01_hello_dag.py
[2026-08-24T07:21:54.025+0000] {processor.py:914} INFO - Processing file /opt/airflow/dags/01_hello_dag.py for tasks to queue
[2026-08-24T07:21:54.031+0000] {logging_mixin.py:190} INFO - [2026-08-24T07:21:54.030+0000] {dagbag.py:588} INFO - Filling up the DagBag from /opt/airflow/dags/01_hello_dag.py
[2026-08-24T07:21:54.061+0000] {processor.py:925} INFO - DAG(s) 'hello_dag' retrieved from /opt/airflow/dags/01_hello_dag.py
[2026-08-24T07:21:54.097+0000] {logging_mixin.py:190} INFO - [2026-08-24T07:21:54.097+0000] {dag.py:3239} INFO - Sync 1 DAGs
[2026-08-24T07:21:54.119+0000] {logging_mixin.py:190} INFO - [2026-08-24T07:21:54.119+0000] {dag.py:4180} INFO - Setting next_dagrun for hello_dag to None, run_after=None
[2026-08-24T07:21:54.148+0000] {processor.py:208} INFO - Processing /opt/airflow/dags/01_hello_dag.py took 0.134 seconds
[2026-08-24T07:22:24.346+0000] {processor.py:186} INFO - Started process (PID=142) to work on /opt/airflow/dags/01_hello_dag.py
[2026-08-24T07:22:24.348+0000] {processor.py:914} INFO - Processing file /opt/airflow/dags/01_hello_dag.py for tasks to queue
[2026-08-24T07:22:24.353+0000] {logging_mixin.py:190} INFO - [2026-08-24T07:22:24.352+0000] {dagbag.py:588} INFO - Filling up the DagBag from /opt/airflow/dags/01_hello_dag.py
[2026-08-24T07:22:24.382+0000] {processor.py:925} INFO - DAG(s) 'hello_dag' retrieved from /opt/airflow/dags/01_hello_dag.py
[2026-08-24T07:22:24.422+0000] {logging_mixin.py:190} INFO - [2026-08-24T07:22:24.421+0000] {dag.py:3239} INFO - Sync 1 DAGs
[2026-08-24T07:22:24.442+0000] {logging_mixin.py:190} INFO - [2026-08-24T07:22:24.442+0000] {dag.py:4180} INFO - Setting next_dagrun for hello_dag to None, run_after=None
[2026-08-24T07:22:24.471+0000] {processor.py:208} INFO - Processing /opt/airflow/dags/01_hello_dag.py took 0.132 seconds
[2026-08-24T07:22:54.667+0000] {processor.py:186} INFO - Started process (PID=149) to work on /opt/airflow/dags/01_hello_dag.py
[2026-08-24T07:22:54.669+0000] {processor.py:914} INFO - Processing file /opt/airflow/dags/01_hello_dag.py for tasks to queue
[2026-08-24T07:22:54.675+0000] {logging_mixin.py:190} INFO - [2026-08-24T07:22:54.675+0000] {dagbag.py:588} INFO - Filling up the DagBag from /opt/airflow/dags/01_hello_dag.py
[2026-08-24T07:22:54.709+0000] {processor.py:925} INFO - DAG(s) 'hello_dag' retrieved from /opt/airflow/dags/01_hello_dag.py
[2026-08-24T07:22:54.752+0000] {logging_mixin.py:190} INFO - [2026-08-24T07:22:54.752+0000] {dag.py:3239} INFO - Sync 1 DAGs
[2026-08-24T07:22:54.774+0000] {logging_mixin.py:190} INFO - [2026-08-24T07:22:54.774+0000] {dag.py:4180} INFO - Setting next_dagrun for hello_dag to None, run_after=None
[2026-08-24T07:22:54.815+0000] {processor.py:208} INFO - Processing /opt/airflow/dags/01_hello_dag.py took 0.157 seconds
[2026-08-24T07:23:25.224+0000] {processor.py:186} INFO - Started process (PID=156) to work on /opt/airflow/dags/01_hello_dag.py
[2026-08-24T07:23:25.226+0000] {processor.py:914} INFO - Processing file /opt/airflow/dags/01_hello_dag.py for tasks to queue
[2026-08-24T07:23:25.232+0000] {logging_mixin.py:190} INFO - [2026-08-24T07:23:25.232+0000] {dagbag.py:588} INFO - Filling up the DagBag from /opt/airflow/dags/01_hello_dag.py
[2026-08-24T07:23:25.264+0000] {processor.py:925} INFO - DAG(s) 'hello_dag' retrieved from /opt/airflow/dags/01_hello_dag.py
[2026-08-24T07:23:25.313+0000] {logging_mixin.py:190} INFO - [2026-08-24T07:23:25.313+0000] {dag.py:3239} INFO - Sync 1 DAGs
[2026-08-24T07:23:25.344+0000] {logging_mixin.py:190} INFO - [2026-08-24T07:23:25.344+0000] {dag.py:4180} INFO - Setting next_dagrun for hello_dag to None, run_after=None
[2026-08-24T07:23:25.388+0000] {processor.py:208} INFO - Processing /opt/airflow/dags/01_hello_dag.py took 0.171 seconds
[2026-08-24T07:23:55.649+0000] {processor.py:186} INFO - Started process (PID=163) to work on /opt/airflow/dags/01_hello_dag.py
[2026-08-24T07:23:55.651+0000] {processor.py:914} INFO - Processing file /opt/airflow/dags/01_hello_dag.py for tasks to queue
[2026-08-24T07:23:55.655+0000] {logging_mixin.py:190} INFO - [2026-08-24T07:23:55.655+0000] {dagbag.py:588} INFO - Filling up the DagBag from /opt/airflow/dags/01_hello_dag.py
[2026-08-24T07:23:55.693+0000] {processor.py:925} INFO - DAG(s) 'hello_dag' retrieved from /opt/airflow/dags/01_hello_dag.py
[2026-08-24T07:23:55.740+0000] {logging_mixin.py:190} INFO - [2026-08-24T07:23:55.740+0000] {dag.py:3239} INFO - Sync 1 DAGs
[2026-08-24T07:23:55.766+0000] {logging_mixin.py:190} INFO - [2026-08-24T07:23:55.766+0000] {dag.py:4180} INFO - Setting next_dagrun for hello_dag to None, run_after=None
[2026-08-24T07:23:55.800+0000] {processor.py:208} INFO - Processing /opt/airflow/dags/01_hello_dag.py took 0.160 seconds
[2026-08-24T07:24:26.232+0000] {processor.py:186} INFO - Started process (PID=170) to work on /opt/airflow/dags/01_hello_dag.py
[2026-08-24T07:24:26.234+0000] {processor.py:914} INFO - Processing file /opt/airflow/dags/01_hello_dag.py for tasks to queue
[2026-08-24T07:24:26.239+0000] {logging_mixin.py:190} INFO - [2026-08-24T07:24:26.238+0000] {dagbag.py:588} INFO - Filling up the DagBag from /opt/airflow/dags/01_hello_dag.py
[2026-08-24T07:24:26.276+0000] {processor.py:925} INFO - DAG(s) 'hello_dag' retrieved from /opt/airflow/dags/01_hello_dag.py
[2026-08-24T07:24:26.319+0000] {logging_mixin.py:190} INFO - [2026-08-24T07:24:26.318+0000] {dag.py:3239} INFO - Sync 1 DAGs
[2026-08-24T07:24:26.592+0000] {logging_mixin.py:190} INFO - [2026-08-24T07:24:26.592+0000] {dag.py:4180} INFO - Setting next_dagrun for hello_dag to None, run_after=None
[2026-08-24T07:24:26.619+0000] {processor.py:208} INFO - Processing /opt/airflow/dags/01_hello_dag.py took 0.397 seconds
[2026-08-24T07:24:57.071+0000] {processor.py:186} INFO - Started process (PID=177) to work on /opt/airflow/dags/01_hello_dag.py
[2026-08-24T07:24:57.073+0000] {processor.py:914} INFO - Processing file /opt/airflow/dags/01_hello_dag.py for tasks to queue
[2026-08-24T07:24:57.080+0000] {logging_mixin.py:190} INFO - [2026-08-24T07:24:57.078+0000] {dagbag.py:588} INFO - Filling up the DagBag from /opt/airflow/dags/01_hello_dag.py
[2026-08-24T07:24:57.120+0000] {processor.py:925} INFO - DAG(s) 'hello_dag' retrieved from /opt/airflow/dags/01_hello_dag.py
[2026-08-24T07:24:57.193+0000] {logging_mixin.py:190} INFO - [2026-08-24T07:24:57.193+0000] {dag.py:3239} INFO - Sync 1 DAGs
[2026-08-24T07:24:57.531+0000] {logging_mixin.py:190} INFO - [2026-08-24T07:24:57.531+0000] {dag.py:4180} INFO - Setting next_dagrun for hello_dag to None, run_after=None
[2026-08-24T07:24:57.572+0000] {processor.py:208} INFO - Processing /opt/airflow/dags/01_hello_dag.py took 0.511 seconds
[2026-08-24T07:25:27.908+0000] {processor.py:186} INFO - Started process (PID=184) to work on /opt/airflow/dags/01_hello_dag.py
[2026-08-24T07:25:27.910+0000] {processor.py:914} INFO - Processing file /opt/airflow/dags/01_hello_dag.py for tasks to queue
[2026-08-24T07:25:27.914+0000] {logging_mixin.py:190} INFO - [2026-08-24T07:25:27.913+0000] {dagbag.py:588} INFO - Filling up the DagBag from /opt/airflow/dags/01_hello_dag.py
[2026-08-24T07:25:27.943+0000] {processor.py:925} INFO - DAG(s) 'hello_dag' retrieved from /opt/airflow/dags/01_hello_dag.py
[2026-08-24T07:25:27.993+0000] {logging_mixin.py:190} INFO - [2026-08-24T07:25:27.993+0000] {dag.py:3239} INFO - Sync 1 DAGs
[2026-08-24T07:25:28.021+0000] {logging_mixin.py:190} INFO - [2026-08-24T07:25:28.021+0000] {dag.py:4180} INFO - Setting next_dagrun for hello_dag to None, run_after=None
[2026-08-24T07:25:28.052+0000] {processor.py:208} INFO - Processing /opt/airflow/dags/01_hello_dag.py took 0.152 seconds
[2026-08-24T07:25:58.363+0000] {processor.py:186} INFO - Started process (PID=191) to work on /opt/airflow/dags/01_hello_dag.py
[2026-08-24T07:25:58.365+0000] {processor.py:914} INFO - Processing file /opt/airflow/dags/01_hello_dag.py for tasks to queue
[2026-08-24T07:25:58.372+0000] {logging_mixin.py:190} INFO - [2026-08-24T07:25:58.371+0000] {dagbag.py:588} INFO - Filling up the DagBag from /opt/airflow/dags/01_hello_dag.py
[2026-08-24T07:25:58.416+0000] {processor.py:925} INFO - DAG(s) 'hello_dag' retrieved from /opt/airflow/dags/01_hello_dag.py
[2026-08-24T07:25:58.505+0000] {logging_mixin.py:190} INFO - [2026-08-24T07:25:58.505+0000] {dag.py:3239} INFO - Sync 1 DAGs
[2026-08-24T07:25:58.635+0000] {logging_mixin.py:190} INFO - [2026-08-24T07:25:58.634+0000] {dag.py:4180} INFO - Setting next_dagrun for hello_dag to None, run_after=None
[2026-08-24T07:25:58.767+0000] {processor.py:208} INFO - Processing /opt/airflow/dags/01_hello_dag.py took 0.419 seconds
[2026-08-24T07:26:29.151+0000] {processor.py:186} INFO - Started process (PID=198) to work on /opt/airflow/dags/01_hello_dag.py
[2026-08-24T07:26:29.153+0000] {processor.py:914} INFO - Processing file /opt/airflow/dags/01_hello_dag.py for tasks to queue
[2026-08-24T07:26:29.157+0000] {logging_mixin.py:190} INFO - [2026-08-24T07:26:29.157+0000] {dagbag.py:588} INFO - Filling up the DagBag from /opt/airflow/dags/01_hello_dag.py
[2026-08-24T07:26:29.186+0000] {processor.py:925} INFO - DAG(s) 'hello_dag' retrieved from /opt/airflow/dags/01_hello_dag.py
[2026-08-24T07:26:29.231+0000] {logging_mixin.py:190} INFO - [2026-08-24T07:26:29.231+0000] {dag.py:3239} INFO - Sync 1 DAGs
[2026-08-24T07:26:29.253+0000] {logging_mixin.py:190} INFO - [2026-08-24T07:26:29.252+0000] {dag.py:4180} INFO - Setting next_dagrun for hello_dag to None, run_after=None
[2026-08-24T07:26:29.285+0000] {processor.py:208} INFO - Processing /opt/airflow/dags/01_hello_dag.py took 0.142 seconds
[2026-08-24T07:26:59.438+0000] {processor.py:186} INFO - Started process (PID=205) to work on /opt/airflow/dags/01_hello_dag.py
[2026-08-24T07:26:59.440+0000] {processor.py:914} INFO - Processing file /opt/airflow/dags/01_hello_dag.py for tasks to queue
[2026-08-24T07:26:59.444+0000] {logging_mixin.py:190} INFO - [2026-08-24T07:26:59.444+0000] {dagbag.py:588} INFO - Filling up the DagBag from /opt/airflow/dags/01_hello_dag.py
[2026-08-24T07:26:59.474+0000] {processor.py:925} INFO - DAG(s) 'hello_dag' retrieved from /opt/airflow/dags/01_hello_dag.py
[2026-08-24T07:26:59.512+0000] {logging_mixin.py:190} INFO - [2026-08-24T07:26:59.512+0000] {dag.py:3239} INFO - Sync 1 DAGs
[2026-08-24T07:26:59.535+0000] {logging_mixin.py:190} INFO - [2026-08-24T07:26:59.535+0000] {dag.py:4180} INFO - Setting next_dagrun for hello_dag to None, run_after=None
[2026-08-24T07:26:59.754+0000] {processor.py:208} INFO - Processing /opt/airflow/dags/01_hello_dag.py took 0.324 seconds
[2026-08-24T07:27:29.952+0000] {processor.py:186} INFO - Started process (PID=212) to work on /opt/airflow/dags/01_hello_dag.py
[2026-08-24T07:27:29.954+0000] {processor.py:914} INFO - Processing file /opt/airflow/dags/01_hello_dag.py for tasks to queue
[2026-08-24T07:27:29.960+0000] {logging_mixin.py:190} INFO - [2026-08-24T07:27:29.959+0000] {dagbag.py:588} INFO - Filling up the DagBag from /opt/airflow/dags/01_hello_dag.py
[2026-08-24T07:27:29.995+0000] {processor.py:925} INFO - DAG(s) 'hello_dag' retrieved from /opt/airflow/dags/01_hello_dag.py
[2026-08-24T07:27:30.049+0000] {logging_mixin.py:190} INFO - [2026-08-24T07:27:30.049+0000] {dag.py:3239} INFO - Sync 1 DAGs
[2026-08-24T07:27:30.246+0000] {logging_mixin.py:190} INFO - [2026-08-24T07:27:30.246+0000] {dag.py:4180} INFO - Setting next_dagrun for hello_dag to None, run_after=None
[2026-08-24T07:27:30.273+0000] {processor.py:208} INFO - Processing /opt/airflow/dags/01_hello_dag.py took 0.330 seconds
[2026-08-24T07:28:00.490+0000] {processor.py:186} INFO - Started process (PID=220) to work on /opt/airflow/dags/01_hello_dag.py
[2026-08-24T07:28:00.493+0000] {processor.py:914} INFO - Processing file /opt/airflow/dags/01_hello_dag.py for tasks to queue
[2026-08-24T07:28:00.501+0000] {logging_mixin.py:190} INFO - [2026-08-24T07:28:00.499+0000] {dagbag.py:588} INFO - Filling up the DagBag from /opt/airflow/dags/01_hello_dag.py
[2026-08-24T07:28:00.572+0000] {processor.py:925} INFO - DAG(s) 'hello_dag' retrieved from /opt/airflow/dags/01_hello_dag.py
[2026-08-24T07:28:01.065+0000] {logging_mixin.py:190} INFO - [2026-08-24T07:28:01.065+0000] {dag.py:3239} INFO - Sync 1 DAGs
[2026-08-24T07:28:01.126+0000] {logging_mixin.py:190} INFO - [2026-08-24T07:28:01.125+0000] {dag.py:4180} INFO - Setting next_dagrun for hello_dag to None, run_after=None
[2026-08-24T07:28:01.165+0000] {processor.py:208} INFO - Processing /opt/airflow/dags/01_hello_dag.py took 0.695 seconds
[2026-08-24T07:28:31.581+0000] {processor.py:186} INFO - Started process (PID=227) to work on /opt/airflow/dags/01_hello_dag.py
[2026-08-24T07:28:31.584+0000] {processor.py:914} INFO - Processing file /opt/airflow/dags/01_hello_dag.py for tasks to queue
[2026-08-24T07:28:31.589+0000] {logging_mixin.py:190} INFO - [2026-08-24T07:28:31.588+0000] {dagbag.py:588} INFO - Filling up the DagBag from /opt/airflow/dags/01_hello_dag.py
[2026-08-24T07:28:31.627+0000] {processor.py:925} INFO - DAG(s) 'hello_dag' retrieved from /opt/airflow/dags/01_hello_dag.py
[2026-08-24T07:28:31.673+0000] {logging_mixin.py:190} INFO - [2026-08-24T07:28:31.673+0000] {dag.py:3239} INFO - Sync 1 DAGs
[2026-08-24T07:28:31.692+0000] {logging_mixin.py:190} INFO - [2026-08-24T07:28:31.692+0000] {dag.py:4180} INFO - Setting next_dagrun for hello_dag to None, run_after=None
[2026-08-24T07:28:31.722+0000] {processor.py:208} INFO - Processing /opt/airflow/dags/01_hello_dag.py took 0.169 seconds
[2026-08-24T07:29:01.953+0000] {processor.py:186} INFO - Started process (PID=234) to work on /opt/airflow/dags/01_hello_dag.py
[2026-08-24T07:29:01.958+0000] {processor.py:914} INFO - Processing file /opt/airflow/dags/01_hello_dag.py for tasks to queue
[2026-08-24T07:29:01.967+0000] {logging_mixin.py:190} INFO - [2026-08-24T07:29:01.966+0000] {dagbag.py:588} INFO - Filling up the DagBag from /opt/airflow/dags/01_hello_dag.py
[2026-08-24T07:29:02.025+0000] {processor.py:925} INFO - DAG(s) 'hello_dag' retrieved from /opt/airflow/dags/01_hello_dag.py
[2026-08-24T07:29:02.094+0000] {logging_mixin.py:190} INFO - [2026-08-24T07:29:02.093+0000] {dag.py:3239} INFO - Sync 1 DAGs
[2026-08-24T07:29:02.124+0000] {logging_mixin.py:190} INFO - [2026-08-24T07:29:02.124+0000] {dag.py:4180} INFO - Setting next_dagrun for hello_dag to None, run_after=None
[2026-08-24T07:29:02.200+0000] {processor.py:208} INFO - Processing /opt/airflow/dags/01_hello_dag.py took 0.268 seconds
[2026-08-24T07:29:32.335+0000] {processor.py:186} INFO - Started process (PID=241) to work on /opt/airflow/dags/01_hello_dag.py
[2026-08-24T07:29:32.337+0000] {processor.py:914} INFO - Processing file /opt/airflow/dags/01_hello_dag.py for tasks to queue
[2026-08-24T07:29:32.342+0000] {logging_mixin.py:190} INFO - [2026-08-24T07:29:32.341+0000] {dagbag.py:588} INFO - Filling up the DagBag from /opt/airflow/dags/01_hello_dag.py
[2026-08-24T07:29:32.386+0000] {processor.py:925} INFO - DAG(s) 'hello_dag' retrieved from /opt/airflow/dags/01_hello_dag.py
[2026-08-24T07:29:32.462+0000] {logging_mixin.py:190} INFO - [2026-08-24T07:29:32.461+0000] {dag.py:3239} INFO - Sync 1 DAGs
[2026-08-24T07:29:32.489+0000] {logging_mixin.py:190} INFO - [2026-08-24T07:29:32.489+0000] {dag.py:4180} INFO - Setting next_dagrun for hello_dag to None, run_after=None
[2026-08-24T07:29:32.522+0000] {processor.py:208} INFO - Processing /opt/airflow/dags/01_hello_dag.py took 0.201 seconds
[2026-08-24T07:30:02.858+0000] {processor.py:186} INFO - Started process (PID=249) to work on /opt/airflow/dags/01_hello_dag.py
[2026-08-24T07:30:02.860+0000] {processor.py:914} INFO - Processing file /opt/airflow/dags/01_hello_dag.py for tasks to queue
[2026-08-24T07:30:02.866+0000] {logging_mixin.py:190} INFO - [2026-08-24T07:30:02.865+0000] {dagbag.py:588} INFO - Filling up the DagBag from /opt/airflow/dags/01_hello_dag.py
[2026-08-24T07:30:02.906+0000] {processor.py:925} INFO - DAG(s) 'hello_dag' retrieved from /opt/airflow/dags/01_hello_dag.py
[2026-08-24T07:30:02.952+0000] {logging_mixin.py:190} INFO - [2026-08-24T07:30:02.952+0000] {dag.py:3239} INFO - Sync 1 DAGs
[2026-08-24T07:30:02.973+0000] {logging_mixin.py:190} INFO - [2026-08-24T07:30:02.972+0000] {dag.py:4180} INFO - Setting next_dagrun for hello_dag to None, run_after=None
[2026-08-24T07:30:03.210+0000] {processor.py:208} INFO - Processing /opt/airflow/dags/01_hello_dag.py took 0.362 seconds
[2026-08-24T07:30:33.838+0000] {processor.py:186} INFO - Started process (PID=256) to work on /opt/airflow/dags/01_hello_dag.py
[2026-08-24T07:30:33.860+0000] {processor.py:914} INFO - Processing file /opt/airflow/dags/01_hello_dag.py for tasks to queue
[2026-08-24T07:30:33.881+0000] {logging_mixin.py:190} INFO - [2026-08-24T07:30:33.875+0000] {dagbag.py:588} INFO - Filling up the DagBag from /opt/airflow/dags/01_hello_dag.py
[2026-08-24T07:30:34.167+0000] {processor.py:925} INFO - DAG(s) 'hello_dag' retrieved from /opt/airflow/dags/01_hello_dag.py
[2026-08-24T07:30:34.321+0000] {logging_mixin.py:190} INFO - [2026-08-24T07:30:34.321+0000] {dag.py:3239} INFO - Sync 1 DAGs
[2026-08-24T07:30:35.457+0000] {logging_mixin.py:190} INFO - [2026-08-24T07:30:35.457+0000] {dag.py:4180} INFO - Setting next_dagrun for hello_dag to None, run_after=None
[2026-08-24T07:30:35.567+0000] {processor.py:208} INFO - Processing /opt/airflow/dags/01_hello_dag.py took 1.767 seconds
[2026-08-24T07:31:06.078+0000] {processor.py:186} INFO - Started process (PID=263) to work on /opt/airflow/dags/01_hello_dag.py
[2026-08-24T07:31:06.081+0000] {processor.py:914} INFO - Processing file /opt/airflow/dags/01_hello_dag.py for tasks to queue
[2026-08-24T07:31:06.086+0000] {logging_mixin.py:190} INFO - [2026-08-24T07:31:06.086+0000] {dagbag.py:588} INFO - Filling up the DagBag from /opt/airflow/dags/01_hello_dag.py
[2026-08-24T07:31:06.118+0000] {processor.py:925} INFO - DAG(s) 'hello_dag' retrieved from /opt/airflow/dags/01_hello_dag.py
[2026-08-24T07:31:06.474+0000] {logging_mixin.py:190} INFO - [2026-08-24T07:31:06.474+0000] {dag.py:3239} INFO - Sync 1 DAGs
[2026-08-24T07:31:06.491+0000] {logging_mixin.py:190} INFO - [2026-08-24T07:31:06.491+0000] {dag.py:4180} INFO - Setting next_dagrun for hello_dag to None, run_after=None
[2026-08-24T07:31:06.524+0000] {processor.py:208} INFO - Processing /opt/airflow/dags/01_hello_dag.py took 0.455 seconds
[2026-08-24T07:31:36.742+0000] {processor.py:186} INFO - Started process (PID=270) to work on /opt/airflow/dags/01_hello_dag.py
[2026-08-24T07:31:36.744+0000] {processor.py:914} INFO - Processing file /opt/airflow/dags/01_hello_dag.py for tasks to queue
[2026-08-24T07:31:36.749+0000] {logging_mixin.py:190} INFO - [2026-08-24T07:31:36.748+0000] {dagbag.py:588} INFO - Filling up the DagBag from /opt/airflow/dags/01_hello_dag.py
[2026-08-24T07:31:36.779+0000] {processor.py:925} INFO - DAG(s) 'hello_dag' retrieved from /opt/airflow/dags/01_hello_dag.py
[2026-08-24T07:31:36.821+0000] {logging_mixin.py:190} INFO - [2026-08-24T07:31:36.821+0000] {dag.py:3239} INFO - Sync 1 DAGs
[2026-08-24T07:31:36.843+0000] {logging_mixin.py:190} INFO - [2026-08-24T07:31:36.843+0000] {dag.py:4180} INFO - Setting next_dagrun for hello_dag to None, run_after=None
[2026-08-24T07:31:36.872+0000] {processor.py:208} INFO - Processing /opt/airflow/dags/01_hello_dag.py took 0.138 seconds
[2026-08-24T07:32:07.428+0000] {processor.py:186} INFO - Started process (PID=277) to work on /opt/airflow/dags/01_hello_dag.py
[2026-08-24T07:32:07.430+0000] {processor.py:914} INFO - Processing file /opt/airflow/dags/01_hello_dag.py for tasks to queue
[2026-08-24T07:32:07.434+0000] {logging_mixin.py:190} INFO - [2026-08-24T07:32:07.434+0000] {dagbag.py:588} INFO - Filling up the DagBag from /opt/airflow/dags/01_hello_dag.py
[2026-08-24T07:32:07.464+0000] {processor.py:925} INFO - DAG(s) 'hello_dag' retrieved from /opt/airflow/dags/01_hello_dag.py
[2026-08-24T07:32:07.502+0000] {logging_mixin.py:190} INFO - [2026-08-24T07:32:07.502+0000] {dag.py:3239} INFO - Sync 1 DAGs
[2026-08-24T07:32:07.537+0000] {logging_mixin.py:190} INFO - [2026-08-24T07:32:07.537+0000] {dag.py:4180} INFO - Setting next_dagrun for hello_dag to None, run_after=None
[2026-08-24T07:32:07.585+0000] {processor.py:208} INFO - Processing /opt/airflow/dags/01_hello_dag.py took 0.165 seconds
[2026-08-24T07:32:38.001+0000] {processor.py:186} INFO - Started process (PID=284) to work on /opt/airflow/dags/01_hello_dag.py
[2026-08-24T07:32:38.003+0000] {processor.py:914} INFO - Processing file /opt/airflow/dags/01_hello_dag.py for tasks to queue
[2026-08-24T07:32:38.008+0000] {logging_mixin.py:190} INFO - [2026-08-24T07:32:38.007+0000] {dagbag.py:588} INFO - Filling up the DagBag from /opt/airflow/dags/01_hello_dag.py
[2026-08-24T07:32:38.042+0000] {processor.py:925} INFO - DAG(s) 'hello_dag' retrieved from /opt/airflow/dags/01_hello_dag.py
[2026-08-24T07:32:38.092+0000] {logging_mixin.py:190} INFO - [2026-08-24T07:32:38.092+0000] {dag.py:3239} INFO - Sync 1 DAGs
[2026-08-24T07:32:38.121+0000] {logging_mixin.py:190} INFO - [2026-08-24T07:32:38.121+0000] {dag.py:4180} INFO - Setting next_dagrun for hello_dag to None, run_after=None
[2026-08-24T07:32:38.158+0000] {processor.py:208} INFO - Processing /opt/airflow/dags/01_hello_dag.py took 0.171 seconds
[2026-08-24T07:33:08.550+0000] {processor.py:186} INFO - Started process (PID=291) to work on /opt/airflow/dags/01_hello_dag.py
[2026-08-24T07:33:08.554+0000] {processor.py:914} INFO - Processing file /opt/airflow/dags/01_hello_dag.py for tasks to queue
[2026-08-24T07:33:08.561+0000] {logging_mixin.py:190} INFO - [2026-08-24T07:33:08.560+0000] {dagbag.py:588} INFO - Filling up the DagBag from /opt/airflow/dags/01_hello_dag.py
[2026-08-24T07:33:08.620+0000] {processor.py:925} INFO - DAG(s) 'hello_dag' retrieved from /opt/airflow/dags/01_hello_dag.py
[2026-08-24T07:33:08.721+0000] {logging_mixin.py:190} INFO - [2026-08-24T07:33:08.720+0000] {dag.py:3239} INFO - Sync 1 DAGs
[2026-08-24T07:33:10.003+0000] {logging_mixin.py:190} INFO - [2026-08-24T07:33:10.003+0000] {dag.py:4180} INFO - Setting next_dagrun for hello_dag to None, run_after=None
[2026-08-24T07:33:10.052+0000] {processor.py:208} INFO - Processing /opt/airflow/dags/01_hello_dag.py took 1.522 seconds
[2026-08-24T07:35:27.440+0000] {processor.py:186} INFO - Started process (PID=93) to work on /opt/airflow/dags/01_hello_dag.py
[2026-08-24T07:35:27.451+0000] {processor.py:914} INFO - Processing file /opt/airflow/dags/01_hello_dag.py for tasks to queue
[2026-08-24T07:35:27.460+0000] {logging_mixin.py:190} INFO - [2026-08-24T07:35:27.459+0000] {dagbag.py:588} INFO - Filling up the DagBag from /opt/airflow/dags/01_hello_dag.py
[2026-08-24T07:35:27.684+0000] {processor.py:925} INFO - DAG(s) 'hello_dag' retrieved from /opt/airflow/dags/01_hello_dag.py
[2026-08-24T07:35:27.871+0000] {logging_mixin.py:190} INFO - [2026-08-24T07:35:27.870+0000] {dag.py:3239} INFO - Sync 1 DAGs
[2026-08-24T07:35:27.936+0000] {logging_mixin.py:190} INFO - [2026-08-24T07:35:27.936+0000] {dag.py:4180} INFO - Setting next_dagrun for hello_dag to None, run_after=None
[2026-08-24T07:35:28.047+0000] {processor.py:208} INFO - Processing /opt/airflow/dags/01_hello_dag.py took 0.627 seconds
[2026-08-24T07:35:58.824+0000] {processor.py:186} INFO - Started process (PID=103) to work on /opt/airflow/dags/01_hello_dag.py
[2026-08-24T07:35:58.826+0000] {processor.py:914} INFO - Processing file /opt/airflow/dags/01_hello_dag.py for tasks to queue
[2026-08-24T07:35:58.833+0000] {logging_mixin.py:190} INFO - [2026-08-24T07:35:58.832+0000] {dagbag.py:588} INFO - Filling up the DagBag from /opt/airflow/dags/01_hello_dag.py
[2026-08-24T07:35:58.888+0000] {processor.py:925} INFO - DAG(s) 'hello_dag' retrieved from /opt/airflow/dags/01_hello_dag.py
[2026-08-24T07:35:58.974+0000] {logging_mixin.py:190} INFO - [2026-08-24T07:35:58.973+0000] {dag.py:3239} INFO - Sync 1 DAGs
[2026-08-24T07:35:59.027+0000] {logging_mixin.py:190} INFO - [2026-08-24T07:35:59.026+0000] {dag.py:4180} INFO - Setting next_dagrun for hello_dag to None, run_after=None
[2026-08-24T07:35:59.085+0000] {processor.py:208} INFO - Processing /opt/airflow/dags/01_hello_dag.py took 0.275 seconds
[2026-08-24T07:36:29.270+0000] {processor.py:186} INFO - Started process (PID=114) to work on /opt/airflow/dags/01_hello_dag.py
[2026-08-24T07:36:29.272+0000] {processor.py:914} INFO - Processing file /opt/airflow/dags/01_hello_dag.py for tasks to queue
[2026-08-24T07:36:29.276+0000] {logging_mixin.py:190} INFO - [2026-08-24T07:36:29.275+0000] {dagbag.py:588} INFO - Filling up the DagBag from /opt/airflow/dags/01_hello_dag.py
[2026-08-24T07:36:29.307+0000] {processor.py:925} INFO - DAG(s) 'hello_dag' retrieved from /opt/airflow/dags/01_hello_dag.py
[2026-08-24T07:36:29.348+0000] {logging_mixin.py:190} INFO - [2026-08-24T07:36:29.348+0000] {dag.py:3239} INFO - Sync 1 DAGs
[2026-08-24T07:36:29.368+0000] {logging_mixin.py:190} INFO - [2026-08-24T07:36:29.368+0000] {dag.py:4180} INFO - Setting next_dagrun for hello_dag to None, run_after=None
[2026-08-24T07:36:29.400+0000] {processor.py:208} INFO - Processing /opt/airflow/dags/01_hello_dag.py took 0.138 seconds
[2026-08-24T07:37:00.517+0000] {processor.py:186} INFO - Started process (PID=125) to work on /opt/airflow/dags/01_hello_dag.py
[2026-08-24T07:37:00.538+0000] {processor.py:914} INFO - Processing file /opt/airflow/dags/01_hello_dag.py for tasks to queue
[2026-08-24T07:37:00.555+0000] {logging_mixin.py:190} INFO - [2026-08-24T07:37:00.555+0000] {dagbag.py:588} INFO - Filling up the DagBag from /opt/airflow/dags/01_hello_dag.py
[2026-08-24T07:37:00.677+0000] {processor.py:925} INFO - DAG(s) 'hello_dag' retrieved from /opt/airflow/dags/01_hello_dag.py
[2026-08-24T07:37:00.799+0000] {logging_mixin.py:190} INFO - [2026-08-24T07:37:00.798+0000] {dag.py:3239} INFO - Sync 1 DAGs
[2026-08-24T07:37:00.852+0000] {logging_mixin.py:190} INFO - [2026-08-24T07:37:00.851+0000] {dag.py:4180} INFO - Setting next_dagrun for hello_dag to None, run_after=None
[2026-08-24T07:37:00.956+0000] {processor.py:208} INFO - Processing /opt/airflow/dags/01_hello_dag.py took 0.462 seconds
[2026-08-24T07:37:31.692+0000] {processor.py:186} INFO - Started process (PID=136) to work on /opt/airflow/dags/01_hello_dag.py
[2026-08-24T07:37:31.696+0000] {processor.py:914} INFO - Processing file /opt/airflow/dags/01_hello_dag.py for tasks to queue
[2026-08-24T07:37:31.703+0000] {logging_mixin.py:190} INFO - [2026-08-24T07:37:31.703+0000] {dagbag.py:588} INFO - Filling up the DagBag from /opt/airflow/dags/01_hello_dag.py
[2026-08-24T07:37:31.749+0000] {processor.py:925} INFO - DAG(s) 'hello_dag' retrieved from /opt/airflow/dags/01_hello_dag.py
[2026-08-24T07:37:31.809+0000] {logging_mixin.py:190} INFO - [2026-08-24T07:37:31.808+0000] {dag.py:3239} INFO - Sync 1 DAGs
[2026-08-24T07:37:32.080+0000] {logging_mixin.py:190} INFO - [2026-08-24T07:37:32.080+0000] {dag.py:4180} INFO - Setting next_dagrun for hello_dag to None, run_after=None
[2026-08-24T07:37:32.119+0000] {processor.py:208} INFO - Processing /opt/airflow/dags/01_hello_dag.py took 0.438 seconds
[2026-08-24T07:38:03.096+0000] {processor.py:186} INFO - Started process (PID=148) to work on /opt/airflow/dags/01_hello_dag.py
[2026-08-24T07:38:03.101+0000] {processor.py:914} INFO - Processing file /opt/airflow/dags/01_hello_dag.py for tasks to queue
[2026-08-24T07:38:03.115+0000] {logging_mixin.py:190} INFO - [2026-08-24T07:38:03.114+0000] {dagbag.py:588} INFO - Filling up the DagBag from /opt/airflow/dags/01_hello_dag.py
[2026-08-24T07:38:03.179+0000] {processor.py:925} INFO - DAG(s) 'hello_dag' retrieved from /opt/airflow/dags/01_hello_dag.py
[2026-08-24T07:38:03.943+0000] {logging_mixin.py:190} INFO - [2026-08-24T07:38:03.938+0000] {dag.py:3239} INFO - Sync 1 DAGs
[2026-08-24T07:38:04.001+0000] {logging_mixin.py:190} INFO - [2026-08-24T07:38:04.000+0000] {dag.py:4180} INFO - Setting next_dagrun for hello_dag to None, run_after=None
[2026-08-24T07:38:04.069+0000] {processor.py:208} INFO - Processing /opt/airflow/dags/01_hello_dag.py took 1.010 seconds
[2026-08-24T07:38:34.388+0000] {processor.py:186} INFO - Started process (PID=159) to work on /opt/airflow/dags/01_hello_dag.py
[2026-08-24T07:38:34.393+0000] {processor.py:914} INFO - Processing file /opt/airflow/dags/01_hello_dag.py for tasks to queue
[2026-08-24T07:38:34.425+0000] {logging_mixin.py:190} INFO - [2026-08-24T07:38:34.422+0000] {dagbag.py:588} INFO - Filling up the DagBag from /opt/airflow/dags/01_hello_dag.py
[2026-08-24T07:38:34.664+0000] {processor.py:925} INFO - DAG(s) 'hello_dag' retrieved from /opt/airflow/dags/01_hello_dag.py
[2026-08-24T07:38:34.836+0000] {logging_mixin.py:190} INFO - [2026-08-24T07:38:34.836+0000] {dag.py:3239} INFO - Sync 1 DAGs
[2026-08-24T07:38:34.942+0000] {logging_mixin.py:190} INFO - [2026-08-24T07:38:34.942+0000] {dag.py:4180} INFO - Setting next_dagrun for hello_dag to None, run_after=None
[2026-08-24T07:38:35.049+0000] {processor.py:208} INFO - Processing /opt/airflow/dags/01_hello_dag.py took 0.684 seconds
[2026-08-24T07:39:05.865+0000] {processor.py:186} INFO - Started process (PID=170) to work on /opt/airflow/dags/01_hello_dag.py
[2026-08-24T07:39:05.900+0000] {processor.py:914} INFO - Processing file /opt/airflow/dags/01_hello_dag.py for tasks to queue
[2026-08-24T07:39:05.924+0000] {logging_mixin.py:190} INFO - [2026-08-24T07:39:05.923+0000] {dagbag.py:588} INFO - Filling up the DagBag from /opt/airflow/dags/01_hello_dag.py
[2026-08-24T07:39:06.025+0000] {processor.py:925} INFO - DAG(s) 'hello_dag' retrieved from /opt/airflow/dags/01_hello_dag.py
[2026-08-24T07:39:06.178+0000] {logging_mixin.py:190} INFO - [2026-08-24T07:39:06.177+0000] {dag.py:3239} INFO - Sync 1 DAGs
[2026-08-24T07:39:06.268+0000] {logging_mixin.py:190} INFO - [2026-08-24T07:39:06.267+0000] {dag.py:4180} INFO - Setting next_dagrun for hello_dag to None, run_after=None
[2026-08-24T07:39:06.415+0000] {processor.py:208} INFO - Processing /opt/airflow/dags/01_hello_dag.py took 0.575 seconds
[2026-08-24T07:39:37.081+0000] {processor.py:186} INFO - Started process (PID=181) to work on /opt/airflow/dags/01_hello_dag.py
[2026-08-24T07:39:37.085+0000] {processor.py:914} INFO - Processing file /opt/airflow/dags/01_hello_dag.py for tasks to queue
[2026-08-24T07:39:37.096+0000] {logging_mixin.py:190} INFO - [2026-08-24T07:39:37.096+0000] {dagbag.py:588} INFO - Filling up the DagBag from /opt/airflow/dags/01_hello_dag.py
[2026-08-24T07:39:37.159+0000] {processor.py:925} INFO - DAG(s) 'hello_dag' retrieved from /opt/airflow/dags/01_hello_dag.py
[2026-08-24T07:39:37.259+0000] {logging_mixin.py:190} INFO - [2026-08-24T07:39:37.259+0000] {dag.py:3239} INFO - Sync 1 DAGs
[2026-08-24T07:39:37.331+0000] {logging_mixin.py:190} INFO - [2026-08-24T07:39:37.330+0000] {dag.py:4180} INFO - Setting next_dagrun for hello_dag to None, run_after=None
[2026-08-24T07:39:37.439+0000] {processor.py:208} INFO - Processing /opt/airflow/dags/01_hello_dag.py took 0.378 seconds
[2026-08-24T07:40:07.672+0000] {processor.py:186} INFO - Started process (PID=191) to work on /opt/airflow/dags/01_hello_dag.py
[2026-08-24T07:40:07.675+0000] {processor.py:914} INFO - Processing file /opt/airflow/dags/01_hello_dag.py for tasks to queue
[2026-08-24T07:40:07.688+0000] {logging_mixin.py:190} INFO - [2026-08-24T07:40:07.688+0000] {dagbag.py:588} INFO - Filling up the DagBag from /opt/airflow/dags/01_hello_dag.py
[2026-08-24T07:40:07.767+0000] {processor.py:925} INFO - DAG(s) 'hello_dag' retrieved from /opt/airflow/dags/01_hello_dag.py
[2026-08-24T07:40:07.873+0000] {logging_mixin.py:190} INFO - [2026-08-24T07:40:07.871+0000] {dag.py:3239} INFO - Sync 1 DAGs
[2026-08-24T07:40:07.936+0000] {logging_mixin.py:190} INFO - [2026-08-24T07:40:07.936+0000] {dag.py:4180} INFO - Setting next_dagrun for hello_dag to None, run_after=None
[2026-08-24T07:40:08.012+0000] {processor.py:208} INFO - Processing /opt/airflow/dags/01_hello_dag.py took 0.364 seconds
[2026-08-24T07:40:39.224+0000] {processor.py:186} INFO - Started process (PID=207) to work on /opt/airflow/dags/01_hello_dag.py
[2026-08-24T07:40:39.227+0000] {processor.py:914} INFO - Processing file /opt/airflow/dags/01_hello_dag.py for tasks to queue
[2026-08-24T07:40:39.256+0000] {logging_mixin.py:190} INFO - [2026-08-24T07:40:39.255+0000] {dagbag.py:588} INFO - Filling up the DagBag from /opt/airflow/dags/01_hello_dag.py
[2026-08-24T07:40:39.357+0000] {processor.py:925} INFO - DAG(s) 'hello_dag' retrieved from /opt/airflow/dags/01_hello_dag.py
[2026-08-24T07:40:39.466+0000] {logging_mixin.py:190} INFO - [2026-08-24T07:40:39.462+0000] {dag.py:3239} INFO - Sync 1 DAGs
[2026-08-24T07:40:39.525+0000] {logging_mixin.py:190} INFO - [2026-08-24T07:40:39.524+0000] {dag.py:4180} INFO - Setting next_dagrun for hello_dag to None, run_after=None
[2026-08-24T07:40:39.615+0000] {processor.py:208} INFO - Processing /opt/airflow/dags/01_hello_dag.py took 0.484 seconds
[2026-08-24T07:41:10.442+0000] {processor.py:186} INFO - Started process (PID=217) to work on /opt/airflow/dags/01_hello_dag.py
[2026-08-24T07:41:10.445+0000] {processor.py:914} INFO - Processing file /opt/airflow/dags/01_hello_dag.py for tasks to queue
[2026-08-24T07:41:10.463+0000] {logging_mixin.py:190} INFO - [2026-08-24T07:41:10.462+0000] {dagbag.py:588} INFO - Filling up the DagBag from /opt/airflow/dags/01_hello_dag.py
[2026-08-24T07:41:10.689+0000] {processor.py:925} INFO - DAG(s) 'hello_dag' retrieved from /opt/airflow/dags/01_hello_dag.py
[2026-08-24T07:41:10.813+0000] {logging_mixin.py:190} INFO - [2026-08-24T07:41:10.813+0000] {dag.py:3239} INFO - Sync 1 DAGs
[2026-08-24T07:41:10.889+0000] {logging_mixin.py:190} INFO - [2026-08-24T07:41:10.889+0000] {dag.py:4180} INFO - Setting next_dagrun for hello_dag to None, run_after=None
[2026-08-24T07:41:10.984+0000] {processor.py:208} INFO - Processing /opt/airflow/dags/01_hello_dag.py took 0.578 seconds
[2026-08-24T07:41:41.350+0000] {processor.py:186} INFO - Started process (PID=229) to work on /opt/airflow/dags/01_hello_dag.py
[2026-08-24T07:41:41.356+0000] {processor.py:914} INFO - Processing file /opt/airflow/dags/01_hello_dag.py for tasks to queue
[2026-08-24T07:41:41.363+0000] {logging_mixin.py:190} INFO - [2026-08-24T07:41:41.362+0000] {dagbag.py:588} INFO - Filling up the DagBag from /opt/airflow/dags/01_hello_dag.py
[2026-08-24T07:41:41.450+0000] {processor.py:925} INFO - DAG(s) 'hello_dag' retrieved from /opt/airflow/dags/01_hello_dag.py
[2026-08-24T07:41:41.601+0000] {logging_mixin.py:190} INFO - [2026-08-24T07:41:41.601+0000] {dag.py:3239} INFO - Sync 1 DAGs
[2026-08-24T07:41:41.696+0000] {logging_mixin.py:190} INFO - [2026-08-24T07:41:41.690+0000] {dag.py:4180} INFO - Setting next_dagrun for hello_dag to None, run_after=None
[2026-08-24T07:41:41.783+0000] {processor.py:208} INFO - Processing /opt/airflow/dags/01_hello_dag.py took 0.460 seconds
[2026-08-24T07:42:12.801+0000] {processor.py:186} INFO - Started process (PID=239) to work on /opt/airflow/dags/01_hello_dag.py
[2026-08-24T07:42:12.806+0000] {processor.py:914} INFO - Processing file /opt/airflow/dags/01_hello_dag.py for tasks to queue
[2026-08-24T07:42:12.817+0000] {logging_mixin.py:190} INFO - [2026-08-24T07:42:12.816+0000] {dagbag.py:588} INFO - Filling up the DagBag from /opt/airflow/dags/01_hello_dag.py
[2026-08-24T07:42:12.883+0000] {processor.py:925} INFO - DAG(s) 'hello_dag' retrieved from /opt/airflow/dags/01_hello_dag.py
[2026-08-24T07:42:12.982+0000] {logging_mixin.py:190} INFO - [2026-08-24T07:42:12.979+0000] {dag.py:3239} INFO - Sync 1 DAGs
[2026-08-24T07:42:13.038+0000] {logging_mixin.py:190} INFO - [2026-08-24T07:42:13.037+0000] {dag.py:4180} INFO - Setting next_dagrun for hello_dag to None, run_after=None
[2026-08-24T07:42:13.118+0000] {processor.py:208} INFO - Processing /opt/airflow/dags/01_hello_dag.py took 0.337 seconds
[2026-08-24T07:42:43.777+0000] {processor.py:186} INFO - Started process (PID=249) to work on /opt/airflow/dags/01_hello_dag.py
[2026-08-24T07:42:43.780+0000] {processor.py:914} INFO - Processing file /opt/airflow/dags/01_hello_dag.py for tasks to queue
[2026-08-24T07:42:43.793+0000] {logging_mixin.py:190} INFO - [2026-08-24T07:42:43.792+0000] {dagbag.py:588} INFO - Filling up the DagBag from /opt/airflow/dags/01_hello_dag.py
[2026-08-24T07:42:43.859+0000] {processor.py:925} INFO - DAG(s) 'hello_dag' retrieved from /opt/airflow/dags/01_hello_dag.py
[2026-08-24T07:42:43.968+0000] {logging_mixin.py:190} INFO - [2026-08-24T07:42:43.968+0000] {dag.py:3239} INFO - Sync 1 DAGs
[2026-08-24T07:42:44.039+0000] {logging_mixin.py:190} INFO - [2026-08-24T07:42:44.036+0000] {dag.py:4180} INFO - Setting next_dagrun for hello_dag to None, run_after=None
[2026-08-24T07:42:44.118+0000] {processor.py:208} INFO - Processing /opt/airflow/dags/01_hello_dag.py took 0.361 seconds
[2026-08-24T07:43:14.957+0000] {processor.py:186} INFO - Started process (PID=259) to work on /opt/airflow/dags/01_hello_dag.py
[2026-08-24T07:43:14.973+0000] {processor.py:914} INFO - Processing file /opt/airflow/dags/01_hello_dag.py for tasks to queue
[2026-08-24T07:43:15.053+0000] {logging_mixin.py:190} INFO - [2026-08-24T07:43:15.015+0000] {dagbag.py:588} INFO - Filling up the DagBag from /opt/airflow/dags/01_hello_dag.py
[2026-08-24T07:43:15.199+0000] {processor.py:925} INFO - DAG(s) 'hello_dag' retrieved from /opt/airflow/dags/01_hello_dag.py
[2026-08-24T07:43:15.455+0000] {logging_mixin.py:190} INFO - [2026-08-24T07:43:15.455+0000] {dag.py:3239} INFO - Sync 1 DAGs
[2026-08-24T07:43:15.564+0000] {logging_mixin.py:190} INFO - [2026-08-24T07:43:15.563+0000] {dag.py:4180} INFO - Setting next_dagrun for hello_dag to None, run_after=None
[2026-08-24T07:43:15.733+0000] {processor.py:208} INFO - Processing /opt/airflow/dags/01_hello_dag.py took 0.859 seconds
[2026-08-24T07:43:46.423+0000] {processor.py:186} INFO - Started process (PID=271) to work on /opt/airflow/dags/01_hello_dag.py
[2026-08-24T07:43:46.436+0000] {processor.py:914} INFO - Processing file /opt/airflow/dags/01_hello_dag.py for tasks to queue
[2026-08-24T07:43:46.449+0000] {logging_mixin.py:190} INFO - [2026-08-24T07:43:46.445+0000] {dagbag.py:588} INFO - Filling up the DagBag from /opt/airflow/dags/01_hello_dag.py
[2026-08-24T07:43:46.526+0000] {processor.py:925} INFO - DAG(s) 'hello_dag' retrieved from /opt/airflow/dags/01_hello_dag.py
[2026-08-24T07:43:46.679+0000] {logging_mixin.py:190} INFO - [2026-08-24T07:43:46.676+0000] {dag.py:3239} INFO - Sync 1 DAGs
[2026-08-24T07:43:46.787+0000] {logging_mixin.py:190} INFO - [2026-08-24T07:43:46.786+0000] {dag.py:4180} INFO - Setting next_dagrun for hello_dag to None, run_after=None
[2026-08-24T07:43:46.887+0000] {processor.py:208} INFO - Processing /opt/airflow/dags/01_hello_dag.py took 0.491 seconds
[2026-08-24T07:44:17.356+0000] {processor.py:186} INFO - Started process (PID=282) to work on /opt/airflow/dags/01_hello_dag.py
[2026-08-24T07:44:17.364+0000] {processor.py:914} INFO - Processing file /opt/airflow/dags/01_hello_dag.py for tasks to queue
[2026-08-24T07:44:17.376+0000] {logging_mixin.py:190} INFO - [2026-08-24T07:44:17.375+0000] {dagbag.py:588} INFO - Filling up the DagBag from /opt/airflow/dags/01_hello_dag.py
[2026-08-24T07:44:17.458+0000] {processor.py:925} INFO - DAG(s) 'hello_dag' retrieved from /opt/airflow/dags/01_hello_dag.py
[2026-08-24T07:44:17.579+0000] {logging_mixin.py:190} INFO - [2026-08-24T07:44:17.578+0000] {dag.py:3239} INFO - Sync 1 DAGs
[2026-08-24T07:44:17.647+0000] {logging_mixin.py:190} INFO - [2026-08-24T07:44:17.646+0000] {dag.py:4180} INFO - Setting next_dagrun for hello_dag to None, run_after=None
[2026-08-24T07:44:17.718+0000] {processor.py:208} INFO - Processing /opt/airflow/dags/01_hello_dag.py took 0.400 seconds
[2026-08-24T07:44:48.145+0000] {processor.py:186} INFO - Started process (PID=293) to work on /opt/airflow/dags/01_hello_dag.py
[2026-08-24T07:44:48.149+0000] {processor.py:914} INFO - Processing file /opt/airflow/dags/01_hello_dag.py for tasks to queue
[2026-08-24T07:44:48.159+0000] {logging_mixin.py:190} INFO - [2026-08-24T07:44:48.158+0000] {dagbag.py:588} INFO - Filling up the DagBag from /opt/airflow/dags/01_hello_dag.py
[2026-08-24T07:44:48.312+0000] {processor.py:925} INFO - DAG(s) 'hello_dag' retrieved from /opt/airflow/dags/01_hello_dag.py
[2026-08-24T07:44:48.450+0000] {logging_mixin.py:190} INFO - [2026-08-24T07:44:48.449+0000] {dag.py:3239} INFO - Sync 1 DAGs
[2026-08-24T07:44:48.525+0000] {logging_mixin.py:190} INFO - [2026-08-24T07:44:48.525+0000] {dag.py:4180} INFO - Setting next_dagrun for hello_dag to None, run_after=None
[2026-08-24T07:44:48.616+0000] {processor.py:208} INFO - Processing /opt/airflow/dags/01_hello_dag.py took 0.510 seconds
[2026-08-24T07:45:20.205+0000] {processor.py:186} INFO - Started process (PID=310) to work on /opt/airflow/dags/01_hello_dag.py
[2026-08-24T07:45:20.208+0000] {processor.py:914} INFO - Processing file /opt/airflow/dags/01_hello_dag.py for tasks to queue
[2026-08-24T07:45:20.223+0000] {logging_mixin.py:190} INFO - [2026-08-24T07:45:20.215+0000] {dagbag.py:588} INFO - Filling up the DagBag from /opt/airflow/dags/01_hello_dag.py
[2026-08-24T07:45:20.322+0000] {processor.py:925} INFO - DAG(s) 'hello_dag' retrieved from /opt/airflow/dags/01_hello_dag.py
[2026-08-24T07:45:20.482+0000] {logging_mixin.py:190} INFO - [2026-08-24T07:45:20.481+0000] {dag.py:3239} INFO - Sync 1 DAGs
[2026-08-24T07:45:20.563+0000] {logging_mixin.py:190} INFO - [2026-08-24T07:45:20.563+0000] {dag.py:4180} INFO - Setting next_dagrun for hello_dag to None, run_after=None
[2026-08-24T07:45:20.687+0000] {processor.py:208} INFO - Processing /opt/airflow/dags/01_hello_dag.py took 0.517 seconds
[2026-08-24T07:45:51.164+0000] {processor.py:186} INFO - Started process (PID=321) to work on /opt/airflow/dags/01_hello_dag.py
[2026-08-24T07:45:51.167+0000] {processor.py:914} INFO - Processing file /opt/airflow/dags/01_hello_dag.py for tasks to queue
[2026-08-24T07:45:51.179+0000] {logging_mixin.py:190} INFO - [2026-08-24T07:45:51.172+0000] {dagbag.py:588} INFO - Filling up the DagBag from /opt/airflow/dags/01_hello_dag.py
[2026-08-24T07:45:51.280+0000] {processor.py:925} INFO - DAG(s) 'hello_dag' retrieved from /opt/airflow/dags/01_hello_dag.py
[2026-08-24T07:45:51.404+0000] {logging_mixin.py:190} INFO - [2026-08-24T07:45:51.403+0000] {dag.py:3239} INFO - Sync 1 DAGs
[2026-08-24T07:45:51.495+0000] {logging_mixin.py:190} INFO - [2026-08-24T07:45:51.494+0000] {dag.py:4180} INFO - Setting next_dagrun for hello_dag to None, run_after=None
[2026-08-24T07:45:51.596+0000] {processor.py:208} INFO - Processing /opt/airflow/dags/01_hello_dag.py took 0.466 seconds
[2026-08-24T07:46:22.088+0000] {processor.py:186} INFO - Started process (PID=332) to work on /opt/airflow/dags/01_hello_dag.py
[2026-08-24T07:46:22.091+0000] {processor.py:914} INFO - Processing file /opt/airflow/dags/01_hello_dag.py for tasks to queue
[2026-08-24T07:46:22.102+0000] {logging_mixin.py:190} INFO - [2026-08-24T07:46:22.101+0000] {dagbag.py:588} INFO - Filling up the DagBag from /opt/airflow/dags/01_hello_dag.py
[2026-08-24T07:46:22.164+0000] {processor.py:925} INFO - DAG(s) 'hello_dag' retrieved from /opt/airflow/dags/01_hello_dag.py
[2026-08-24T07:46:22.289+0000] {logging_mixin.py:190} INFO - [2026-08-24T07:46:22.287+0000] {dag.py:3239} INFO - Sync 1 DAGs
[2026-08-24T07:46:22.346+0000] {logging_mixin.py:190} INFO - [2026-08-24T07:46:22.346+0000] {dag.py:4180} INFO - Setting next_dagrun for hello_dag to None, run_after=None
[2026-08-24T07:46:22.416+0000] {processor.py:208} INFO - Processing /opt/airflow/dags/01_hello_dag.py took 0.345 seconds
[2026-08-24T07:46:53.221+0000] {processor.py:186} INFO - Started process (PID=343) to work on /opt/airflow/dags/01_hello_dag.py
[2026-08-24T07:46:53.224+0000] {processor.py:914} INFO - Processing file /opt/airflow/dags/01_hello_dag.py for tasks to queue
[2026-08-24T07:46:53.241+0000] {logging_mixin.py:190} INFO - [2026-08-24T07:46:53.240+0000] {dagbag.py:588} INFO - Filling up the DagBag from /opt/airflow/dags/01_hello_dag.py
[2026-08-24T07:46:53.308+0000] {processor.py:925} INFO - DAG(s) 'hello_dag' retrieved from /opt/airflow/dags/01_hello_dag.py
[2026-08-24T07:46:53.398+0000] {logging_mixin.py:190} INFO - [2026-08-24T07:46:53.397+0000] {dag.py:3239} INFO - Sync 1 DAGs
[2026-08-24T07:46:53.465+0000] {logging_mixin.py:190} INFO - [2026-08-24T07:46:53.464+0000] {dag.py:4180} INFO - Setting next_dagrun for hello_dag to None, run_after=None
[2026-08-24T07:46:53.535+0000] {processor.py:208} INFO - Processing /opt/airflow/dags/01_hello_dag.py took 0.341 seconds
[2026-08-24T07:47:23.924+0000] {processor.py:186} INFO - Started process (PID=355) to work on /opt/airflow/dags/01_hello_dag.py
[2026-08-24T07:47:23.928+0000] {processor.py:914} INFO - Processing file /opt/airflow/dags/01_hello_dag.py for tasks to queue
[2026-08-24T07:47:23.943+0000] {logging_mixin.py:190} INFO - [2026-08-24T07:47:23.942+0000] {dagbag.py:588} INFO - Filling up the DagBag from /opt/airflow/dags/01_hello_dag.py
[2026-08-24T07:47:24.011+0000] {processor.py:925} INFO - DAG(s) 'hello_dag' retrieved from /opt/airflow/dags/01_hello_dag.py
[2026-08-24T07:47:24.116+0000] {logging_mixin.py:190} INFO - [2026-08-24T07:47:24.116+0000] {dag.py:3239} INFO - Sync 1 DAGs
[2026-08-24T07:47:24.182+0000] {logging_mixin.py:190} INFO - [2026-08-24T07:47:24.181+0000] {dag.py:4180} INFO - Setting next_dagrun for hello_dag to None, run_after=None
[2026-08-24T07:47:24.258+0000] {processor.py:208} INFO - Processing /opt/airflow/dags/01_hello_dag.py took 0.371 seconds
[2026-08-24T07:47:54.965+0000] {processor.py:186} INFO - Started process (PID=365) to work on /opt/airflow/dags/01_hello_dag.py
[2026-08-24T07:47:54.976+0000] {processor.py:914} INFO - Processing file /opt/airflow/dags/01_hello_dag.py for tasks to queue
[2026-08-24T07:47:54.989+0000] {logging_mixin.py:190} INFO - [2026-08-24T07:47:54.988+0000] {dagbag.py:588} INFO - Filling up the DagBag from /opt/airflow/dags/01_hello_dag.py
[2026-08-24T07:47:55.229+0000] {processor.py:925} INFO - DAG(s) 'hello_dag' retrieved from /opt/airflow/dags/01_hello_dag.py
[2026-08-24T07:47:55.362+0000] {logging_mixin.py:190} INFO - [2026-08-24T07:47:55.362+0000] {dag.py:3239} INFO - Sync 1 DAGs
[2026-08-24T07:47:55.418+0000] {logging_mixin.py:190} INFO - [2026-08-24T07:47:55.418+0000] {dag.py:4180} INFO - Setting next_dagrun for hello_dag to None, run_after=None
[2026-08-24T07:47:55.495+0000] {processor.py:208} INFO - Processing /opt/airflow/dags/01_hello_dag.py took 0.559 seconds
[2026-08-24T07:48:25.967+0000] {processor.py:186} INFO - Started process (PID=376) to work on /opt/airflow/dags/01_hello_dag.py
[2026-08-24T07:48:25.971+0000] {processor.py:914} INFO - Processing file /opt/airflow/dags/01_hello_dag.py for tasks to queue
[2026-08-24T07:48:25.984+0000] {logging_mixin.py:190} INFO - [2026-08-24T07:48:25.983+0000] {dagbag.py:588} INFO - Filling up the DagBag from /opt/airflow/dags/01_hello_dag.py
[2026-08-24T07:48:26.091+0000] {processor.py:925} INFO - DAG(s) 'hello_dag' retrieved from /opt/airflow/dags/01_hello_dag.py
[2026-08-24T07:48:26.225+0000] {logging_mixin.py:190} INFO - [2026-08-24T07:48:26.225+0000] {dag.py:3239} INFO - Sync 1 DAGs
[2026-08-24T07:48:26.309+0000] {logging_mixin.py:190} INFO - [2026-08-24T07:48:26.307+0000] {dag.py:4180} INFO - Setting next_dagrun for hello_dag to None, run_after=None
[2026-08-24T07:48:26.400+0000] {processor.py:208} INFO - Processing /opt/airflow/dags/01_hello_dag.py took 0.462 seconds
[2026-08-24T07:48:56.868+0000] {processor.py:186} INFO - Started process (PID=391) to work on /opt/airflow/dags/01_hello_dag.py
[2026-08-24T07:48:56.881+0000] {processor.py:914} INFO - Processing file /opt/airflow/dags/01_hello_dag.py for tasks to queue
[2026-08-24T07:48:56.902+0000] {logging_mixin.py:190} INFO - [2026-08-24T07:48:56.901+0000] {dagbag.py:588} INFO - Filling up the DagBag from /opt/airflow/dags/01_hello_dag.py
[2026-08-24T07:48:57.116+0000] {processor.py:925} INFO - DAG(s) 'hello_dag' retrieved from /opt/airflow/dags/01_hello_dag.py
[2026-08-24T07:48:57.289+0000] {logging_mixin.py:190} INFO - [2026-08-24T07:48:57.276+0000] {dag.py:3239} INFO - Sync 1 DAGs
[2026-08-24T07:48:57.390+0000] {logging_mixin.py:190} INFO - [2026-08-24T07:48:57.390+0000] {dag.py:4180} INFO - Setting next_dagrun for hello_dag to None, run_after=None
[2026-08-24T07:48:57.514+0000] {processor.py:208} INFO - Processing /opt/airflow/dags/01_hello_dag.py took 0.674 seconds
[2026-08-24T07:49:28.141+0000] {processor.py:186} INFO - Started process (PID=401) to work on /opt/airflow/dags/01_hello_dag.py
[2026-08-24T07:49:28.147+0000] {processor.py:914} INFO - Processing file /opt/airflow/dags/01_hello_dag.py for tasks to queue
[2026-08-24T07:49:28.155+0000] {logging_mixin.py:190} INFO - [2026-08-24T07:49:28.154+0000] {dagbag.py:588} INFO - Filling up the DagBag from /opt/airflow/dags/01_hello_dag.py
[2026-08-24T07:49:28.216+0000] {processor.py:925} INFO - DAG(s) 'hello_dag' retrieved from /opt/airflow/dags/01_hello_dag.py
[2026-08-24T07:49:28.283+0000] {logging_mixin.py:190} INFO - [2026-08-24T07:49:28.283+0000] {dag.py:3239} INFO - Sync 1 DAGs
[2026-08-24T07:49:28.317+0000] {logging_mixin.py:190} INFO - [2026-08-24T07:49:28.317+0000] {dag.py:4180} INFO - Setting next_dagrun for hello_dag to None, run_after=None
[2026-08-24T07:49:28.359+0000] {processor.py:208} INFO - Processing /opt/airflow/dags/01_hello_dag.py took 0.239 seconds
[2026-08-24T07:49:59.620+0000] {processor.py:186} INFO - Started process (PID=412) to work on /opt/airflow/dags/01_hello_dag.py
[2026-08-24T07:49:59.623+0000] {processor.py:914} INFO - Processing file /opt/airflow/dags/01_hello_dag.py for tasks to queue
[2026-08-24T07:49:59.631+0000] {logging_mixin.py:190} INFO - [2026-08-24T07:49:59.630+0000] {dagbag.py:588} INFO - Filling up the DagBag from /opt/airflow/dags/01_hello_dag.py
[2026-08-24T07:49:59.718+0000] {processor.py:925} INFO - DAG(s) 'hello_dag' retrieved from /opt/airflow/dags/01_hello_dag.py
[2026-08-24T07:49:59.857+0000] {logging_mixin.py:190} INFO - [2026-08-24T07:49:59.856+0000] {dag.py:3239} INFO - Sync 1 DAGs
[2026-08-24T07:49:59.950+0000] {logging_mixin.py:190} INFO - [2026-08-24T07:49:59.949+0000] {dag.py:4180} INFO - Setting next_dagrun for hello_dag to None, run_after=None
[2026-08-24T07:50:00.052+0000] {processor.py:208} INFO - Processing /opt/airflow/dags/01_hello_dag.py took 0.484 seconds
[2026-08-24T07:50:30.892+0000] {processor.py:186} INFO - Started process (PID=423) to work on /opt/airflow/dags/01_hello_dag.py
[2026-08-24T07:50:30.909+0000] {processor.py:914} INFO - Processing file /opt/airflow/dags/01_hello_dag.py for tasks to queue
[2026-08-24T07:50:30.933+0000] {logging_mixin.py:190} INFO - [2026-08-24T07:50:30.932+0000] {dagbag.py:588} INFO - Filling up the DagBag from /opt/airflow/dags/01_hello_dag.py
[2026-08-24T07:50:31.042+0000] {processor.py:925} INFO - DAG(s) 'hello_dag' retrieved from /opt/airflow/dags/01_hello_dag.py
[2026-08-24T07:50:31.235+0000] {logging_mixin.py:190} INFO - [2026-08-24T07:50:31.233+0000] {dag.py:3239} INFO - Sync 1 DAGs
[2026-08-24T07:50:31.318+0000] {logging_mixin.py:190} INFO - [2026-08-24T07:50:31.317+0000] {dag.py:4180} INFO - Setting next_dagrun for hello_dag to None, run_after=None
[2026-08-24T07:50:31.457+0000] {processor.py:208} INFO - Processing /opt/airflow/dags/01_hello_dag.py took 0.590 seconds
[2026-08-24T07:51:01.958+0000] {processor.py:186} INFO - Started process (PID=434) to work on /opt/airflow/dags/01_hello_dag.py
[2026-08-24T07:51:01.969+0000] {processor.py:914} INFO - Processing file /opt/airflow/dags/01_hello_dag.py for tasks to queue
[2026-08-24T07:51:01.977+0000] {logging_mixin.py:190} INFO - [2026-08-24T07:51:01.976+0000] {dagbag.py:588} INFO - Filling up the DagBag from /opt/airflow/dags/01_hello_dag.py
[2026-08-24T07:51:02.052+0000] {processor.py:925} INFO - DAG(s) 'hello_dag' retrieved from /opt/airflow/dags/01_hello_dag.py
[2026-08-24T07:51:02.171+0000] {logging_mixin.py:190} INFO - [2026-08-24T07:51:02.169+0000] {dag.py:3239} INFO - Sync 1 DAGs
[2026-08-24T07:51:02.235+0000] {logging_mixin.py:190} INFO - [2026-08-24T07:51:02.234+0000] {dag.py:4180} INFO - Setting next_dagrun for hello_dag to None, run_after=None
[2026-08-24T07:51:02.308+0000] {processor.py:208} INFO - Processing /opt/airflow/dags/01_hello_dag.py took 0.376 seconds
[2026-08-24T07:51:32.855+0000] {processor.py:186} INFO - Started process (PID=445) to work on /opt/airflow/dags/01_hello_dag.py
[2026-08-24T07:51:32.863+0000] {processor.py:914} INFO - Processing file /opt/airflow/dags/01_hello_dag.py for tasks to queue
[2026-08-24T07:51:32.876+0000] {logging_mixin.py:190} INFO - [2026-08-24T07:51:32.875+0000] {dagbag.py:588} INFO - Filling up the DagBag from /opt/airflow/dags/01_hello_dag.py
[2026-08-24T07:51:32.958+0000] {processor.py:925} INFO - DAG(s) 'hello_dag' retrieved from /opt/airflow/dags/01_hello_dag.py
[2026-08-24T07:51:33.100+0000] {logging_mixin.py:190} INFO - [2026-08-24T07:51:33.100+0000] {dag.py:3239} INFO - Sync 1 DAGs
[2026-08-24T07:51:33.181+0000] {logging_mixin.py:190} INFO - [2026-08-24T07:51:33.181+0000] {dag.py:4180} INFO - Setting next_dagrun for hello_dag to None, run_after=None
[2026-08-24T07:51:33.293+0000] {processor.py:208} INFO - Processing /opt/airflow/dags/01_hello_dag.py took 0.462 seconds
[2026-08-24T07:52:03.478+0000] {processor.py:186} INFO - Started process (PID=457) to work on /opt/airflow/dags/01_hello_dag.py
[2026-08-24T07:52:03.479+0000] {processor.py:914} INFO - Processing file /opt/airflow/dags/01_hello_dag.py for tasks to queue
[2026-08-24T07:52:03.484+0000] {logging_mixin.py:190} INFO - [2026-08-24T07:52:03.483+0000] {dagbag.py:588} INFO - Filling up the DagBag from /opt/airflow/dags/01_hello_dag.py
[2026-08-24T07:52:03.514+0000] {processor.py:925} INFO - DAG(s) 'hello_dag' retrieved from /opt/airflow/dags/01_hello_dag.py
[2026-08-24T07:52:03.558+0000] {logging_mixin.py:190} INFO - [2026-08-24T07:52:03.557+0000] {dag.py:3239} INFO - Sync 1 DAGs
[2026-08-24T07:52:03.581+0000] {logging_mixin.py:190} INFO - [2026-08-24T07:52:03.581+0000] {dag.py:4180} INFO - Setting next_dagrun for hello_dag to None, run_after=None
[2026-08-24T07:52:03.612+0000] {processor.py:208} INFO - Processing /opt/airflow/dags/01_hello_dag.py took 0.142 seconds
[2026-08-24T07:52:34.042+0000] {processor.py:186} INFO - Started process (PID=468) to work on /opt/airflow/dags/01_hello_dag.py
[2026-08-24T07:52:34.045+0000] {processor.py:914} INFO - Processing file /opt/airflow/dags/01_hello_dag.py for tasks to queue
[2026-08-24T07:52:34.052+0000] {logging_mixin.py:190} INFO - [2026-08-24T07:52:34.051+0000] {dagbag.py:588} INFO - Filling up the DagBag from /opt/airflow/dags/01_hello_dag.py
[2026-08-24T07:52:34.098+0000] {processor.py:925} INFO - DAG(s) 'hello_dag' retrieved from /opt/airflow/dags/01_hello_dag.py
[2026-08-24T07:52:34.162+0000] {logging_mixin.py:190} INFO - [2026-08-24T07:52:34.161+0000] {dag.py:3239} INFO - Sync 1 DAGs
[2026-08-24T07:52:34.196+0000] {logging_mixin.py:190} INFO - [2026-08-24T07:52:34.196+0000] {dag.py:4180} INFO - Setting next_dagrun for hello_dag to None, run_after=None
[2026-08-24T07:52:34.239+0000] {processor.py:208} INFO - Processing /opt/airflow/dags/01_hello_dag.py took 0.211 seconds
[2026-08-24T07:53:04.443+0000] {processor.py:186} INFO - Started process (PID=479) to work on /opt/airflow/dags/01_hello_dag.py
[2026-08-24T07:53:04.445+0000] {processor.py:914} INFO - Processing file /opt/airflow/dags/01_hello_dag.py for tasks to queue
[2026-08-24T07:53:04.452+0000] {logging_mixin.py:190} INFO - [2026-08-24T07:53:04.451+0000] {dagbag.py:588} INFO - Filling up the DagBag from /opt/airflow/dags/01_hello_dag.py
[2026-08-24T07:53:04.498+0000] {processor.py:925} INFO - DAG(s) 'hello_dag' retrieved from /opt/airflow/dags/01_hello_dag.py
[2026-08-24T07:53:04.560+0000] {logging_mixin.py:190} INFO - [2026-08-24T07:53:04.559+0000] {dag.py:3239} INFO - Sync 1 DAGs
[2026-08-24T07:53:04.593+0000] {logging_mixin.py:190} INFO - [2026-08-24T07:53:04.592+0000] {dag.py:4180} INFO - Setting next_dagrun for hello_dag to None, run_after=None
[2026-08-24T07:53:04.638+0000] {processor.py:208} INFO - Processing /opt/airflow/dags/01_hello_dag.py took 0.208 seconds
[2026-08-24T07:53:34.777+0000] {processor.py:186} INFO - Started process (PID=490) to work on /opt/airflow/dags/01_hello_dag.py
[2026-08-24T07:53:34.780+0000] {processor.py:914} INFO - Processing file /opt/airflow/dags/01_hello_dag.py for tasks to queue
[2026-08-24T07:53:34.786+0000] {logging_mixin.py:190} INFO - [2026-08-24T07:53:34.785+0000] {dagbag.py:588} INFO - Filling up the DagBag from /opt/airflow/dags/01_hello_dag.py
[2026-08-24T07:53:34.830+0000] {processor.py:925} INFO - DAG(s) 'hello_dag' retrieved from /opt/airflow/dags/01_hello_dag.py
[2026-08-24T07:53:34.911+0000] {logging_mixin.py:190} INFO - [2026-08-24T07:53:34.910+0000] {dag.py:3239} INFO - Sync 1 DAGs
[2026-08-24T07:53:34.946+0000] {logging_mixin.py:190} INFO - [2026-08-24T07:53:34.945+0000] {dag.py:4180} INFO - Setting next_dagrun for hello_dag to None, run_after=None
[2026-08-24T07:53:34.996+0000] {processor.py:208} INFO - Processing /opt/airflow/dags/01_hello_dag.py took 0.230 seconds
[2026-08-24T07:54:06.726+0000] {processor.py:186} INFO - Started process (PID=506) to work on /opt/airflow/dags/01_hello_dag.py
[2026-08-24T07:54:06.729+0000] {processor.py:914} INFO - Processing file /opt/airflow/dags/01_hello_dag.py for tasks to queue
[2026-08-24T07:54:06.733+0000] {logging_mixin.py:190} INFO - [2026-08-24T07:54:06.733+0000] {dagbag.py:588} INFO - Filling up the DagBag from /opt/airflow/dags/01_hello_dag.py
[2026-08-24T07:54:06.767+0000] {processor.py:925} INFO - DAG(s) 'hello_dag' retrieved from /opt/airflow/dags/01_hello_dag.py
[2026-08-24T07:54:06.827+0000] {logging_mixin.py:190} INFO - [2026-08-24T07:54:06.826+0000] {dag.py:3239} INFO - Sync 1 DAGs
[2026-08-24T07:54:06.869+0000] {logging_mixin.py:190} INFO - [2026-08-24T07:54:06.868+0000] {dag.py:4180} INFO - Setting next_dagrun for hello_dag to None, run_after=None
[2026-08-24T07:54:06.918+0000] {processor.py:208} INFO - Processing /opt/airflow/dags/01_hello_dag.py took 0.204 seconds
[2026-08-24T07:54:37.755+0000] {processor.py:186} INFO - Started process (PID=517) to work on /opt/airflow/dags/01_hello_dag.py
[2026-08-24T07:54:37.757+0000] {processor.py:914} INFO - Processing file /opt/airflow/dags/01_hello_dag.py for tasks to queue
[2026-08-24T07:54:37.761+0000] {logging_mixin.py:190} INFO - [2026-08-24T07:54:37.760+0000] {dagbag.py:588} INFO - Filling up the DagBag from /opt/airflow/dags/01_hello_dag.py
[2026-08-24T07:54:37.792+0000] {processor.py:925} INFO - DAG(s) 'hello_dag' retrieved from /opt/airflow/dags/01_hello_dag.py
[2026-08-24T07:54:37.830+0000] {logging_mixin.py:190} INFO - [2026-08-24T07:54:37.830+0000] {dag.py:3239} INFO - Sync 1 DAGs
[2026-08-24T07:54:37.850+0000] {logging_mixin.py:190} INFO - [2026-08-24T07:54:37.850+0000] {dag.py:4180} INFO - Setting next_dagrun for hello_dag to None, run_after=None
[2026-08-24T07:54:37.880+0000] {processor.py:208} INFO - Processing /opt/airflow/dags/01_hello_dag.py took 0.133 seconds
[2026-08-24T07:55:08.914+0000] {processor.py:186} INFO - Started process (PID=528) to work on /opt/airflow/dags/01_hello_dag.py
[2026-08-24T07:55:08.917+0000] {processor.py:914} INFO - Processing file /opt/airflow/dags/01_hello_dag.py for tasks to queue
[2026-08-24T07:55:08.923+0000] {logging_mixin.py:190} INFO - [2026-08-24T07:55:08.922+0000] {dagbag.py:588} INFO - Filling up the DagBag from /opt/airflow/dags/01_hello_dag.py
[2026-08-24T07:55:08.975+0000] {processor.py:925} INFO - DAG(s) 'hello_dag' retrieved from /opt/airflow/dags/01_hello_dag.py
[2026-08-24T07:55:09.032+0000] {logging_mixin.py:190} INFO - [2026-08-24T07:55:09.032+0000] {dag.py:3239} INFO - Sync 1 DAGs
[2026-08-24T07:55:09.054+0000] {logging_mixin.py:190} INFO - [2026-08-24T07:55:09.053+0000] {dag.py:4180} INFO - Setting next_dagrun for hello_dag to None, run_after=None
[2026-08-24T07:55:09.084+0000] {processor.py:208} INFO - Processing /opt/airflow/dags/01_hello_dag.py took 0.187 seconds
[2026-08-24T07:55:39.284+0000] {processor.py:186} INFO - Started process (PID=539) to work on /opt/airflow/dags/01_hello_dag.py
[2026-08-24T07:55:39.286+0000] {processor.py:914} INFO - Processing file /opt/airflow/dags/01_hello_dag.py for tasks to queue
[2026-08-24T07:55:39.290+0000] {logging_mixin.py:190} INFO - [2026-08-24T07:55:39.289+0000] {dagbag.py:588} INFO - Filling up the DagBag from /opt/airflow/dags/01_hello_dag.py
[2026-08-24T07:55:39.317+0000] {processor.py:925} INFO - DAG(s) 'hello_dag' retrieved from /opt/airflow/dags/01_hello_dag.py
[2026-08-24T07:55:39.354+0000] {logging_mixin.py:190} INFO - [2026-08-24T07:55:39.354+0000] {dag.py:3239} INFO - Sync 1 DAGs
[2026-08-24T07:55:39.376+0000] {logging_mixin.py:190} INFO - [2026-08-24T07:55:39.375+0000] {dag.py:4180} INFO - Setting next_dagrun for hello_dag to None, run_after=None
[2026-08-24T07:55:39.403+0000] {processor.py:208} INFO - Processing /opt/airflow/dags/01_hello_dag.py took 0.127 seconds
[2026-08-24T07:56:09.589+0000] {processor.py:186} INFO - Started process (PID=550) to work on /opt/airflow/dags/01_hello_dag.py
[2026-08-24T07:56:09.591+0000] {processor.py:914} INFO - Processing file /opt/airflow/dags/01_hello_dag.py for tasks to queue
[2026-08-24T07:56:09.595+0000] {logging_mixin.py:190} INFO - [2026-08-24T07:56:09.595+0000] {dagbag.py:588} INFO - Filling up the DagBag from /opt/airflow/dags/01_hello_dag.py
[2026-08-24T07:56:09.625+0000] {processor.py:925} INFO - DAG(s) 'hello_dag' retrieved from /opt/airflow/dags/01_hello_dag.py
[2026-08-24T07:56:09.664+0000] {logging_mixin.py:190} INFO - [2026-08-24T07:56:09.663+0000] {dag.py:3239} INFO - Sync 1 DAGs
[2026-08-24T07:56:09.690+0000] {logging_mixin.py:190} INFO - [2026-08-24T07:56:09.690+0000] {dag.py:4180} INFO - Setting next_dagrun for hello_dag to None, run_after=None
[2026-08-24T07:56:09.719+0000] {processor.py:208} INFO - Processing /opt/airflow/dags/01_hello_dag.py took 0.138 seconds
[2026-08-24T07:56:40.783+0000] {processor.py:186} INFO - Started process (PID=561) to work on /opt/airflow/dags/01_hello_dag.py
[2026-08-24T07:56:40.786+0000] {processor.py:914} INFO - Processing file /opt/airflow/dags/01_hello_dag.py for tasks to queue
[2026-08-24T07:56:40.796+0000] {logging_mixin.py:190} INFO - [2026-08-24T07:56:40.795+0000] {dagbag.py:588} INFO - Filling up the DagBag from /opt/airflow/dags/01_hello_dag.py
[2026-08-24T07:56:40.848+0000] {processor.py:925} INFO - DAG(s) 'hello_dag' retrieved from /opt/airflow/dags/01_hello_dag.py
[2026-08-24T07:56:40.926+0000] {logging_mixin.py:190} INFO - [2026-08-24T07:56:40.926+0000] {dag.py:3239} INFO - Sync 1 DAGs
[2026-08-24T07:56:40.968+0000] {logging_mixin.py:190} INFO - [2026-08-24T07:56:40.967+0000] {dag.py:4180} INFO - Setting next_dagrun for hello_dag to None, run_after=None
[2026-08-24T07:56:41.025+0000] {processor.py:208} INFO - Processing /opt/airflow/dags/01_hello_dag.py took 0.263 seconds
[2026-08-24T07:57:11.722+0000] {processor.py:186} INFO - Started process (PID=572) to work on /opt/airflow/dags/01_hello_dag.py
[2026-08-24T07:57:11.732+0000] {processor.py:914} INFO - Processing file /opt/airflow/dags/01_hello_dag.py for tasks to queue
[2026-08-24T07:57:11.740+0000] {logging_mixin.py:190} INFO - [2026-08-24T07:57:11.740+0000] {dagbag.py:588} INFO - Filling up the DagBag from /opt/airflow/dags/01_hello_dag.py
[2026-08-24T07:57:11.798+0000] {processor.py:925} INFO - DAG(s) 'hello_dag' retrieved from /opt/airflow/dags/01_hello_dag.py
[2026-08-24T07:57:11.881+0000] {logging_mixin.py:190} INFO - [2026-08-24T07:57:11.881+0000] {dag.py:3239} INFO - Sync 1 DAGs
[2026-08-24T07:57:11.938+0000] {logging_mixin.py:190} INFO - [2026-08-24T07:57:11.938+0000] {dag.py:4180} INFO - Setting next_dagrun for hello_dag to None, run_after=None
[2026-08-24T07:57:12.017+0000] {processor.py:208} INFO - Processing /opt/airflow/dags/01_hello_dag.py took 0.324 seconds
[2026-08-24T07:57:42.124+0000] {processor.py:186} INFO - Started process (PID=583) to work on /opt/airflow/dags/01_hello_dag.py
[2026-08-24T07:57:42.127+0000] {processor.py:914} INFO - Processing file /opt/airflow/dags/01_hello_dag.py for tasks to queue
[2026-08-24T07:57:42.134+0000] {logging_mixin.py:190} INFO - [2026-08-24T07:57:42.133+0000] {dagbag.py:588} INFO - Filling up the DagBag from /opt/airflow/dags/01_hello_dag.py
[2026-08-24T07:57:42.186+0000] {processor.py:925} INFO - DAG(s) 'hello_dag' retrieved from /opt/airflow/dags/01_hello_dag.py
[2026-08-24T07:57:42.257+0000] {logging_mixin.py:190} INFO - [2026-08-24T07:57:42.257+0000] {dag.py:3239} INFO - Sync 1 DAGs
[2026-08-24T07:57:42.297+0000] {logging_mixin.py:190} INFO - [2026-08-24T07:57:42.296+0000] {dag.py:4180} INFO - Setting next_dagrun for hello_dag to None, run_after=None
[2026-08-24T07:57:42.351+0000] {processor.py:208} INFO - Processing /opt/airflow/dags/01_hello_dag.py took 0.241 seconds
[2026-08-24T07:58:13.191+0000] {processor.py:186} INFO - Started process (PID=594) to work on /opt/airflow/dags/01_hello_dag.py
[2026-08-24T07:58:13.193+0000] {processor.py:914} INFO - Processing file /opt/airflow/dags/01_hello_dag.py for tasks to queue
[2026-08-24T07:58:13.202+0000] {logging_mixin.py:190} INFO - [2026-08-24T07:58:13.201+0000] {dagbag.py:588} INFO - Filling up the DagBag from /opt/airflow/dags/01_hello_dag.py
[2026-08-24T07:58:13.244+0000] {processor.py:925} INFO - DAG(s) 'hello_dag' retrieved from /opt/airflow/dags/01_hello_dag.py
[2026-08-24T07:58:13.302+0000] {logging_mixin.py:190} INFO - [2026-08-24T07:58:13.301+0000] {dag.py:3239} INFO - Sync 1 DAGs
[2026-08-24T07:58:13.334+0000] {logging_mixin.py:190} INFO - [2026-08-24T07:58:13.333+0000] {dag.py:4180} INFO - Setting next_dagrun for hello_dag to None, run_after=None
[2026-08-24T07:58:13.376+0000] {processor.py:208} INFO - Processing /opt/airflow/dags/01_hello_dag.py took 0.202 seconds
[2026-08-24T07:58:43.916+0000] {processor.py:186} INFO - Started process (PID=604) to work on /opt/airflow/dags/01_hello_dag.py
[2026-08-24T07:58:43.919+0000] {processor.py:914} INFO - Processing file /opt/airflow/dags/01_hello_dag.py for tasks to queue
[2026-08-24T07:58:43.931+0000] {logging_mixin.py:190} INFO - [2026-08-24T07:58:43.930+0000] {dagbag.py:588} INFO - Filling up the DagBag from /opt/airflow/dags/01_hello_dag.py
[2026-08-24T07:58:43.981+0000] {processor.py:925} INFO - DAG(s) 'hello_dag' retrieved from /opt/airflow/dags/01_hello_dag.py
[2026-08-24T07:58:44.069+0000] {logging_mixin.py:190} INFO - [2026-08-24T07:58:44.068+0000] {dag.py:3239} INFO - Sync 1 DAGs
[2026-08-24T07:58:44.124+0000] {logging_mixin.py:190} INFO - [2026-08-24T07:58:44.124+0000] {dag.py:4180} INFO - Setting next_dagrun for hello_dag to None, run_after=None
[2026-08-24T07:58:44.173+0000] {processor.py:208} INFO - Processing /opt/airflow/dags/01_hello_dag.py took 0.273 seconds
[2026-08-24T07:59:14.504+0000] {processor.py:186} INFO - Started process (PID=615) to work on /opt/airflow/dags/01_hello_dag.py
[2026-08-24T07:59:14.508+0000] {processor.py:914} INFO - Processing file /opt/airflow/dags/01_hello_dag.py for tasks to queue
[2026-08-24T07:59:14.515+0000] {logging_mixin.py:190} INFO - [2026-08-24T07:59:14.514+0000] {dagbag.py:588} INFO - Filling up the DagBag from /opt/airflow/dags/01_hello_dag.py
[2026-08-24T07:59:14.559+0000] {processor.py:925} INFO - DAG(s) 'hello_dag' retrieved from /opt/airflow/dags/01_hello_dag.py
[2026-08-24T07:59:14.614+0000] {logging_mixin.py:190} INFO - [2026-08-24T07:59:14.613+0000] {dag.py:3239} INFO - Sync 1 DAGs
[2026-08-24T07:59:14.642+0000] {logging_mixin.py:190} INFO - [2026-08-24T07:59:14.641+0000] {dag.py:4180} INFO - Setting next_dagrun for hello_dag to None, run_after=None
[2026-08-24T07:59:14.682+0000] {processor.py:208} INFO - Processing /opt/airflow/dags/01_hello_dag.py took 0.200 seconds
[2026-08-24T07:59:45.261+0000] {processor.py:186} INFO - Started process (PID=626) to work on /opt/airflow/dags/01_hello_dag.py
[2026-08-24T07:59:45.266+0000] {processor.py:914} INFO - Processing file /opt/airflow/dags/01_hello_dag.py for tasks to queue
[2026-08-24T07:59:45.280+0000] {logging_mixin.py:190} INFO - [2026-08-24T07:59:45.279+0000] {dagbag.py:588} INFO - Filling up the DagBag from /opt/airflow/dags/01_hello_dag.py
[2026-08-24T07:59:45.448+0000] {processor.py:925} INFO - DAG(s) 'hello_dag' retrieved from /opt/airflow/dags/01_hello_dag.py
[2026-08-24T07:59:45.569+0000] {logging_mixin.py:190} INFO - [2026-08-24T07:59:45.568+0000] {dag.py:3239} INFO - Sync 1 DAGs
[2026-08-24T07:59:45.631+0000] {logging_mixin.py:190} INFO - [2026-08-24T07:59:45.629+0000] {dag.py:4180} INFO - Setting next_dagrun for hello_dag to None, run_after=None
[2026-08-24T07:59:45.712+0000] {processor.py:208} INFO - Processing /opt/airflow/dags/01_hello_dag.py took 0.473 seconds
[2026-08-24T08:00:15.984+0000] {processor.py:186} INFO - Started process (PID=637) to work on /opt/airflow/dags/01_hello_dag.py
[2026-08-24T08:00:15.988+0000] {processor.py:914} INFO - Processing file /opt/airflow/dags/01_hello_dag.py for tasks to queue
[2026-08-24T08:00:16.000+0000] {logging_mixin.py:190} INFO - [2026-08-24T08:00:15.998+0000] {dagbag.py:588} INFO - Filling up the DagBag from /opt/airflow/dags/01_hello_dag.py
[2026-08-24T08:00:16.115+0000] {processor.py:925} INFO - DAG(s) 'hello_dag' retrieved from /opt/airflow/dags/01_hello_dag.py
[2026-08-24T08:00:16.225+0000] {logging_mixin.py:190} INFO - [2026-08-24T08:00:16.225+0000] {dag.py:3239} INFO - Sync 1 DAGs
[2026-08-24T08:00:16.283+0000] {logging_mixin.py:190} INFO - [2026-08-24T08:00:16.282+0000] {dag.py:4180} INFO - Setting next_dagrun for hello_dag to None, run_after=None
[2026-08-24T08:00:16.387+0000] {processor.py:208} INFO - Processing /opt/airflow/dags/01_hello_dag.py took 0.425 seconds
[2026-08-24T08:00:46.807+0000] {processor.py:186} INFO - Started process (PID=648) to work on /opt/airflow/dags/01_hello_dag.py
[2026-08-24T08:00:46.809+0000] {processor.py:914} INFO - Processing file /opt/airflow/dags/01_hello_dag.py for tasks to queue
[2026-08-24T08:00:46.814+0000] {logging_mixin.py:190} INFO - [2026-08-24T08:00:46.813+0000] {dagbag.py:588} INFO - Filling up the DagBag from /opt/airflow/dags/01_hello_dag.py
[2026-08-24T08:00:46.861+0000] {processor.py:925} INFO - DAG(s) 'hello_dag' retrieved from /opt/airflow/dags/01_hello_dag.py
[2026-08-24T08:00:46.925+0000] {logging_mixin.py:190} INFO - [2026-08-24T08:00:46.925+0000] {dag.py:3239} INFO - Sync 1 DAGs
[2026-08-24T08:00:46.957+0000] {logging_mixin.py:190} INFO - [2026-08-24T08:00:46.957+0000] {dag.py:4180} INFO - Setting next_dagrun for hello_dag to None, run_after=None
[2026-08-24T08:00:47.001+0000] {processor.py:208} INFO - Processing /opt/airflow/dags/01_hello_dag.py took 0.205 seconds
[2026-08-24T08:01:17.138+0000] {processor.py:186} INFO - Started process (PID=658) to work on /opt/airflow/dags/01_hello_dag.py
[2026-08-24T08:01:17.140+0000] {processor.py:914} INFO - Processing file /opt/airflow/dags/01_hello_dag.py for tasks to queue
[2026-08-24T08:01:17.147+0000] {logging_mixin.py:190} INFO - [2026-08-24T08:01:17.146+0000] {dagbag.py:588} INFO - Filling up the DagBag from /opt/airflow/dags/01_hello_dag.py
[2026-08-24T08:01:17.196+0000] {processor.py:925} INFO - DAG(s) 'hello_dag' retrieved from /opt/airflow/dags/01_hello_dag.py
[2026-08-24T08:01:17.276+0000] {logging_mixin.py:190} INFO - [2026-08-24T08:01:17.275+0000] {dag.py:3239} INFO - Sync 1 DAGs
[2026-08-24T08:01:17.340+0000] {logging_mixin.py:190} INFO - [2026-08-24T08:01:17.339+0000] {dag.py:4180} INFO - Setting next_dagrun for hello_dag to None, run_after=None
[2026-08-24T08:01:17.397+0000] {processor.py:208} INFO - Processing /opt/airflow/dags/01_hello_dag.py took 0.271 seconds
[2026-08-24T08:01:47.732+0000] {processor.py:186} INFO - Started process (PID=669) to work on /opt/airflow/dags/01_hello_dag.py
[2026-08-24T08:01:47.739+0000] {processor.py:914} INFO - Processing file /opt/airflow/dags/01_hello_dag.py for tasks to queue
[2026-08-24T08:01:47.746+0000] {logging_mixin.py:190} INFO - [2026-08-24T08:01:47.746+0000] {dagbag.py:588} INFO - Filling up the DagBag from /opt/airflow/dags/01_hello_dag.py
[2026-08-24T08:01:47.809+0000] {processor.py:925} INFO - DAG(s) 'hello_dag' retrieved from /opt/airflow/dags/01_hello_dag.py
[2026-08-24T08:01:47.912+0000] {logging_mixin.py:190} INFO - [2026-08-24T08:01:47.912+0000] {dag.py:3239} INFO - Sync 1 DAGs
[2026-08-24T08:01:48.032+0000] {logging_mixin.py:190} INFO - [2026-08-24T08:01:48.032+0000] {dag.py:4180} INFO - Setting next_dagrun for hello_dag to None, run_after=None
[2026-08-24T08:01:48.124+0000] {processor.py:208} INFO - Processing /opt/airflow/dags/01_hello_dag.py took 0.408 seconds
[2026-08-24T08:02:18.539+0000] {processor.py:186} INFO - Started process (PID=680) to work on /opt/airflow/dags/01_hello_dag.py
[2026-08-24T08:02:18.542+0000] {processor.py:914} INFO - Processing file /opt/airflow/dags/01_hello_dag.py for tasks to queue
[2026-08-24T08:02:18.548+0000] {logging_mixin.py:190} INFO - [2026-08-24T08:02:18.547+0000] {dagbag.py:588} INFO - Filling up the DagBag from /opt/airflow/dags/01_hello_dag.py
[2026-08-24T08:02:18.619+0000] {processor.py:925} INFO - DAG(s) 'hello_dag' retrieved from /opt/airflow/dags/01_hello_dag.py
[2026-08-24T08:02:18.709+0000] {logging_mixin.py:190} INFO - [2026-08-24T08:02:18.708+0000] {dag.py:3239} INFO - Sync 1 DAGs
[2026-08-24T08:02:18.766+0000] {logging_mixin.py:190} INFO - [2026-08-24T08:02:18.765+0000] {dag.py:4180} INFO - Setting next_dagrun for hello_dag to None, run_after=None
[2026-08-24T08:02:18.838+0000] {processor.py:208} INFO - Processing /opt/airflow/dags/01_hello_dag.py took 0.314 seconds
[2026-08-24T08:02:49.896+0000] {processor.py:186} INFO - Started process (PID=691) to work on /opt/airflow/dags/01_hello_dag.py
[2026-08-24T08:02:49.899+0000] {processor.py:914} INFO - Processing file /opt/airflow/dags/01_hello_dag.py for tasks to queue
[2026-08-24T08:02:49.910+0000] {logging_mixin.py:190} INFO - [2026-08-24T08:02:49.909+0000] {dagbag.py:588} INFO - Filling up the DagBag from /opt/airflow/dags/01_hello_dag.py
[2026-08-24T08:02:49.981+0000] {processor.py:925} INFO - DAG(s) 'hello_dag' retrieved from /opt/airflow/dags/01_hello_dag.py
[2026-08-24T08:02:50.084+0000] {logging_mixin.py:190} INFO - [2026-08-24T08:02:50.084+0000] {dag.py:3239} INFO - Sync 1 DAGs
[2026-08-24T08:02:50.143+0000] {logging_mixin.py:190} INFO - [2026-08-24T08:02:50.143+0000] {dag.py:4180} INFO - Setting next_dagrun for hello_dag to None, run_after=None
[2026-08-24T08:02:50.241+0000] {processor.py:208} INFO - Processing /opt/airflow/dags/01_hello_dag.py took 0.372 seconds
[2026-08-24T08:03:20.559+0000] {processor.py:186} INFO - Started process (PID=702) to work on /opt/airflow/dags/01_hello_dag.py
[2026-08-24T08:03:20.568+0000] {processor.py:914} INFO - Processing file /opt/airflow/dags/01_hello_dag.py for tasks to queue
[2026-08-24T08:03:20.575+0000] {logging_mixin.py:190} INFO - [2026-08-24T08:03:20.574+0000] {dagbag.py:588} INFO - Filling up the DagBag from /opt/airflow/dags/01_hello_dag.py
[2026-08-24T08:03:20.728+0000] {processor.py:925} INFO - DAG(s) 'hello_dag' retrieved from /opt/airflow/dags/01_hello_dag.py
[2026-08-24T08:03:20.804+0000] {logging_mixin.py:190} INFO - [2026-08-24T08:03:20.804+0000] {dag.py:3239} INFO - Sync 1 DAGs
[2026-08-24T08:03:20.846+0000] {logging_mixin.py:190} INFO - [2026-08-24T08:03:20.846+0000] {dag.py:4180} INFO - Setting next_dagrun for hello_dag to None, run_after=None
[2026-08-24T08:03:20.901+0000] {processor.py:208} INFO - Processing /opt/airflow/dags/01_hello_dag.py took 0.366 seconds
[2026-08-24T08:03:51.154+0000] {processor.py:186} INFO - Started process (PID=714) to work on /opt/airflow/dags/01_hello_dag.py
[2026-08-24T08:03:51.157+0000] {processor.py:914} INFO - Processing file /opt/airflow/dags/01_hello_dag.py for tasks to queue
[2026-08-24T08:03:51.164+0000] {logging_mixin.py:190} INFO - [2026-08-24T08:03:51.163+0000] {dagbag.py:588} INFO - Filling up the DagBag from /opt/airflow/dags/01_hello_dag.py
[2026-08-24T08:03:51.252+0000] {processor.py:925} INFO - DAG(s) 'hello_dag' retrieved from /opt/airflow/dags/01_hello_dag.py
[2026-08-24T08:03:51.336+0000] {logging_mixin.py:190} INFO - [2026-08-24T08:03:51.336+0000] {dag.py:3239} INFO - Sync 1 DAGs
[2026-08-24T08:03:51.367+0000] {logging_mixin.py:190} INFO - [2026-08-24T08:03:51.366+0000] {dag.py:4180} INFO - Setting next_dagrun for hello_dag to None, run_after=None
[2026-08-24T08:03:51.415+0000] {processor.py:208} INFO - Processing /opt/airflow/dags/01_hello_dag.py took 0.276 seconds
[2026-08-24T08:04:21.620+0000] {processor.py:186} INFO - Started process (PID=725) to work on /opt/airflow/dags/01_hello_dag.py
[2026-08-24T08:04:21.621+0000] {processor.py:914} INFO - Processing file /opt/airflow/dags/01_hello_dag.py for tasks to queue
[2026-08-24T08:04:21.626+0000] {logging_mixin.py:190} INFO - [2026-08-24T08:04:21.625+0000] {dagbag.py:588} INFO - Filling up the DagBag from /opt/airflow/dags/01_hello_dag.py
[2026-08-24T08:04:21.658+0000] {processor.py:925} INFO - DAG(s) 'hello_dag' retrieved from /opt/airflow/dags/01_hello_dag.py
[2026-08-24T08:04:21.701+0000] {logging_mixin.py:190} INFO - [2026-08-24T08:04:21.701+0000] {dag.py:3239} INFO - Sync 1 DAGs
[2026-08-24T08:04:21.722+0000] {logging_mixin.py:190} INFO - [2026-08-24T08:04:21.722+0000] {dag.py:4180} INFO - Setting next_dagrun for hello_dag to None, run_after=None
[2026-08-24T08:04:21.751+0000] {processor.py:208} INFO - Processing /opt/airflow/dags/01_hello_dag.py took 0.139 seconds
[2026-08-24T08:04:52.392+0000] {processor.py:186} INFO - Started process (PID=737) to work on /opt/airflow/dags/01_hello_dag.py
[2026-08-24T08:04:52.396+0000] {processor.py:914} INFO - Processing file /opt/airflow/dags/01_hello_dag.py for tasks to queue
[2026-08-24T08:04:52.403+0000] {logging_mixin.py:190} INFO - [2026-08-24T08:04:52.402+0000] {dagbag.py:588} INFO - Filling up the DagBag from /opt/airflow/dags/01_hello_dag.py
[2026-08-24T08:04:52.542+0000] {processor.py:925} INFO - DAG(s) 'hello_dag' retrieved from /opt/airflow/dags/01_hello_dag.py
[2026-08-24T08:04:52.724+0000] {logging_mixin.py:190} INFO - [2026-08-24T08:04:52.723+0000] {dag.py:3239} INFO - Sync 1 DAGs
[2026-08-24T08:04:52.812+0000] {logging_mixin.py:190} INFO - [2026-08-24T08:04:52.812+0000] {dag.py:4180} INFO - Setting next_dagrun for hello_dag to None, run_after=None
[2026-08-24T08:04:52.918+0000] {processor.py:208} INFO - Processing /opt/airflow/dags/01_hello_dag.py took 0.533 seconds
[2026-08-24T08:05:23.245+0000] {processor.py:186} INFO - Started process (PID=748) to work on /opt/airflow/dags/01_hello_dag.py
[2026-08-24T08:05:23.247+0000] {processor.py:914} INFO - Processing file /opt/airflow/dags/01_hello_dag.py for tasks to queue
[2026-08-24T08:05:23.252+0000] {logging_mixin.py:190} INFO - [2026-08-24T08:05:23.251+0000] {dagbag.py:588} INFO - Filling up the DagBag from /opt/airflow/dags/01_hello_dag.py
[2026-08-24T08:05:23.287+0000] {processor.py:925} INFO - DAG(s) 'hello_dag' retrieved from /opt/airflow/dags/01_hello_dag.py
[2026-08-24T08:05:23.331+0000] {logging_mixin.py:190} INFO - [2026-08-24T08:05:23.330+0000] {dag.py:3239} INFO - Sync 1 DAGs
[2026-08-24T08:05:23.352+0000] {logging_mixin.py:190} INFO - [2026-08-24T08:05:23.352+0000] {dag.py:4180} INFO - Setting next_dagrun for hello_dag to None, run_after=None
[2026-08-24T08:05:23.391+0000] {processor.py:208} INFO - Processing /opt/airflow/dags/01_hello_dag.py took 0.156 seconds
[2026-08-24T08:05:53.474+0000] {processor.py:186} INFO - Started process (PID=760) to work on /opt/airflow/dags/01_hello_dag.py
[2026-08-24T08:05:53.476+0000] {processor.py:914} INFO - Processing file /opt/airflow/dags/01_hello_dag.py for tasks to queue
[2026-08-24T08:05:53.481+0000] {logging_mixin.py:190} INFO - [2026-08-24T08:05:53.481+0000] {dagbag.py:588} INFO - Filling up the DagBag from /opt/airflow/dags/01_hello_dag.py
[2026-08-24T08:05:53.523+0000] {processor.py:925} INFO - DAG(s) 'hello_dag' retrieved from /opt/airflow/dags/01_hello_dag.py
[2026-08-24T08:05:53.584+0000] {logging_mixin.py:190} INFO - [2026-08-24T08:05:53.583+0000] {dag.py:3239} INFO - Sync 1 DAGs
[2026-08-24T08:05:53.619+0000] {logging_mixin.py:190} INFO - [2026-08-24T08:05:53.618+0000] {dag.py:4180} INFO - Setting next_dagrun for hello_dag to None, run_after=None
[2026-08-24T08:05:53.660+0000] {processor.py:208} INFO - Processing /opt/airflow/dags/01_hello_dag.py took 0.198 seconds
[2026-08-24T08:06:23.924+0000] {processor.py:186} INFO - Started process (PID=771) to work on /opt/airflow/dags/01_hello_dag.py
[2026-08-24T08:06:23.930+0000] {processor.py:914} INFO - Processing file /opt/airflow/dags/01_hello_dag.py for tasks to queue
[2026-08-24T08:06:23.941+0000] {logging_mixin.py:190} INFO - [2026-08-24T08:06:23.940+0000] {dagbag.py:588} INFO - Filling up the DagBag from /opt/airflow/dags/01_hello_dag.py
[2026-08-24T08:06:24.037+0000] {processor.py:925} INFO - DAG(s) 'hello_dag' retrieved from /opt/airflow/dags/01_hello_dag.py
[2026-08-24T08:06:24.141+0000] {logging_mixin.py:190} INFO - [2026-08-24T08:06:24.140+0000] {dag.py:3239} INFO - Sync 1 DAGs
[2026-08-24T08:06:24.185+0000] {logging_mixin.py:190} INFO - [2026-08-24T08:06:24.184+0000] {dag.py:4180} INFO - Setting next_dagrun for hello_dag to None, run_after=None
[2026-08-24T08:06:24.238+0000] {processor.py:208} INFO - Processing /opt/airflow/dags/01_hello_dag.py took 0.343 seconds
[2026-08-24T08:06:54.414+0000] {processor.py:186} INFO - Started process (PID=782) to work on /opt/airflow/dags/01_hello_dag.py
[2026-08-24T08:06:54.417+0000] {processor.py:914} INFO - Processing file /opt/airflow/dags/01_hello_dag.py for tasks to queue
[2026-08-24T08:06:54.428+0000] {logging_mixin.py:190} INFO - [2026-08-24T08:06:54.426+0000] {dagbag.py:588} INFO - Filling up the DagBag from /opt/airflow/dags/01_hello_dag.py
[2026-08-24T08:06:54.515+0000] {processor.py:925} INFO - DAG(s) 'hello_dag' retrieved from /opt/airflow/dags/01_hello_dag.py
[2026-08-24T08:06:54.605+0000] {logging_mixin.py:190} INFO - [2026-08-24T08:06:54.604+0000] {dag.py:3239} INFO - Sync 1 DAGs
[2026-08-24T08:06:54.646+0000] {logging_mixin.py:190} INFO - [2026-08-24T08:06:54.645+0000] {dag.py:4180} INFO - Setting next_dagrun for hello_dag to None, run_after=None
[2026-08-24T08:06:54.708+0000] {processor.py:208} INFO - Processing /opt/airflow/dags/01_hello_dag.py took 0.312 seconds
[2026-08-24T08:07:25.509+0000] {processor.py:186} INFO - Started process (PID=792) to work on /opt/airflow/dags/01_hello_dag.py
[2026-08-24T08:07:25.513+0000] {processor.py:914} INFO - Processing file /opt/airflow/dags/01_hello_dag.py for tasks to queue
[2026-08-24T08:07:25.519+0000] {logging_mixin.py:190} INFO - [2026-08-24T08:07:25.518+0000] {dagbag.py:588} INFO - Filling up the DagBag from /opt/airflow/dags/01_hello_dag.py
[2026-08-24T08:07:25.568+0000] {processor.py:925} INFO - DAG(s) 'hello_dag' retrieved from /opt/airflow/dags/01_hello_dag.py
[2026-08-24T08:07:25.656+0000] {logging_mixin.py:190} INFO - [2026-08-24T08:07:25.655+0000] {dag.py:3239} INFO - Sync 1 DAGs
[2026-08-24T08:07:25.693+0000] {logging_mixin.py:190} INFO - [2026-08-24T08:07:25.693+0000] {dag.py:4180} INFO - Setting next_dagrun for hello_dag to None, run_after=None
[2026-08-24T08:07:25.739+0000] {processor.py:208} INFO - Processing /opt/airflow/dags/01_hello_dag.py took 0.244 seconds
