[2026-08-24T07:35:26.163+0000] {processor.py:186} INFO - Started process (PID=92) to work on /opt/airflow/dags/02_xcom_dag.py
[2026-08-24T07:35:26.167+0000] {processor.py:914} INFO - Processing file /opt/airflow/dags/02_xcom_dag.py for tasks to queue
[2026-08-24T07:35:26.172+0000] {logging_mixin.py:190} INFO - [2026-08-24T07:35:26.171+0000] {dagbag.py:588} INFO - Filling up the DagBag from /opt/airflow/dags/02_xcom_dag.py
[2026-08-24T07:35:26.270+0000] {processor.py:925} INFO - DAG(s) 'xcom_dag' retrieved from /opt/airflow/dags/02_xcom_dag.py
[2026-08-24T07:35:26.607+0000] {logging_mixin.py:190} INFO - [2026-08-24T07:35:26.604+0000] {override.py:1911} INFO - Created Permission View: can read on DAG:xcom_dag
[2026-08-24T07:35:26.647+0000] {logging_mixin.py:190} INFO - [2026-08-24T07:35:26.646+0000] {override.py:1911} INFO - Created Permission View: can edit on DAG:xcom_dag
[2026-08-24T07:35:26.665+0000] {logging_mixin.py:190} INFO - [2026-08-24T07:35:26.664+0000] {override.py:1911} INFO - Created Permission View: can delete on DAG:xcom_dag
[2026-08-24T07:35:26.686+0000] {logging_mixin.py:190} INFO - [2026-08-24T07:35:26.685+0000] {override.py:1911} INFO - Created Permission View: can read on DAG Run:xcom_dag
[2026-08-24T07:35:26.706+0000] {logging_mixin.py:190} INFO - [2026-08-24T07:35:26.705+0000] {override.py:1911} INFO - Created Permission View: menu access on DAG Run:xcom_dag
[2026-08-24T07:35:26.726+0000] {logging_mixin.py:190} INFO - [2026-08-24T07:35:26.725+0000] {override.py:1911} INFO - Created Permission View: can create on DAG Run:xcom_dag
[2026-08-24T07:35:26.746+0000] {logging_mixin.py:190} INFO - [2026-08-24T07:35:26.745+0000] {override.py:1911} INFO - Created Permission View: can delete on DAG Run:xcom_dag
[2026-08-24T07:35:26.750+0000] {logging_mixin.py:190} INFO - [2026-08-24T07:35:26.749+0000] {dag.py:3239} INFO - Sync 1 DAGs
[2026-08-24T07:35:27.408+0000] {logging_mixin.py:190} INFO - [2026-08-24T07:35:27.408+0000] {dag.py:3262} INFO - Creating ORM DAG for xcom_dag
[2026-08-24T07:35:27.411+0000] {logging_mixin.py:190} INFO - [2026-08-24T07:35:27.411+0000] {dag.py:4180} INFO - Setting next_dagrun for xcom_dag to None, run_after=None
[2026-08-24T07:35:27.485+0000] {processor.py:208} INFO - Processing /opt/airflow/dags/02_xcom_dag.py took 1.336 seconds
[2026-08-24T07:35:57.945+0000] {processor.py:186} INFO - Started process (PID=102) to work on /opt/airflow/dags/02_xcom_dag.py
[2026-08-24T07:35:57.948+0000] {processor.py:914} INFO - Processing file /opt/airflow/dags/02_xcom_dag.py for tasks to queue
[2026-08-24T07:35:57.966+0000] {logging_mixin.py:190} INFO - [2026-08-24T07:35:57.964+0000] {dagbag.py:588} INFO - Filling up the DagBag from /opt/airflow/dags/02_xcom_dag.py
[2026-08-24T07:35:58.144+0000] {processor.py:925} INFO - DAG(s) 'xcom_dag' retrieved from /opt/airflow/dags/02_xcom_dag.py
[2026-08-24T07:35:58.583+0000] {logging_mixin.py:190} INFO - [2026-08-24T07:35:58.583+0000] {dag.py:3239} INFO - Sync 1 DAGs
[2026-08-24T07:35:58.637+0000] {logging_mixin.py:190} INFO - [2026-08-24T07:35:58.636+0000] {dag.py:4180} INFO - Setting next_dagrun for xcom_dag to None, run_after=None
[2026-08-24T07:35:58.716+0000] {processor.py:208} INFO - Processing /opt/airflow/dags/02_xcom_dag.py took 0.805 seconds
[2026-08-24T07:36:28.942+0000] {processor.py:186} INFO - Started process (PID=113) to work on /opt/airflow/dags/02_xcom_dag.py
[2026-08-24T07:36:28.944+0000] {processor.py:914} INFO - Processing file /opt/airflow/dags/02_xcom_dag.py for tasks to queue
[2026-08-24T07:36:28.950+0000] {logging_mixin.py:190} INFO - [2026-08-24T07:36:28.949+0000] {dagbag.py:588} INFO - Filling up the DagBag from /opt/airflow/dags/02_xcom_dag.py
[2026-08-24T07:36:28.998+0000] {processor.py:925} INFO - DAG(s) 'xcom_dag' retrieved from /opt/airflow/dags/02_xcom_dag.py
[2026-08-24T07:36:29.110+0000] {logging_mixin.py:190} INFO - [2026-08-24T07:36:29.105+0000] {dag.py:3239} INFO - Sync 1 DAGs
[2026-08-24T07:36:29.146+0000] {logging_mixin.py:190} INFO - [2026-08-24T07:36:29.146+0000] {dag.py:4180} INFO - Setting next_dagrun for xcom_dag to None, run_after=None
[2026-08-24T07:36:29.193+0000] {processor.py:208} INFO - Processing /opt/airflow/dags/02_xcom_dag.py took 0.266 seconds
[2026-08-24T07:36:59.641+0000] {processor.py:186} INFO - Started process (PID=124) to work on /opt/airflow/dags/02_xcom_dag.py
[2026-08-24T07:36:59.647+0000] {processor.py:914} INFO - Processing file /opt/airflow/dags/02_xcom_dag.py for tasks to queue
[2026-08-24T07:36:59.656+0000] {logging_mixin.py:190} INFO - [2026-08-24T07:36:59.655+0000] {dagbag.py:588} INFO - Filling up the DagBag from /opt/airflow/dags/02_xcom_dag.py
[2026-08-24T07:36:59.733+0000] {processor.py:925} INFO - DAG(s) 'xcom_dag' retrieved from /opt/airflow/dags/02_xcom_dag.py
[2026-08-24T07:36:59.968+0000] {logging_mixin.py:190} INFO - [2026-08-24T07:36:59.967+0000] {dag.py:3239} INFO - Sync 1 DAGs
[2026-08-24T07:37:00.061+0000] {logging_mixin.py:190} INFO - [2026-08-24T07:37:00.060+0000] {dag.py:4180} INFO - Setting next_dagrun for xcom_dag to None, run_after=None
[2026-08-24T07:37:00.212+0000] {processor.py:208} INFO - Processing /opt/airflow/dags/02_xcom_dag.py took 0.587 seconds
[2026-08-24T07:37:30.808+0000] {processor.py:186} INFO - Started process (PID=135) to work on /opt/airflow/dags/02_xcom_dag.py
[2026-08-24T07:37:30.813+0000] {processor.py:914} INFO - Processing file /opt/airflow/dags/02_xcom_dag.py for tasks to queue
[2026-08-24T07:37:30.827+0000] {logging_mixin.py:190} INFO - [2026-08-24T07:37:30.823+0000] {dagbag.py:588} INFO - Filling up the DagBag from /opt/airflow/dags/02_xcom_dag.py
[2026-08-24T07:37:30.944+0000] {processor.py:925} INFO - DAG(s) 'xcom_dag' retrieved from /opt/airflow/dags/02_xcom_dag.py
[2026-08-24T07:37:31.097+0000] {logging_mixin.py:190} INFO - [2026-08-24T07:37:31.096+0000] {dag.py:3239} INFO - Sync 1 DAGs
[2026-08-24T07:37:31.529+0000] {logging_mixin.py:190} INFO - [2026-08-24T07:37:31.528+0000] {dag.py:4180} INFO - Setting next_dagrun for xcom_dag to None, run_after=None
[2026-08-24T07:37:31.579+0000] {processor.py:208} INFO - Processing /opt/airflow/dags/02_xcom_dag.py took 0.790 seconds
[2026-08-24T07:38:02.549+0000] {processor.py:186} INFO - Started process (PID=147) to work on /opt/airflow/dags/02_xcom_dag.py
[2026-08-24T07:38:02.554+0000] {processor.py:914} INFO - Processing file /opt/airflow/dags/02_xcom_dag.py for tasks to queue
[2026-08-24T07:38:02.582+0000] {logging_mixin.py:190} INFO - [2026-08-24T07:38:02.581+0000] {dagbag.py:588} INFO - Filling up the DagBag from /opt/airflow/dags/02_xcom_dag.py
[2026-08-24T07:38:02.735+0000] {processor.py:925} INFO - DAG(s) 'xcom_dag' retrieved from /opt/airflow/dags/02_xcom_dag.py
[2026-08-24T07:38:03.465+0000] {logging_mixin.py:190} INFO - [2026-08-24T07:38:03.464+0000] {dag.py:3239} INFO - Sync 1 DAGs
[2026-08-24T07:38:03.546+0000] {logging_mixin.py:190} INFO - [2026-08-24T07:38:03.545+0000] {dag.py:4180} INFO - Setting next_dagrun for xcom_dag to None, run_after=None
[2026-08-24T07:38:03.651+0000] {processor.py:208} INFO - Processing /opt/airflow/dags/02_xcom_dag.py took 1.126 seconds
[2026-08-24T07:38:33.982+0000] {processor.py:186} INFO - Started process (PID=158) to work on /opt/airflow/dags/02_xcom_dag.py
[2026-08-24T07:38:33.986+0000] {processor.py:914} INFO - Processing file /opt/airflow/dags/02_xcom_dag.py for tasks to queue
[2026-08-24T07:38:33.998+0000] {logging_mixin.py:190} INFO - [2026-08-24T07:38:33.992+0000] {dagbag.py:588} INFO - Filling up the DagBag from /opt/airflow/dags/02_xcom_dag.py
[2026-08-24T07:38:34.129+0000] {processor.py:925} INFO - DAG(s) 'xcom_dag' retrieved from /opt/airflow/dags/02_xcom_dag.py
[2026-08-24T07:38:34.311+0000] {logging_mixin.py:190} INFO - [2026-08-24T07:38:34.310+0000] {dag.py:3239} INFO - Sync 1 DAGs
[2026-08-24T07:38:34.442+0000] {logging_mixin.py:190} INFO - [2026-08-24T07:38:34.441+0000] {dag.py:4180} INFO - Setting next_dagrun for xcom_dag to None, run_after=None
[2026-08-24T07:38:34.565+0000] {processor.py:208} INFO - Processing /opt/airflow/dags/02_xcom_dag.py took 0.618 seconds
[2026-08-24T07:39:05.287+0000] {processor.py:186} INFO - Started process (PID=169) to work on /opt/airflow/dags/02_xcom_dag.py
[2026-08-24T07:39:05.297+0000] {processor.py:914} INFO - Processing file /opt/airflow/dags/02_xcom_dag.py for tasks to queue
[2026-08-24T07:39:05.306+0000] {logging_mixin.py:190} INFO - [2026-08-24T07:39:05.305+0000] {dagbag.py:588} INFO - Filling up the DagBag from /opt/airflow/dags/02_xcom_dag.py
[2026-08-24T07:39:05.493+0000] {processor.py:925} INFO - DAG(s) 'xcom_dag' retrieved from /opt/airflow/dags/02_xcom_dag.py
[2026-08-24T07:39:05.664+0000] {logging_mixin.py:190} INFO - [2026-08-24T07:39:05.663+0000] {dag.py:3239} INFO - Sync 1 DAGs
[2026-08-24T07:39:05.757+0000] {logging_mixin.py:190} INFO - [2026-08-24T07:39:05.757+0000] {dag.py:4180} INFO - Setting next_dagrun for xcom_dag to None, run_after=None
[2026-08-24T07:39:05.856+0000] {processor.py:208} INFO - Processing /opt/airflow/dags/02_xcom_dag.py took 0.616 seconds
[2026-08-24T07:39:36.031+0000] {processor.py:186} INFO - Started process (PID=180) to work on /opt/airflow/dags/02_xcom_dag.py
[2026-08-24T07:39:36.038+0000] {processor.py:914} INFO - Processing file /opt/airflow/dags/02_xcom_dag.py for tasks to queue
[2026-08-24T07:39:36.046+0000] {logging_mixin.py:190} INFO - [2026-08-24T07:39:36.044+0000] {dagbag.py:588} INFO - Filling up the DagBag from /opt/airflow/dags/02_xcom_dag.py
[2026-08-24T07:39:36.113+0000] {processor.py:925} INFO - DAG(s) 'xcom_dag' retrieved from /opt/airflow/dags/02_xcom_dag.py
[2026-08-24T07:39:36.215+0000] {logging_mixin.py:190} INFO - [2026-08-24T07:39:36.214+0000] {dag.py:3239} INFO - Sync 1 DAGs
[2026-08-24T07:39:36.283+0000] {logging_mixin.py:190} INFO - [2026-08-24T07:39:36.283+0000] {dag.py:4180} INFO - Setting next_dagrun for xcom_dag to None, run_after=None
[2026-08-24T07:39:36.352+0000] {processor.py:208} INFO - Processing /opt/airflow/dags/02_xcom_dag.py took 0.348 seconds
[2026-08-24T07:40:06.611+0000] {processor.py:186} INFO - Started process (PID=190) to work on /opt/airflow/dags/02_xcom_dag.py
[2026-08-24T07:40:06.615+0000] {processor.py:914} INFO - Processing file /opt/airflow/dags/02_xcom_dag.py for tasks to queue
[2026-08-24T07:40:06.630+0000] {logging_mixin.py:190} INFO - [2026-08-24T07:40:06.629+0000] {dagbag.py:588} INFO - Filling up the DagBag from /opt/airflow/dags/02_xcom_dag.py
[2026-08-24T07:40:06.706+0000] {processor.py:925} INFO - DAG(s) 'xcom_dag' retrieved from /opt/airflow/dags/02_xcom_dag.py
[2026-08-24T07:40:06.833+0000] {logging_mixin.py:190} INFO - [2026-08-24T07:40:06.832+0000] {dag.py:3239} INFO - Sync 1 DAGs
[2026-08-24T07:40:06.900+0000] {logging_mixin.py:190} INFO - [2026-08-24T07:40:06.900+0000] {dag.py:4180} INFO - Setting next_dagrun for xcom_dag to None, run_after=None
[2026-08-24T07:40:06.976+0000] {processor.py:208} INFO - Processing /opt/airflow/dags/02_xcom_dag.py took 0.389 seconds
[2026-08-24T07:40:38.770+0000] {processor.py:186} INFO - Started process (PID=206) to work on /opt/airflow/dags/02_xcom_dag.py
[2026-08-24T07:40:38.783+0000] {processor.py:914} INFO - Processing file /opt/airflow/dags/02_xcom_dag.py for tasks to queue
[2026-08-24T07:40:38.791+0000] {logging_mixin.py:190} INFO - [2026-08-24T07:40:38.791+0000] {dagbag.py:588} INFO - Filling up the DagBag from /opt/airflow/dags/02_xcom_dag.py
[2026-08-24T07:40:38.867+0000] {processor.py:925} INFO - DAG(s) 'xcom_dag' retrieved from /opt/airflow/dags/02_xcom_dag.py
[2026-08-24T07:40:39.027+0000] {logging_mixin.py:190} INFO - [2026-08-24T07:40:39.027+0000] {dag.py:3239} INFO - Sync 1 DAGs
[2026-08-24T07:40:39.170+0000] {logging_mixin.py:190} INFO - [2026-08-24T07:40:39.170+0000] {dag.py:4180} INFO - Setting next_dagrun for xcom_dag to None, run_after=None
[2026-08-24T07:40:39.295+0000] {processor.py:208} INFO - Processing /opt/airflow/dags/02_xcom_dag.py took 0.544 seconds
[2026-08-24T07:41:09.788+0000] {processor.py:186} INFO - Started process (PID=216) to work on /opt/airflow/dags/02_xcom_dag.py
[2026-08-24T07:41:09.808+0000] {processor.py:914} INFO - Processing file /opt/airflow/dags/02_xcom_dag.py for tasks to queue
[2026-08-24T07:41:09.826+0000] {logging_mixin.py:190} INFO - [2026-08-24T07:41:09.815+0000] {dagbag.py:588} INFO - Filling up the DagBag from /opt/airflow/dags/02_xcom_dag.py
[2026-08-24T07:41:10.103+0000] {processor.py:925} INFO - DAG(s) 'xcom_dag' retrieved from /opt/airflow/dags/02_xcom_dag.py
[2026-08-24T07:41:10.305+0000] {logging_mixin.py:190} INFO - [2026-08-24T07:41:10.304+0000] {dag.py:3239} INFO - Sync 1 DAGs
[2026-08-24T07:41:10.400+0000] {logging_mixin.py:190} INFO - [2026-08-24T07:41:10.399+0000] {dag.py:4180} INFO - Setting next_dagrun for xcom_dag to None, run_after=None
[2026-08-24T07:41:10.513+0000] {processor.py:208} INFO - Processing /opt/airflow/dags/02_xcom_dag.py took 0.764 seconds
[2026-08-24T07:41:41.282+0000] {processor.py:186} INFO - Started process (PID=228) to work on /opt/airflow/dags/02_xcom_dag.py
[2026-08-24T07:41:41.294+0000] {processor.py:914} INFO - Processing file /opt/airflow/dags/02_xcom_dag.py for tasks to queue
[2026-08-24T07:41:41.300+0000] {logging_mixin.py:190} INFO - [2026-08-24T07:41:41.299+0000] {dagbag.py:588} INFO - Filling up the DagBag from /opt/airflow/dags/02_xcom_dag.py
[2026-08-24T07:41:41.371+0000] {processor.py:925} INFO - DAG(s) 'xcom_dag' retrieved from /opt/airflow/dags/02_xcom_dag.py
[2026-08-24T07:41:41.530+0000] {logging_mixin.py:190} INFO - [2026-08-24T07:41:41.529+0000] {dag.py:3239} INFO - Sync 1 DAGs
[2026-08-24T07:41:41.606+0000] {logging_mixin.py:190} INFO - [2026-08-24T07:41:41.606+0000] {dag.py:4180} INFO - Setting next_dagrun for xcom_dag to None, run_after=None
[2026-08-24T07:41:41.697+0000] {processor.py:208} INFO - Processing /opt/airflow/dags/02_xcom_dag.py took 0.431 seconds
[2026-08-24T07:42:12.217+0000] {processor.py:186} INFO - Started process (PID=238) to work on /opt/airflow/dags/02_xcom_dag.py
[2026-08-24T07:42:12.239+0000] {processor.py:914} INFO - Processing file /opt/airflow/dags/02_xcom_dag.py for tasks to queue
[2026-08-24T07:42:12.249+0000] {logging_mixin.py:190} INFO - [2026-08-24T07:42:12.248+0000] {dagbag.py:588} INFO - Filling up the DagBag from /opt/airflow/dags/02_xcom_dag.py
[2026-08-24T07:42:12.357+0000] {processor.py:925} INFO - DAG(s) 'xcom_dag' retrieved from /opt/airflow/dags/02_xcom_dag.py
[2026-08-24T07:42:12.519+0000] {logging_mixin.py:190} INFO - [2026-08-24T07:42:12.518+0000] {dag.py:3239} INFO - Sync 1 DAGs
[2026-08-24T07:42:12.577+0000] {logging_mixin.py:190} INFO - [2026-08-24T07:42:12.576+0000] {dag.py:4180} INFO - Setting next_dagrun for xcom_dag to None, run_after=None
[2026-08-24T07:42:12.665+0000] {processor.py:208} INFO - Processing /opt/airflow/dags/02_xcom_dag.py took 0.479 seconds
[2026-08-24T07:42:43.206+0000] {processor.py:186} INFO - Started process (PID=248) to work on /opt/airflow/dags/02_xcom_dag.py
[2026-08-24T07:42:43.214+0000] {processor.py:914} INFO - Processing file /opt/airflow/dags/02_xcom_dag.py for tasks to queue
[2026-08-24T07:42:43.224+0000] {logging_mixin.py:190} INFO - [2026-08-24T07:42:43.224+0000] {dagbag.py:588} INFO - Filling up the DagBag from /opt/airflow/dags/02_xcom_dag.py
[2026-08-24T07:42:43.318+0000] {processor.py:925} INFO - DAG(s) 'xcom_dag' retrieved from /opt/airflow/dags/02_xcom_dag.py
[2026-08-24T07:42:43.446+0000] {logging_mixin.py:190} INFO - [2026-08-24T07:42:43.445+0000] {dag.py:3239} INFO - Sync 1 DAGs
[2026-08-24T07:42:43.513+0000] {logging_mixin.py:190} INFO - [2026-08-24T07:42:43.513+0000] {dag.py:4180} INFO - Setting next_dagrun for xcom_dag to None, run_after=None
[2026-08-24T07:42:43.612+0000] {processor.py:208} INFO - Processing /opt/airflow/dags/02_xcom_dag.py took 0.421 seconds
[2026-08-24T07:43:14.145+0000] {processor.py:186} INFO - Started process (PID=258) to work on /opt/airflow/dags/02_xcom_dag.py
[2026-08-24T07:43:14.162+0000] {processor.py:914} INFO - Processing file /opt/airflow/dags/02_xcom_dag.py for tasks to queue
[2026-08-24T07:43:14.186+0000] {logging_mixin.py:190} INFO - [2026-08-24T07:43:14.185+0000] {dagbag.py:588} INFO - Filling up the DagBag from /opt/airflow/dags/02_xcom_dag.py
[2026-08-24T07:43:14.437+0000] {processor.py:925} INFO - DAG(s) 'xcom_dag' retrieved from /opt/airflow/dags/02_xcom_dag.py
[2026-08-24T07:43:14.667+0000] {logging_mixin.py:190} INFO - [2026-08-24T07:43:14.667+0000] {dag.py:3239} INFO - Sync 1 DAGs
[2026-08-24T07:43:14.770+0000] {logging_mixin.py:190} INFO - [2026-08-24T07:43:14.769+0000] {dag.py:4180} INFO - Setting next_dagrun for xcom_dag to None, run_after=None
[2026-08-24T07:43:14.895+0000] {processor.py:208} INFO - Processing /opt/airflow/dags/02_xcom_dag.py took 0.791 seconds
[2026-08-24T07:43:45.244+0000] {processor.py:186} INFO - Started process (PID=270) to work on /opt/airflow/dags/02_xcom_dag.py
[2026-08-24T07:43:45.247+0000] {processor.py:914} INFO - Processing file /opt/airflow/dags/02_xcom_dag.py for tasks to queue
[2026-08-24T07:43:45.258+0000] {logging_mixin.py:190} INFO - [2026-08-24T07:43:45.258+0000] {dagbag.py:588} INFO - Filling up the DagBag from /opt/airflow/dags/02_xcom_dag.py
[2026-08-24T07:43:45.316+0000] {processor.py:925} INFO - DAG(s) 'xcom_dag' retrieved from /opt/airflow/dags/02_xcom_dag.py
[2026-08-24T07:43:45.416+0000] {logging_mixin.py:190} INFO - [2026-08-24T07:43:45.415+0000] {dag.py:3239} INFO - Sync 1 DAGs
[2026-08-24T07:43:45.502+0000] {logging_mixin.py:190} INFO - [2026-08-24T07:43:45.501+0000] {dag.py:4180} INFO - Setting next_dagrun for xcom_dag to None, run_after=None
[2026-08-24T07:43:45.612+0000] {processor.py:208} INFO - Processing /opt/airflow/dags/02_xcom_dag.py took 0.389 seconds
[2026-08-24T07:44:15.797+0000] {processor.py:186} INFO - Started process (PID=281) to work on /opt/airflow/dags/02_xcom_dag.py
[2026-08-24T07:44:15.803+0000] {processor.py:914} INFO - Processing file /opt/airflow/dags/02_xcom_dag.py for tasks to queue
[2026-08-24T07:44:15.811+0000] {logging_mixin.py:190} INFO - [2026-08-24T07:44:15.810+0000] {dagbag.py:588} INFO - Filling up the DagBag from /opt/airflow/dags/02_xcom_dag.py
[2026-08-24T07:44:15.878+0000] {processor.py:925} INFO - DAG(s) 'xcom_dag' retrieved from /opt/airflow/dags/02_xcom_dag.py
[2026-08-24T07:44:15.995+0000] {logging_mixin.py:190} INFO - [2026-08-24T07:44:15.994+0000] {dag.py:3239} INFO - Sync 1 DAGs
[2026-08-24T07:44:16.056+0000] {logging_mixin.py:190} INFO - [2026-08-24T07:44:16.055+0000] {dag.py:4180} INFO - Setting next_dagrun for xcom_dag to None, run_after=None
[2026-08-24T07:44:16.135+0000] {processor.py:208} INFO - Processing /opt/airflow/dags/02_xcom_dag.py took 0.364 seconds
[2026-08-24T07:44:47.035+0000] {processor.py:186} INFO - Started process (PID=292) to work on /opt/airflow/dags/02_xcom_dag.py
[2026-08-24T07:44:47.039+0000] {processor.py:914} INFO - Processing file /opt/airflow/dags/02_xcom_dag.py for tasks to queue
[2026-08-24T07:44:47.052+0000] {logging_mixin.py:190} INFO - [2026-08-24T07:44:47.051+0000] {dagbag.py:588} INFO - Filling up the DagBag from /opt/airflow/dags/02_xcom_dag.py
[2026-08-24T07:44:47.117+0000] {processor.py:925} INFO - DAG(s) 'xcom_dag' retrieved from /opt/airflow/dags/02_xcom_dag.py
[2026-08-24T07:44:47.233+0000] {logging_mixin.py:190} INFO - [2026-08-24T07:44:47.232+0000] {dag.py:3239} INFO - Sync 1 DAGs
[2026-08-24T07:44:47.308+0000] {logging_mixin.py:190} INFO - [2026-08-24T07:44:47.308+0000] {dag.py:4180} INFO - Setting next_dagrun for xcom_dag to None, run_after=None
[2026-08-24T07:44:47.434+0000] {processor.py:208} INFO - Processing /opt/airflow/dags/02_xcom_dag.py took 0.420 seconds
[2026-08-24T07:45:18.841+0000] {processor.py:186} INFO - Started process (PID=303) to work on /opt/airflow/dags/02_xcom_dag.py
[2026-08-24T07:45:18.848+0000] {processor.py:914} INFO - Processing file /opt/airflow/dags/02_xcom_dag.py for tasks to queue
[2026-08-24T07:45:18.860+0000] {logging_mixin.py:190} INFO - [2026-08-24T07:45:18.860+0000] {dagbag.py:588} INFO - Filling up the DagBag from /opt/airflow/dags/02_xcom_dag.py
[2026-08-24T07:45:19.007+0000] {processor.py:925} INFO - DAG(s) 'xcom_dag' retrieved from /opt/airflow/dags/02_xcom_dag.py
[2026-08-24T07:45:19.388+0000] {logging_mixin.py:190} INFO - [2026-08-24T07:45:19.387+0000] {dag.py:3239} INFO - Sync 1 DAGs
[2026-08-24T07:45:19.608+0000] {logging_mixin.py:190} INFO - [2026-08-24T07:45:19.608+0000] {dag.py:4180} INFO - Setting next_dagrun for xcom_dag to None, run_after=None
[2026-08-24T07:45:19.905+0000] {processor.py:208} INFO - Processing /opt/airflow/dags/02_xcom_dag.py took 1.101 seconds
[2026-08-24T07:45:50.466+0000] {processor.py:186} INFO - Started process (PID=320) to work on /opt/airflow/dags/02_xcom_dag.py
[2026-08-24T07:45:50.480+0000] {processor.py:914} INFO - Processing file /opt/airflow/dags/02_xcom_dag.py for tasks to queue
[2026-08-24T07:45:50.502+0000] {logging_mixin.py:190} INFO - [2026-08-24T07:45:50.501+0000] {dagbag.py:588} INFO - Filling up the DagBag from /opt/airflow/dags/02_xcom_dag.py
[2026-08-24T07:45:50.615+0000] {processor.py:925} INFO - DAG(s) 'xcom_dag' retrieved from /opt/airflow/dags/02_xcom_dag.py
[2026-08-24T07:45:50.779+0000] {logging_mixin.py:190} INFO - [2026-08-24T07:45:50.778+0000] {dag.py:3239} INFO - Sync 1 DAGs
[2026-08-24T07:45:50.879+0000] {logging_mixin.py:190} INFO - [2026-08-24T07:45:50.878+0000] {dag.py:4180} INFO - Setting next_dagrun for xcom_dag to None, run_after=None
[2026-08-24T07:45:50.995+0000] {processor.py:208} INFO - Processing /opt/airflow/dags/02_xcom_dag.py took 0.552 seconds
[2026-08-24T07:46:21.283+0000] {processor.py:186} INFO - Started process (PID=331) to work on /opt/airflow/dags/02_xcom_dag.py
[2026-08-24T07:46:21.289+0000] {processor.py:914} INFO - Processing file /opt/airflow/dags/02_xcom_dag.py for tasks to queue
[2026-08-24T07:46:21.301+0000] {logging_mixin.py:190} INFO - [2026-08-24T07:46:21.298+0000] {dagbag.py:588} INFO - Filling up the DagBag from /opt/airflow/dags/02_xcom_dag.py
[2026-08-24T07:46:21.377+0000] {processor.py:925} INFO - DAG(s) 'xcom_dag' retrieved from /opt/airflow/dags/02_xcom_dag.py
[2026-08-24T07:46:21.518+0000] {logging_mixin.py:190} INFO - [2026-08-24T07:46:21.518+0000] {dag.py:3239} INFO - Sync 1 DAGs
[2026-08-24T07:46:21.589+0000] {logging_mixin.py:190} INFO - [2026-08-24T07:46:21.588+0000] {dag.py:4180} INFO - Setting next_dagrun for xcom_dag to None, run_after=None
[2026-08-24T07:46:21.710+0000] {processor.py:208} INFO - Processing /opt/airflow/dags/02_xcom_dag.py took 0.471 seconds
[2026-08-24T07:46:52.532+0000] {processor.py:186} INFO - Started process (PID=342) to work on /opt/airflow/dags/02_xcom_dag.py
[2026-08-24T07:46:52.536+0000] {processor.py:914} INFO - Processing file /opt/airflow/dags/02_xcom_dag.py for tasks to queue
[2026-08-24T07:46:52.544+0000] {logging_mixin.py:190} INFO - [2026-08-24T07:46:52.543+0000] {dagbag.py:588} INFO - Filling up the DagBag from /opt/airflow/dags/02_xcom_dag.py
[2026-08-24T07:46:52.611+0000] {processor.py:925} INFO - DAG(s) 'xcom_dag' retrieved from /opt/airflow/dags/02_xcom_dag.py
[2026-08-24T07:46:52.718+0000] {logging_mixin.py:190} INFO - [2026-08-24T07:46:52.718+0000] {dag.py:3239} INFO - Sync 1 DAGs
[2026-08-24T07:46:52.774+0000] {logging_mixin.py:190} INFO - [2026-08-24T07:46:52.774+0000] {dag.py:4180} INFO - Setting next_dagrun for xcom_dag to None, run_after=None
[2026-08-24T07:46:52.911+0000] {processor.py:208} INFO - Processing /opt/airflow/dags/02_xcom_dag.py took 0.404 seconds
[2026-08-24T07:47:23.472+0000] {processor.py:186} INFO - Started process (PID=354) to work on /opt/airflow/dags/02_xcom_dag.py
[2026-08-24T07:47:23.476+0000] {processor.py:914} INFO - Processing file /opt/airflow/dags/02_xcom_dag.py for tasks to queue
[2026-08-24T07:47:23.491+0000] {logging_mixin.py:190} INFO - [2026-08-24T07:47:23.490+0000] {dagbag.py:588} INFO - Filling up the DagBag from /opt/airflow/dags/02_xcom_dag.py
[2026-08-24T07:47:23.571+0000] {processor.py:925} INFO - DAG(s) 'xcom_dag' retrieved from /opt/airflow/dags/02_xcom_dag.py
[2026-08-24T07:47:23.683+0000] {logging_mixin.py:190} INFO - [2026-08-24T07:47:23.683+0000] {dag.py:3239} INFO - Sync 1 DAGs
[2026-08-24T07:47:23.730+0000] {logging_mixin.py:190} INFO - [2026-08-24T07:47:23.730+0000] {dag.py:4180} INFO - Setting next_dagrun for xcom_dag to None, run_after=None
[2026-08-24T07:47:23.809+0000] {processor.py:208} INFO - Processing /opt/airflow/dags/02_xcom_dag.py took 0.359 seconds
[2026-08-24T07:47:54.858+0000] {processor.py:186} INFO - Started process (PID=364) to work on /opt/airflow/dags/02_xcom_dag.py
[2026-08-24T07:47:54.863+0000] {processor.py:914} INFO - Processing file /opt/airflow/dags/02_xcom_dag.py for tasks to queue
[2026-08-24T07:47:54.880+0000] {logging_mixin.py:190} INFO - [2026-08-24T07:47:54.879+0000] {dagbag.py:588} INFO - Filling up the DagBag from /opt/airflow/dags/02_xcom_dag.py
[2026-08-24T07:47:54.979+0000] {processor.py:925} INFO - DAG(s) 'xcom_dag' retrieved from /opt/airflow/dags/02_xcom_dag.py
[2026-08-24T07:47:55.123+0000] {logging_mixin.py:190} INFO - [2026-08-24T07:47:55.122+0000] {dag.py:3239} INFO - Sync 1 DAGs
[2026-08-24T07:47:55.209+0000] {logging_mixin.py:190} INFO - [2026-08-24T07:47:55.209+0000] {dag.py:4180} INFO - Setting next_dagrun for xcom_dag to None, run_after=None
[2026-08-24T07:47:55.303+0000] {processor.py:208} INFO - Processing /opt/airflow/dags/02_xcom_dag.py took 0.485 seconds
[2026-08-24T07:48:25.903+0000] {processor.py:186} INFO - Started process (PID=375) to work on /opt/airflow/dags/02_xcom_dag.py
[2026-08-24T07:48:25.914+0000] {processor.py:914} INFO - Processing file /opt/airflow/dags/02_xcom_dag.py for tasks to queue
[2026-08-24T07:48:25.921+0000] {logging_mixin.py:190} INFO - [2026-08-24T07:48:25.920+0000] {dagbag.py:588} INFO - Filling up the DagBag from /opt/airflow/dags/02_xcom_dag.py
[2026-08-24T07:48:26.001+0000] {processor.py:925} INFO - DAG(s) 'xcom_dag' retrieved from /opt/airflow/dags/02_xcom_dag.py
[2026-08-24T07:48:26.139+0000] {logging_mixin.py:190} INFO - [2026-08-24T07:48:26.139+0000] {dag.py:3239} INFO - Sync 1 DAGs
[2026-08-24T07:48:26.223+0000] {logging_mixin.py:190} INFO - [2026-08-24T07:48:26.222+0000] {dag.py:4180} INFO - Setting next_dagrun for xcom_dag to None, run_after=None
[2026-08-24T07:48:26.314+0000] {processor.py:208} INFO - Processing /opt/airflow/dags/02_xcom_dag.py took 0.427 seconds
[2026-08-24T07:48:56.699+0000] {processor.py:186} INFO - Started process (PID=390) to work on /opt/airflow/dags/02_xcom_dag.py
[2026-08-24T07:48:56.705+0000] {processor.py:914} INFO - Processing file /opt/airflow/dags/02_xcom_dag.py for tasks to queue
[2026-08-24T07:48:56.733+0000] {logging_mixin.py:190} INFO - [2026-08-24T07:48:56.732+0000] {dagbag.py:588} INFO - Filling up the DagBag from /opt/airflow/dags/02_xcom_dag.py
[2026-08-24T07:48:56.882+0000] {processor.py:925} INFO - DAG(s) 'xcom_dag' retrieved from /opt/airflow/dags/02_xcom_dag.py
[2026-08-24T07:48:57.015+0000] {logging_mixin.py:190} INFO - [2026-08-24T07:48:57.014+0000] {dag.py:3239} INFO - Sync 1 DAGs
[2026-08-24T07:48:57.097+0000] {logging_mixin.py:190} INFO - [2026-08-24T07:48:57.097+0000] {dag.py:4180} INFO - Setting next_dagrun for xcom_dag to None, run_after=None
[2026-08-24T07:48:57.209+0000] {processor.py:208} INFO - Processing /opt/airflow/dags/02_xcom_dag.py took 0.559 seconds
[2026-08-24T07:49:27.548+0000] {processor.py:186} INFO - Started process (PID=400) to work on /opt/airflow/dags/02_xcom_dag.py
[2026-08-24T07:49:27.551+0000] {processor.py:914} INFO - Processing file /opt/airflow/dags/02_xcom_dag.py for tasks to queue
[2026-08-24T07:49:27.558+0000] {logging_mixin.py:190} INFO - [2026-08-24T07:49:27.557+0000] {dagbag.py:588} INFO - Filling up the DagBag from /opt/airflow/dags/02_xcom_dag.py
[2026-08-24T07:49:27.626+0000] {processor.py:925} INFO - DAG(s) 'xcom_dag' retrieved from /opt/airflow/dags/02_xcom_dag.py
[2026-08-24T07:49:27.751+0000] {logging_mixin.py:190} INFO - [2026-08-24T07:49:27.750+0000] {dag.py:3239} INFO - Sync 1 DAGs
[2026-08-24T07:49:27.817+0000] {logging_mixin.py:190} INFO - [2026-08-24T07:49:27.815+0000] {dag.py:4180} INFO - Setting next_dagrun for xcom_dag to None, run_after=None
[2026-08-24T07:49:27.911+0000] {processor.py:208} INFO - Processing /opt/airflow/dags/02_xcom_dag.py took 0.387 seconds
[2026-08-24T07:49:58.926+0000] {processor.py:186} INFO - Started process (PID=411) to work on /opt/airflow/dags/02_xcom_dag.py
[2026-08-24T07:49:58.929+0000] {processor.py:914} INFO - Processing file /opt/airflow/dags/02_xcom_dag.py for tasks to queue
[2026-08-24T07:49:58.944+0000] {logging_mixin.py:190} INFO - [2026-08-24T07:49:58.943+0000] {dagbag.py:588} INFO - Filling up the DagBag from /opt/airflow/dags/02_xcom_dag.py
[2026-08-24T07:49:59.041+0000] {processor.py:925} INFO - DAG(s) 'xcom_dag' retrieved from /opt/airflow/dags/02_xcom_dag.py
[2026-08-24T07:49:59.188+0000] {logging_mixin.py:190} INFO - [2026-08-24T07:49:59.178+0000] {dag.py:3239} INFO - Sync 1 DAGs
[2026-08-24T07:49:59.271+0000] {logging_mixin.py:190} INFO - [2026-08-24T07:49:59.270+0000] {dag.py:4180} INFO - Setting next_dagrun for xcom_dag to None, run_after=None
[2026-08-24T07:49:59.400+0000] {processor.py:208} INFO - Processing /opt/airflow/dags/02_xcom_dag.py took 0.497 seconds
[2026-08-24T07:50:29.676+0000] {processor.py:186} INFO - Started process (PID=422) to work on /opt/airflow/dags/02_xcom_dag.py
[2026-08-24T07:50:29.680+0000] {processor.py:914} INFO - Processing file /opt/airflow/dags/02_xcom_dag.py for tasks to queue
[2026-08-24T07:50:29.691+0000] {logging_mixin.py:190} INFO - [2026-08-24T07:50:29.690+0000] {dagbag.py:588} INFO - Filling up the DagBag from /opt/airflow/dags/02_xcom_dag.py
[2026-08-24T07:50:29.807+0000] {processor.py:925} INFO - DAG(s) 'xcom_dag' retrieved from /opt/airflow/dags/02_xcom_dag.py
[2026-08-24T07:50:29.923+0000] {logging_mixin.py:190} INFO - [2026-08-24T07:50:29.919+0000] {dag.py:3239} INFO - Sync 1 DAGs
[2026-08-24T07:50:29.983+0000] {logging_mixin.py:190} INFO - [2026-08-24T07:50:29.982+0000] {dag.py:4180} INFO - Setting next_dagrun for xcom_dag to None, run_after=None
[2026-08-24T07:50:30.053+0000] {processor.py:208} INFO - Processing /opt/airflow/dags/02_xcom_dag.py took 0.401 seconds
[2026-08-24T07:51:00.874+0000] {processor.py:186} INFO - Started process (PID=433) to work on /opt/airflow/dags/02_xcom_dag.py
[2026-08-24T07:51:00.878+0000] {processor.py:914} INFO - Processing file /opt/airflow/dags/02_xcom_dag.py for tasks to queue
[2026-08-24T07:51:00.891+0000] {logging_mixin.py:190} INFO - [2026-08-24T07:51:00.891+0000] {dagbag.py:588} INFO - Filling up the DagBag from /opt/airflow/dags/02_xcom_dag.py
[2026-08-24T07:51:00.988+0000] {processor.py:925} INFO - DAG(s) 'xcom_dag' retrieved from /opt/airflow/dags/02_xcom_dag.py
[2026-08-24T07:51:01.113+0000] {logging_mixin.py:190} INFO - [2026-08-24T07:51:01.112+0000] {dag.py:3239} INFO - Sync 1 DAGs
[2026-08-24T07:51:01.175+0000] {logging_mixin.py:190} INFO - [2026-08-24T07:51:01.175+0000] {dag.py:4180} INFO - Setting next_dagrun for xcom_dag to None, run_after=None
[2026-08-24T07:51:01.245+0000] {processor.py:208} INFO - Processing /opt/airflow/dags/02_xcom_dag.py took 0.395 seconds
[2026-08-24T07:51:32.147+0000] {processor.py:186} INFO - Started process (PID=444) to work on /opt/airflow/dags/02_xcom_dag.py
[2026-08-24T07:51:32.150+0000] {processor.py:914} INFO - Processing file /opt/airflow/dags/02_xcom_dag.py for tasks to queue
[2026-08-24T07:51:32.163+0000] {logging_mixin.py:190} INFO - [2026-08-24T07:51:32.162+0000] {dagbag.py:588} INFO - Filling up the DagBag from /opt/airflow/dags/02_xcom_dag.py
[2026-08-24T07:51:32.350+0000] {processor.py:925} INFO - DAG(s) 'xcom_dag' retrieved from /opt/airflow/dags/02_xcom_dag.py
[2026-08-24T07:51:32.468+0000] {logging_mixin.py:190} INFO - [2026-08-24T07:51:32.468+0000] {dag.py:3239} INFO - Sync 1 DAGs
[2026-08-24T07:51:32.548+0000] {logging_mixin.py:190} INFO - [2026-08-24T07:51:32.548+0000] {dag.py:4180} INFO - Setting next_dagrun for xcom_dag to None, run_after=None
[2026-08-24T07:51:32.676+0000] {processor.py:208} INFO - Processing /opt/airflow/dags/02_xcom_dag.py took 0.556 seconds
[2026-08-24T07:52:03.276+0000] {processor.py:186} INFO - Started process (PID=456) to work on /opt/airflow/dags/02_xcom_dag.py
[2026-08-24T07:52:03.279+0000] {processor.py:914} INFO - Processing file /opt/airflow/dags/02_xcom_dag.py for tasks to queue
[2026-08-24T07:52:03.283+0000] {logging_mixin.py:190} INFO - [2026-08-24T07:52:03.283+0000] {dagbag.py:588} INFO - Filling up the DagBag from /opt/airflow/dags/02_xcom_dag.py
[2026-08-24T07:52:03.314+0000] {processor.py:925} INFO - DAG(s) 'xcom_dag' retrieved from /opt/airflow/dags/02_xcom_dag.py
[2026-08-24T07:52:03.354+0000] {logging_mixin.py:190} INFO - [2026-08-24T07:52:03.354+0000] {dag.py:3239} INFO - Sync 1 DAGs
[2026-08-24T07:52:03.377+0000] {logging_mixin.py:190} INFO - [2026-08-24T07:52:03.377+0000] {dag.py:4180} INFO - Setting next_dagrun for xcom_dag to None, run_after=None
[2026-08-24T07:52:03.407+0000] {processor.py:208} INFO - Processing /opt/airflow/dags/02_xcom_dag.py took 0.138 seconds
[2026-08-24T07:52:33.659+0000] {processor.py:186} INFO - Started process (PID=467) to work on /opt/airflow/dags/02_xcom_dag.py
[2026-08-24T07:52:33.662+0000] {processor.py:914} INFO - Processing file /opt/airflow/dags/02_xcom_dag.py for tasks to queue
[2026-08-24T07:52:33.667+0000] {logging_mixin.py:190} INFO - [2026-08-24T07:52:33.667+0000] {dagbag.py:588} INFO - Filling up the DagBag from /opt/airflow/dags/02_xcom_dag.py
[2026-08-24T07:52:33.732+0000] {processor.py:925} INFO - DAG(s) 'xcom_dag' retrieved from /opt/airflow/dags/02_xcom_dag.py
[2026-08-24T07:52:33.838+0000] {logging_mixin.py:190} INFO - [2026-08-24T07:52:33.837+0000] {dag.py:3239} INFO - Sync 1 DAGs
[2026-08-24T07:52:33.874+0000] {logging_mixin.py:190} INFO - [2026-08-24T07:52:33.872+0000] {dag.py:4180} INFO - Setting next_dagrun for xcom_dag to None, run_after=None
[2026-08-24T07:52:33.920+0000] {processor.py:208} INFO - Processing /opt/airflow/dags/02_xcom_dag.py took 0.276 seconds
[2026-08-24T07:53:04.129+0000] {processor.py:186} INFO - Started process (PID=478) to work on /opt/airflow/dags/02_xcom_dag.py
[2026-08-24T07:53:04.131+0000] {processor.py:914} INFO - Processing file /opt/airflow/dags/02_xcom_dag.py for tasks to queue
[2026-08-24T07:53:04.137+0000] {logging_mixin.py:190} INFO - [2026-08-24T07:53:04.136+0000] {dagbag.py:588} INFO - Filling up the DagBag from /opt/airflow/dags/02_xcom_dag.py
[2026-08-24T07:53:04.176+0000] {processor.py:925} INFO - DAG(s) 'xcom_dag' retrieved from /opt/airflow/dags/02_xcom_dag.py
[2026-08-24T07:53:04.243+0000] {logging_mixin.py:190} INFO - [2026-08-24T07:53:04.242+0000] {dag.py:3239} INFO - Sync 1 DAGs
[2026-08-24T07:53:04.285+0000] {logging_mixin.py:190} INFO - [2026-08-24T07:53:04.284+0000] {dag.py:4180} INFO - Setting next_dagrun for xcom_dag to None, run_after=None
[2026-08-24T07:53:04.345+0000] {processor.py:208} INFO - Processing /opt/airflow/dags/02_xcom_dag.py took 0.232 seconds
[2026-08-24T07:53:34.765+0000] {processor.py:186} INFO - Started process (PID=489) to work on /opt/airflow/dags/02_xcom_dag.py
[2026-08-24T07:53:34.768+0000] {processor.py:914} INFO - Processing file /opt/airflow/dags/02_xcom_dag.py for tasks to queue
[2026-08-24T07:53:34.775+0000] {logging_mixin.py:190} INFO - [2026-08-24T07:53:34.774+0000] {dagbag.py:588} INFO - Filling up the DagBag from /opt/airflow/dags/02_xcom_dag.py
[2026-08-24T07:53:34.818+0000] {processor.py:925} INFO - DAG(s) 'xcom_dag' retrieved from /opt/airflow/dags/02_xcom_dag.py
[2026-08-24T07:53:34.900+0000] {logging_mixin.py:190} INFO - [2026-08-24T07:53:34.899+0000] {dag.py:3239} INFO - Sync 1 DAGs
[2026-08-24T07:53:34.939+0000] {logging_mixin.py:190} INFO - [2026-08-24T07:53:34.938+0000] {dag.py:4180} INFO - Setting next_dagrun for xcom_dag to None, run_after=None
[2026-08-24T07:53:34.988+0000] {processor.py:208} INFO - Processing /opt/airflow/dags/02_xcom_dag.py took 0.238 seconds
[2026-08-24T07:54:06.456+0000] {processor.py:186} INFO - Started process (PID=505) to work on /opt/airflow/dags/02_xcom_dag.py
[2026-08-24T07:54:06.458+0000] {processor.py:914} INFO - Processing file /opt/airflow/dags/02_xcom_dag.py for tasks to queue
[2026-08-24T07:54:06.463+0000] {logging_mixin.py:190} INFO - [2026-08-24T07:54:06.463+0000] {dagbag.py:588} INFO - Filling up the DagBag from /opt/airflow/dags/02_xcom_dag.py
[2026-08-24T07:54:06.492+0000] {processor.py:925} INFO - DAG(s) 'xcom_dag' retrieved from /opt/airflow/dags/02_xcom_dag.py
[2026-08-24T07:54:06.600+0000] {logging_mixin.py:190} INFO - [2026-08-24T07:54:06.600+0000] {dag.py:3239} INFO - Sync 1 DAGs
[2026-08-24T07:54:06.624+0000] {logging_mixin.py:190} INFO - [2026-08-24T07:54:06.623+0000] {dag.py:4180} INFO - Setting next_dagrun for xcom_dag to None, run_after=None
[2026-08-24T07:54:06.655+0000] {processor.py:208} INFO - Processing /opt/airflow/dags/02_xcom_dag.py took 0.207 seconds
[2026-08-24T07:54:37.561+0000] {processor.py:186} INFO - Started process (PID=516) to work on /opt/airflow/dags/02_xcom_dag.py
[2026-08-24T07:54:37.563+0000] {processor.py:914} INFO - Processing file /opt/airflow/dags/02_xcom_dag.py for tasks to queue
[2026-08-24T07:54:37.567+0000] {logging_mixin.py:190} INFO - [2026-08-24T07:54:37.567+0000] {dagbag.py:588} INFO - Filling up the DagBag from /opt/airflow/dags/02_xcom_dag.py
[2026-08-24T07:54:37.597+0000] {processor.py:925} INFO - DAG(s) 'xcom_dag' retrieved from /opt/airflow/dags/02_xcom_dag.py
[2026-08-24T07:54:37.637+0000] {logging_mixin.py:190} INFO - [2026-08-24T07:54:37.637+0000] {dag.py:3239} INFO - Sync 1 DAGs
[2026-08-24T07:54:37.659+0000] {logging_mixin.py:190} INFO - [2026-08-24T07:54:37.659+0000] {dag.py:4180} INFO - Setting next_dagrun for xcom_dag to None, run_after=None
[2026-08-24T07:54:37.688+0000] {processor.py:208} INFO - Processing /opt/airflow/dags/02_xcom_dag.py took 0.135 seconds
[2026-08-24T07:55:08.709+0000] {processor.py:186} INFO - Started process (PID=527) to work on /opt/airflow/dags/02_xcom_dag.py
[2026-08-24T07:55:08.711+0000] {processor.py:914} INFO - Processing file /opt/airflow/dags/02_xcom_dag.py for tasks to queue
[2026-08-24T07:55:08.715+0000] {logging_mixin.py:190} INFO - [2026-08-24T07:55:08.715+0000] {dagbag.py:588} INFO - Filling up the DagBag from /opt/airflow/dags/02_xcom_dag.py
[2026-08-24T07:55:08.744+0000] {processor.py:925} INFO - DAG(s) 'xcom_dag' retrieved from /opt/airflow/dags/02_xcom_dag.py
[2026-08-24T07:55:08.787+0000] {logging_mixin.py:190} INFO - [2026-08-24T07:55:08.786+0000] {dag.py:3239} INFO - Sync 1 DAGs
[2026-08-24T07:55:08.808+0000] {logging_mixin.py:190} INFO - [2026-08-24T07:55:08.808+0000] {dag.py:4180} INFO - Setting next_dagrun for xcom_dag to None, run_after=None
[2026-08-24T07:55:08.842+0000] {processor.py:208} INFO - Processing /opt/airflow/dags/02_xcom_dag.py took 0.141 seconds
[2026-08-24T07:55:39.072+0000] {processor.py:186} INFO - Started process (PID=538) to work on /opt/airflow/dags/02_xcom_dag.py
[2026-08-24T07:55:39.074+0000] {processor.py:914} INFO - Processing file /opt/airflow/dags/02_xcom_dag.py for tasks to queue
[2026-08-24T07:55:39.078+0000] {logging_mixin.py:190} INFO - [2026-08-24T07:55:39.077+0000] {dagbag.py:588} INFO - Filling up the DagBag from /opt/airflow/dags/02_xcom_dag.py
[2026-08-24T07:55:39.110+0000] {processor.py:925} INFO - DAG(s) 'xcom_dag' retrieved from /opt/airflow/dags/02_xcom_dag.py
[2026-08-24T07:55:39.153+0000] {logging_mixin.py:190} INFO - [2026-08-24T07:55:39.153+0000] {dag.py:3239} INFO - Sync 1 DAGs
[2026-08-24T07:55:39.181+0000] {logging_mixin.py:190} INFO - [2026-08-24T07:55:39.181+0000] {dag.py:4180} INFO - Setting next_dagrun for xcom_dag to None, run_after=None
[2026-08-24T07:55:39.213+0000] {processor.py:208} INFO - Processing /opt/airflow/dags/02_xcom_dag.py took 0.149 seconds
[2026-08-24T07:56:09.341+0000] {processor.py:186} INFO - Started process (PID=549) to work on /opt/airflow/dags/02_xcom_dag.py
[2026-08-24T07:56:09.344+0000] {processor.py:914} INFO - Processing file /opt/airflow/dags/02_xcom_dag.py for tasks to queue
[2026-08-24T07:56:09.350+0000] {logging_mixin.py:190} INFO - [2026-08-24T07:56:09.349+0000] {dagbag.py:588} INFO - Filling up the DagBag from /opt/airflow/dags/02_xcom_dag.py
[2026-08-24T07:56:09.387+0000] {processor.py:925} INFO - DAG(s) 'xcom_dag' retrieved from /opt/airflow/dags/02_xcom_dag.py
[2026-08-24T07:56:09.445+0000] {logging_mixin.py:190} INFO - [2026-08-24T07:56:09.444+0000] {dag.py:3239} INFO - Sync 1 DAGs
[2026-08-24T07:56:09.478+0000] {logging_mixin.py:190} INFO - [2026-08-24T07:56:09.477+0000] {dag.py:4180} INFO - Setting next_dagrun for xcom_dag to None, run_after=None
[2026-08-24T07:56:09.523+0000] {processor.py:208} INFO - Processing /opt/airflow/dags/02_xcom_dag.py took 0.196 seconds
[2026-08-24T07:56:40.310+0000] {processor.py:186} INFO - Started process (PID=560) to work on /opt/airflow/dags/02_xcom_dag.py
[2026-08-24T07:56:40.317+0000] {processor.py:914} INFO - Processing file /opt/airflow/dags/02_xcom_dag.py for tasks to queue
[2026-08-24T07:56:40.332+0000] {logging_mixin.py:190} INFO - [2026-08-24T07:56:40.331+0000] {dagbag.py:588} INFO - Filling up the DagBag from /opt/airflow/dags/02_xcom_dag.py
[2026-08-24T07:56:40.385+0000] {processor.py:925} INFO - DAG(s) 'xcom_dag' retrieved from /opt/airflow/dags/02_xcom_dag.py
[2026-08-24T07:56:40.481+0000] {logging_mixin.py:190} INFO - [2026-08-24T07:56:40.481+0000] {dag.py:3239} INFO - Sync 1 DAGs
[2026-08-24T07:56:40.539+0000] {logging_mixin.py:190} INFO - [2026-08-24T07:56:40.539+0000] {dag.py:4180} INFO - Setting next_dagrun for xcom_dag to None, run_after=None
[2026-08-24T07:56:40.632+0000] {processor.py:208} INFO - Processing /opt/airflow/dags/02_xcom_dag.py took 0.347 seconds
[2026-08-24T07:57:11.687+0000] {processor.py:186} INFO - Started process (PID=571) to work on /opt/airflow/dags/02_xcom_dag.py
[2026-08-24T07:57:11.691+0000] {processor.py:914} INFO - Processing file /opt/airflow/dags/02_xcom_dag.py for tasks to queue
[2026-08-24T07:57:11.701+0000] {logging_mixin.py:190} INFO - [2026-08-24T07:57:11.700+0000] {dagbag.py:588} INFO - Filling up the DagBag from /opt/airflow/dags/02_xcom_dag.py
[2026-08-24T07:57:11.759+0000] {processor.py:925} INFO - DAG(s) 'xcom_dag' retrieved from /opt/airflow/dags/02_xcom_dag.py
[2026-08-24T07:57:11.842+0000] {logging_mixin.py:190} INFO - [2026-08-24T07:57:11.842+0000] {dag.py:3239} INFO - Sync 1 DAGs
[2026-08-24T07:57:11.892+0000] {logging_mixin.py:190} INFO - [2026-08-24T07:57:11.892+0000] {dag.py:4180} INFO - Setting next_dagrun for xcom_dag to None, run_after=None
[2026-08-24T07:57:11.970+0000] {processor.py:208} INFO - Processing /opt/airflow/dags/02_xcom_dag.py took 0.309 seconds
[2026-08-24T07:57:42.107+0000] {processor.py:186} INFO - Started process (PID=582) to work on /opt/airflow/dags/02_xcom_dag.py
[2026-08-24T07:57:42.109+0000] {processor.py:914} INFO - Processing file /opt/airflow/dags/02_xcom_dag.py for tasks to queue
[2026-08-24T07:57:42.114+0000] {logging_mixin.py:190} INFO - [2026-08-24T07:57:42.113+0000] {dagbag.py:588} INFO - Filling up the DagBag from /opt/airflow/dags/02_xcom_dag.py
[2026-08-24T07:57:42.154+0000] {processor.py:925} INFO - DAG(s) 'xcom_dag' retrieved from /opt/airflow/dags/02_xcom_dag.py
[2026-08-24T07:57:42.225+0000] {logging_mixin.py:190} INFO - [2026-08-24T07:57:42.224+0000] {dag.py:3239} INFO - Sync 1 DAGs
[2026-08-24T07:57:42.269+0000] {logging_mixin.py:190} INFO - [2026-08-24T07:57:42.269+0000] {dag.py:4180} INFO - Setting next_dagrun for xcom_dag to None, run_after=None
[2026-08-24T07:57:42.315+0000] {processor.py:208} INFO - Processing /opt/airflow/dags/02_xcom_dag.py took 0.221 seconds
[2026-08-24T07:58:13.174+0000] {processor.py:186} INFO - Started process (PID=593) to work on /opt/airflow/dags/02_xcom_dag.py
[2026-08-24T07:58:13.177+0000] {processor.py:914} INFO - Processing file /opt/airflow/dags/02_xcom_dag.py for tasks to queue
[2026-08-24T07:58:13.186+0000] {logging_mixin.py:190} INFO - [2026-08-24T07:58:13.185+0000] {dagbag.py:588} INFO - Filling up the DagBag from /opt/airflow/dags/02_xcom_dag.py
[2026-08-24T07:58:13.232+0000] {processor.py:925} INFO - DAG(s) 'xcom_dag' retrieved from /opt/airflow/dags/02_xcom_dag.py
[2026-08-24T07:58:13.291+0000] {logging_mixin.py:190} INFO - [2026-08-24T07:58:13.290+0000] {dag.py:3239} INFO - Sync 1 DAGs
[2026-08-24T07:58:13.325+0000] {logging_mixin.py:190} INFO - [2026-08-24T07:58:13.325+0000] {dag.py:4180} INFO - Setting next_dagrun for xcom_dag to None, run_after=None
[2026-08-24T07:58:13.366+0000] {processor.py:208} INFO - Processing /opt/airflow/dags/02_xcom_dag.py took 0.213 seconds
[2026-08-24T07:58:43.894+0000] {processor.py:186} INFO - Started process (PID=603) to work on /opt/airflow/dags/02_xcom_dag.py
[2026-08-24T07:58:43.897+0000] {processor.py:914} INFO - Processing file /opt/airflow/dags/02_xcom_dag.py for tasks to queue
[2026-08-24T07:58:43.902+0000] {logging_mixin.py:190} INFO - [2026-08-24T07:58:43.901+0000] {dagbag.py:588} INFO - Filling up the DagBag from /opt/airflow/dags/02_xcom_dag.py
[2026-08-24T07:58:43.951+0000] {processor.py:925} INFO - DAG(s) 'xcom_dag' retrieved from /opt/airflow/dags/02_xcom_dag.py
[2026-08-24T07:58:44.034+0000] {logging_mixin.py:190} INFO - [2026-08-24T07:58:44.033+0000] {dag.py:3239} INFO - Sync 1 DAGs
[2026-08-24T07:58:44.084+0000] {logging_mixin.py:190} INFO - [2026-08-24T07:58:44.083+0000] {dag.py:4180} INFO - Setting next_dagrun for xcom_dag to None, run_after=None
[2026-08-24T07:58:44.135+0000] {processor.py:208} INFO - Processing /opt/airflow/dags/02_xcom_dag.py took 0.253 seconds
[2026-08-24T07:59:14.228+0000] {processor.py:186} INFO - Started process (PID=614) to work on /opt/airflow/dags/02_xcom_dag.py
[2026-08-24T07:59:14.231+0000] {processor.py:914} INFO - Processing file /opt/airflow/dags/02_xcom_dag.py for tasks to queue
[2026-08-24T07:59:14.239+0000] {logging_mixin.py:190} INFO - [2026-08-24T07:59:14.238+0000] {dagbag.py:588} INFO - Filling up the DagBag from /opt/airflow/dags/02_xcom_dag.py
[2026-08-24T07:59:14.308+0000] {processor.py:925} INFO - DAG(s) 'xcom_dag' retrieved from /opt/airflow/dags/02_xcom_dag.py
[2026-08-24T07:59:14.372+0000] {logging_mixin.py:190} INFO - [2026-08-24T07:59:14.371+0000] {dag.py:3239} INFO - Sync 1 DAGs
[2026-08-24T07:59:14.405+0000] {logging_mixin.py:190} INFO - [2026-08-24T07:59:14.404+0000] {dag.py:4180} INFO - Setting next_dagrun for xcom_dag to None, run_after=None
[2026-08-24T07:59:14.465+0000] {processor.py:208} INFO - Processing /opt/airflow/dags/02_xcom_dag.py took 0.253 seconds
[2026-08-24T07:59:45.248+0000] {processor.py:186} INFO - Started process (PID=625) to work on /opt/airflow/dags/02_xcom_dag.py
[2026-08-24T07:59:45.252+0000] {processor.py:914} INFO - Processing file /opt/airflow/dags/02_xcom_dag.py for tasks to queue
[2026-08-24T07:59:45.265+0000] {logging_mixin.py:190} INFO - [2026-08-24T07:59:45.264+0000] {dagbag.py:588} INFO - Filling up the DagBag from /opt/airflow/dags/02_xcom_dag.py
[2026-08-24T07:59:45.427+0000] {processor.py:925} INFO - DAG(s) 'xcom_dag' retrieved from /opt/airflow/dags/02_xcom_dag.py
[2026-08-24T07:59:45.603+0000] {logging_mixin.py:190} INFO - [2026-08-24T07:59:45.594+0000] {dag.py:3239} INFO - Sync 1 DAGs
[2026-08-24T07:59:45.665+0000] {logging_mixin.py:190} INFO - [2026-08-24T07:59:45.664+0000] {dag.py:4180} INFO - Setting next_dagrun for xcom_dag to None, run_after=None
[2026-08-24T07:59:45.768+0000] {processor.py:208} INFO - Processing /opt/airflow/dags/02_xcom_dag.py took 0.554 seconds
[2026-08-24T08:00:15.963+0000] {processor.py:186} INFO - Started process (PID=636) to work on /opt/airflow/dags/02_xcom_dag.py
[2026-08-24T08:00:15.969+0000] {processor.py:914} INFO - Processing file /opt/airflow/dags/02_xcom_dag.py for tasks to queue
[2026-08-24T08:00:15.984+0000] {logging_mixin.py:190} INFO - [2026-08-24T08:00:15.983+0000] {dagbag.py:588} INFO - Filling up the DagBag from /opt/airflow/dags/02_xcom_dag.py
[2026-08-24T08:00:16.055+0000] {processor.py:925} INFO - DAG(s) 'xcom_dag' retrieved from /opt/airflow/dags/02_xcom_dag.py
[2026-08-24T08:00:16.188+0000] {logging_mixin.py:190} INFO - [2026-08-24T08:00:16.188+0000] {dag.py:3239} INFO - Sync 1 DAGs
[2026-08-24T08:00:16.249+0000] {logging_mixin.py:190} INFO - [2026-08-24T08:00:16.248+0000] {dag.py:4180} INFO - Setting next_dagrun for xcom_dag to None, run_after=None
[2026-08-24T08:00:16.332+0000] {processor.py:208} INFO - Processing /opt/airflow/dags/02_xcom_dag.py took 0.387 seconds
[2026-08-24T08:00:46.500+0000] {processor.py:186} INFO - Started process (PID=647) to work on /opt/airflow/dags/02_xcom_dag.py
[2026-08-24T08:00:46.503+0000] {processor.py:914} INFO - Processing file /opt/airflow/dags/02_xcom_dag.py for tasks to queue
[2026-08-24T08:00:46.508+0000] {logging_mixin.py:190} INFO - [2026-08-24T08:00:46.507+0000] {dagbag.py:588} INFO - Filling up the DagBag from /opt/airflow/dags/02_xcom_dag.py
[2026-08-24T08:00:46.552+0000] {processor.py:925} INFO - DAG(s) 'xcom_dag' retrieved from /opt/airflow/dags/02_xcom_dag.py
[2026-08-24T08:00:46.615+0000] {logging_mixin.py:190} INFO - [2026-08-24T08:00:46.615+0000] {dag.py:3239} INFO - Sync 1 DAGs
[2026-08-24T08:00:46.648+0000] {logging_mixin.py:190} INFO - [2026-08-24T08:00:46.647+0000] {dag.py:4180} INFO - Setting next_dagrun for xcom_dag to None, run_after=None
[2026-08-24T08:00:46.695+0000] {processor.py:208} INFO - Processing /opt/airflow/dags/02_xcom_dag.py took 0.208 seconds
[2026-08-24T08:01:16.827+0000] {processor.py:186} INFO - Started process (PID=657) to work on /opt/airflow/dags/02_xcom_dag.py
[2026-08-24T08:01:16.830+0000] {processor.py:914} INFO - Processing file /opt/airflow/dags/02_xcom_dag.py for tasks to queue
[2026-08-24T08:01:16.835+0000] {logging_mixin.py:190} INFO - [2026-08-24T08:01:16.834+0000] {dagbag.py:588} INFO - Filling up the DagBag from /opt/airflow/dags/02_xcom_dag.py
[2026-08-24T08:01:16.875+0000] {processor.py:925} INFO - DAG(s) 'xcom_dag' retrieved from /opt/airflow/dags/02_xcom_dag.py
[2026-08-24T08:01:16.936+0000] {logging_mixin.py:190} INFO - [2026-08-24T08:01:16.935+0000] {dag.py:3239} INFO - Sync 1 DAGs
[2026-08-24T08:01:16.970+0000] {logging_mixin.py:190} INFO - [2026-08-24T08:01:16.969+0000] {dag.py:4180} INFO - Setting next_dagrun for xcom_dag to None, run_after=None
[2026-08-24T08:01:17.015+0000] {processor.py:208} INFO - Processing /opt/airflow/dags/02_xcom_dag.py took 0.201 seconds
[2026-08-24T08:01:47.711+0000] {processor.py:186} INFO - Started process (PID=668) to work on /opt/airflow/dags/02_xcom_dag.py
[2026-08-24T08:01:47.714+0000] {processor.py:914} INFO - Processing file /opt/airflow/dags/02_xcom_dag.py for tasks to queue
[2026-08-24T08:01:47.724+0000] {logging_mixin.py:190} INFO - [2026-08-24T08:01:47.723+0000] {dagbag.py:588} INFO - Filling up the DagBag from /opt/airflow/dags/02_xcom_dag.py
[2026-08-24T08:01:47.782+0000] {processor.py:925} INFO - DAG(s) 'xcom_dag' retrieved from /opt/airflow/dags/02_xcom_dag.py
[2026-08-24T08:01:47.866+0000] {logging_mixin.py:190} INFO - [2026-08-24T08:01:47.866+0000] {dag.py:3239} INFO - Sync 1 DAGs
[2026-08-24T08:01:47.932+0000] {logging_mixin.py:190} INFO - [2026-08-24T08:01:47.932+0000] {dag.py:4180} INFO - Setting next_dagrun for xcom_dag to None, run_after=None
[2026-08-24T08:01:48.048+0000] {processor.py:208} INFO - Processing /opt/airflow/dags/02_xcom_dag.py took 0.354 seconds
[2026-08-24T08:02:18.519+0000] {processor.py:186} INFO - Started process (PID=679) to work on /opt/airflow/dags/02_xcom_dag.py
[2026-08-24T08:02:18.522+0000] {processor.py:914} INFO - Processing file /opt/airflow/dags/02_xcom_dag.py for tasks to queue
[2026-08-24T08:02:18.527+0000] {logging_mixin.py:190} INFO - [2026-08-24T08:02:18.526+0000] {dagbag.py:588} INFO - Filling up the DagBag from /opt/airflow/dags/02_xcom_dag.py
[2026-08-24T08:02:18.579+0000] {processor.py:925} INFO - DAG(s) 'xcom_dag' retrieved from /opt/airflow/dags/02_xcom_dag.py
[2026-08-24T08:02:18.683+0000] {logging_mixin.py:190} INFO - [2026-08-24T08:02:18.683+0000] {dag.py:3239} INFO - Sync 1 DAGs
[2026-08-24T08:02:18.731+0000] {logging_mixin.py:190} INFO - [2026-08-24T08:02:18.731+0000] {dag.py:4180} INFO - Setting next_dagrun for xcom_dag to None, run_after=None
[2026-08-24T08:02:18.792+0000] {processor.py:208} INFO - Processing /opt/airflow/dags/02_xcom_dag.py took 0.286 seconds
[2026-08-24T08:02:49.829+0000] {processor.py:186} INFO - Started process (PID=690) to work on /opt/airflow/dags/02_xcom_dag.py
[2026-08-24T08:02:49.835+0000] {processor.py:914} INFO - Processing file /opt/airflow/dags/02_xcom_dag.py for tasks to queue
[2026-08-24T08:02:49.846+0000] {logging_mixin.py:190} INFO - [2026-08-24T08:02:49.845+0000] {dagbag.py:588} INFO - Filling up the DagBag from /opt/airflow/dags/02_xcom_dag.py
[2026-08-24T08:02:49.926+0000] {processor.py:925} INFO - DAG(s) 'xcom_dag' retrieved from /opt/airflow/dags/02_xcom_dag.py
[2026-08-24T08:02:50.027+0000] {logging_mixin.py:190} INFO - [2026-08-24T08:02:50.027+0000] {dag.py:3239} INFO - Sync 1 DAGs
[2026-08-24T08:02:50.085+0000] {logging_mixin.py:190} INFO - [2026-08-24T08:02:50.085+0000] {dag.py:4180} INFO - Setting next_dagrun for xcom_dag to None, run_after=None
[2026-08-24T08:02:50.156+0000] {processor.py:208} INFO - Processing /opt/airflow/dags/02_xcom_dag.py took 0.359 seconds
[2026-08-24T08:03:20.310+0000] {processor.py:186} INFO - Started process (PID=701) to work on /opt/airflow/dags/02_xcom_dag.py
[2026-08-24T08:03:20.314+0000] {processor.py:914} INFO - Processing file /opt/airflow/dags/02_xcom_dag.py for tasks to queue
[2026-08-24T08:03:20.321+0000] {logging_mixin.py:190} INFO - [2026-08-24T08:03:20.320+0000] {dagbag.py:588} INFO - Filling up the DagBag from /opt/airflow/dags/02_xcom_dag.py
[2026-08-24T08:03:20.391+0000] {processor.py:925} INFO - DAG(s) 'xcom_dag' retrieved from /opt/airflow/dags/02_xcom_dag.py
[2026-08-24T08:03:20.501+0000] {logging_mixin.py:190} INFO - [2026-08-24T08:03:20.500+0000] {dag.py:3239} INFO - Sync 1 DAGs
[2026-08-24T08:03:20.559+0000] {logging_mixin.py:190} INFO - [2026-08-24T08:03:20.559+0000] {dag.py:4180} INFO - Setting next_dagrun for xcom_dag to None, run_after=None
[2026-08-24T08:03:20.643+0000] {processor.py:208} INFO - Processing /opt/airflow/dags/02_xcom_dag.py took 0.350 seconds
[2026-08-24T08:03:50.857+0000] {processor.py:186} INFO - Started process (PID=713) to work on /opt/airflow/dags/02_xcom_dag.py
[2026-08-24T08:03:50.860+0000] {processor.py:914} INFO - Processing file /opt/airflow/dags/02_xcom_dag.py for tasks to queue
[2026-08-24T08:03:50.867+0000] {logging_mixin.py:190} INFO - [2026-08-24T08:03:50.866+0000] {dagbag.py:588} INFO - Filling up the DagBag from /opt/airflow/dags/02_xcom_dag.py
[2026-08-24T08:03:50.911+0000] {processor.py:925} INFO - DAG(s) 'xcom_dag' retrieved from /opt/airflow/dags/02_xcom_dag.py
[2026-08-24T08:03:50.974+0000] {logging_mixin.py:190} INFO - [2026-08-24T08:03:50.973+0000] {dag.py:3239} INFO - Sync 1 DAGs
[2026-08-24T08:03:51.011+0000] {logging_mixin.py:190} INFO - [2026-08-24T08:03:51.011+0000] {dag.py:4180} INFO - Setting next_dagrun for xcom_dag to None, run_after=None
[2026-08-24T08:03:51.064+0000] {processor.py:208} INFO - Processing /opt/airflow/dags/02_xcom_dag.py took 0.218 seconds
[2026-08-24T08:04:21.422+0000] {processor.py:186} INFO - Started process (PID=724) to work on /opt/airflow/dags/02_xcom_dag.py
[2026-08-24T08:04:21.424+0000] {processor.py:914} INFO - Processing file /opt/airflow/dags/02_xcom_dag.py for tasks to queue
[2026-08-24T08:04:21.428+0000] {logging_mixin.py:190} INFO - [2026-08-24T08:04:21.427+0000] {dagbag.py:588} INFO - Filling up the DagBag from /opt/airflow/dags/02_xcom_dag.py
[2026-08-24T08:04:21.459+0000] {processor.py:925} INFO - DAG(s) 'xcom_dag' retrieved from /opt/airflow/dags/02_xcom_dag.py
[2026-08-24T08:04:21.498+0000] {logging_mixin.py:190} INFO - [2026-08-24T08:04:21.498+0000] {dag.py:3239} INFO - Sync 1 DAGs
[2026-08-24T08:04:21.520+0000] {logging_mixin.py:190} INFO - [2026-08-24T08:04:21.520+0000] {dag.py:4180} INFO - Setting next_dagrun for xcom_dag to None, run_after=None
[2026-08-24T08:04:21.550+0000] {processor.py:208} INFO - Processing /opt/airflow/dags/02_xcom_dag.py took 0.138 seconds
[2026-08-24T08:04:52.377+0000] {processor.py:186} INFO - Started process (PID=736) to work on /opt/airflow/dags/02_xcom_dag.py
[2026-08-24T08:04:52.381+0000] {processor.py:914} INFO - Processing file /opt/airflow/dags/02_xcom_dag.py for tasks to queue
[2026-08-24T08:04:52.388+0000] {logging_mixin.py:190} INFO - [2026-08-24T08:04:52.387+0000] {dagbag.py:588} INFO - Filling up the DagBag from /opt/airflow/dags/02_xcom_dag.py
[2026-08-24T08:04:52.450+0000] {processor.py:925} INFO - DAG(s) 'xcom_dag' retrieved from /opt/airflow/dags/02_xcom_dag.py
[2026-08-24T08:04:52.649+0000] {logging_mixin.py:190} INFO - [2026-08-24T08:04:52.648+0000] {dag.py:3239} INFO - Sync 1 DAGs
[2026-08-24T08:04:52.741+0000] {logging_mixin.py:190} INFO - [2026-08-24T08:04:52.740+0000] {dag.py:4180} INFO - Setting next_dagrun for xcom_dag to None, run_after=None
[2026-08-24T08:04:52.827+0000] {processor.py:208} INFO - Processing /opt/airflow/dags/02_xcom_dag.py took 0.470 seconds
[2026-08-24T08:05:22.957+0000] {processor.py:186} INFO - Started process (PID=747) to work on /opt/airflow/dags/02_xcom_dag.py
[2026-08-24T08:05:22.960+0000] {processor.py:914} INFO - Processing file /opt/airflow/dags/02_xcom_dag.py for tasks to queue
[2026-08-24T08:05:22.966+0000] {logging_mixin.py:190} INFO - [2026-08-24T08:05:22.966+0000] {dagbag.py:588} INFO - Filling up the DagBag from /opt/airflow/dags/02_xcom_dag.py
[2026-08-24T08:05:23.000+0000] {processor.py:925} INFO - DAG(s) 'xcom_dag' retrieved from /opt/airflow/dags/02_xcom_dag.py
[2026-08-24T08:05:23.048+0000] {logging_mixin.py:190} INFO - [2026-08-24T08:05:23.048+0000] {dag.py:3239} INFO - Sync 1 DAGs
[2026-08-24T08:05:23.069+0000] {logging_mixin.py:190} INFO - [2026-08-24T08:05:23.069+0000] {dag.py:4180} INFO - Setting next_dagrun for xcom_dag to None, run_after=None
[2026-08-24T08:05:23.119+0000] {processor.py:208} INFO - Processing /opt/airflow/dags/02_xcom_dag.py took 0.174 seconds
[2026-08-24T08:05:53.257+0000] {processor.py:186} INFO - Started process (PID=759) to work on /opt/airflow/dags/02_xcom_dag.py
[2026-08-24T08:05:53.260+0000] {processor.py:914} INFO - Processing file /opt/airflow/dags/02_xcom_dag.py for tasks to queue
[2026-08-24T08:05:53.265+0000] {logging_mixin.py:190} INFO - [2026-08-24T08:05:53.264+0000] {dagbag.py:588} INFO - Filling up the DagBag from /opt/airflow/dags/02_xcom_dag.py
[2026-08-24T08:05:53.297+0000] {processor.py:925} INFO - DAG(s) 'xcom_dag' retrieved from /opt/airflow/dags/02_xcom_dag.py
[2026-08-24T08:05:53.340+0000] {logging_mixin.py:190} INFO - [2026-08-24T08:05:53.340+0000] {dag.py:3239} INFO - Sync 1 DAGs
[2026-08-24T08:05:53.363+0000] {logging_mixin.py:190} INFO - [2026-08-24T08:05:53.363+0000] {dag.py:4180} INFO - Setting next_dagrun for xcom_dag to None, run_after=None
[2026-08-24T08:05:53.393+0000] {processor.py:208} INFO - Processing /opt/airflow/dags/02_xcom_dag.py took 0.146 seconds
[2026-08-24T08:06:23.871+0000] {processor.py:186} INFO - Started process (PID=770) to work on /opt/airflow/dags/02_xcom_dag.py
[2026-08-24T08:06:23.876+0000] {processor.py:914} INFO - Processing file /opt/airflow/dags/02_xcom_dag.py for tasks to queue
[2026-08-24T08:06:23.888+0000] {logging_mixin.py:190} INFO - [2026-08-24T08:06:23.887+0000] {dagbag.py:588} INFO - Filling up the DagBag from /opt/airflow/dags/02_xcom_dag.py
[2026-08-24T08:06:23.993+0000] {processor.py:925} INFO - DAG(s) 'xcom_dag' retrieved from /opt/airflow/dags/02_xcom_dag.py
[2026-08-24T08:06:24.105+0000] {logging_mixin.py:190} INFO - [2026-08-24T08:06:24.104+0000] {dag.py:3239} INFO - Sync 1 DAGs
[2026-08-24T08:06:24.149+0000] {logging_mixin.py:190} INFO - [2026-08-24T08:06:24.148+0000] {dag.py:4180} INFO - Setting next_dagrun for xcom_dag to None, run_after=None
[2026-08-24T08:06:24.202+0000] {processor.py:208} INFO - Processing /opt/airflow/dags/02_xcom_dag.py took 0.352 seconds
[2026-08-24T08:06:54.379+0000] {processor.py:186} INFO - Started process (PID=781) to work on /opt/airflow/dags/02_xcom_dag.py
[2026-08-24T08:06:54.383+0000] {processor.py:914} INFO - Processing file /opt/airflow/dags/02_xcom_dag.py for tasks to queue
[2026-08-24T08:06:54.398+0000] {logging_mixin.py:190} INFO - [2026-08-24T08:06:54.394+0000] {dagbag.py:588} INFO - Filling up the DagBag from /opt/airflow/dags/02_xcom_dag.py
[2026-08-24T08:06:54.493+0000] {processor.py:925} INFO - DAG(s) 'xcom_dag' retrieved from /opt/airflow/dags/02_xcom_dag.py
[2026-08-24T08:06:54.582+0000] {logging_mixin.py:190} INFO - [2026-08-24T08:06:54.582+0000] {dag.py:3239} INFO - Sync 1 DAGs
[2026-08-24T08:06:54.628+0000] {logging_mixin.py:190} INFO - [2026-08-24T08:06:54.627+0000] {dag.py:4180} INFO - Setting next_dagrun for xcom_dag to None, run_after=None
[2026-08-24T08:06:54.680+0000] {processor.py:208} INFO - Processing /opt/airflow/dags/02_xcom_dag.py took 0.324 seconds
[2026-08-24T08:07:25.499+0000] {processor.py:186} INFO - Started process (PID=791) to work on /opt/airflow/dags/02_xcom_dag.py
[2026-08-24T08:07:25.502+0000] {processor.py:914} INFO - Processing file /opt/airflow/dags/02_xcom_dag.py for tasks to queue
[2026-08-24T08:07:25.509+0000] {logging_mixin.py:190} INFO - [2026-08-24T08:07:25.508+0000] {dagbag.py:588} INFO - Filling up the DagBag from /opt/airflow/dags/02_xcom_dag.py
[2026-08-24T08:07:25.557+0000] {processor.py:925} INFO - DAG(s) 'xcom_dag' retrieved from /opt/airflow/dags/02_xcom_dag.py
[2026-08-24T08:07:25.636+0000] {logging_mixin.py:190} INFO - [2026-08-24T08:07:25.635+0000] {dag.py:3239} INFO - Sync 1 DAGs
[2026-08-24T08:07:25.671+0000] {logging_mixin.py:190} INFO - [2026-08-24T08:07:25.671+0000] {dag.py:4180} INFO - Setting next_dagrun for xcom_dag to None, run_after=None
[2026-08-24T08:07:25.719+0000] {processor.py:208} INFO - Processing /opt/airflow/dags/02_xcom_dag.py took 0.238 seconds
