[2026-08-24T07:35:26.038+0000] {processor.py:186} INFO - Started process (PID=91) to work on /opt/airflow/dags/03_branching_dag.py
[2026-08-24T07:35:26.042+0000] {processor.py:914} INFO - Processing file /opt/airflow/dags/03_branching_dag.py for tasks to queue
[2026-08-24T07:35:26.050+0000] {logging_mixin.py:190} INFO - [2026-08-24T07:35:26.049+0000] {dagbag.py:588} INFO - Filling up the DagBag from /opt/airflow/dags/03_branching_dag.py
[2026-08-24T07:35:26.153+0000] {processor.py:925} INFO - DAG(s) 'branching_dag' retrieved from /opt/airflow/dags/03_branching_dag.py
[2026-08-24T07:35:26.483+0000] {logging_mixin.py:190} INFO - [2026-08-24T07:35:26.482+0000] {override.py:1911} INFO - Created Permission View: can read on DAG:branching_dag
[2026-08-24T07:35:26.513+0000] {logging_mixin.py:190} INFO - [2026-08-24T07:35:26.512+0000] {override.py:1911} INFO - Created Permission View: can edit on DAG:branching_dag
[2026-08-24T07:35:26.532+0000] {logging_mixin.py:190} INFO - [2026-08-24T07:35:26.531+0000] {override.py:1911} INFO - Created Permission View: can delete on DAG:branching_dag
[2026-08-24T07:35:26.555+0000] {logging_mixin.py:190} INFO - [2026-08-24T07:35:26.554+0000] {override.py:1911} INFO - Created Permission View: can read on DAG Run:branching_dag
[2026-08-24T07:35:26.577+0000] {logging_mixin.py:190} INFO - [2026-08-24T07:35:26.577+0000] {override.py:1911} INFO - Created Permission View: menu access on DAG Run:branching_dag
[2026-08-24T07:35:26.596+0000] {logging_mixin.py:190} INFO - [2026-08-24T07:35:26.596+0000] {override.py:1911} INFO - Created Permission View: can create on DAG Run:branching_dag
[2026-08-24T07:35:26.618+0000] {logging_mixin.py:190} INFO - [2026-08-24T07:35:26.617+0000] {override.py:1911} INFO - Created Permission View: can delete on DAG Run:branching_dag
[2026-08-24T07:35:26.622+0000] {logging_mixin.py:190} INFO - [2026-08-24T07:35:26.622+0000] {dag.py:3239} INFO - Sync 1 DAGs
[2026-08-24T07:35:27.168+0000] {logging_mixin.py:190} INFO - [2026-08-24T07:35:27.165+0000] {dag.py:3262} INFO - Creating ORM DAG for branching_dag
[2026-08-24T07:35:27.173+0000] {logging_mixin.py:190} INFO - [2026-08-24T07:35:27.173+0000] {dag.py:4180} INFO - Setting next_dagrun for branching_dag to None, run_after=None
[2026-08-24T07:35:27.256+0000] {processor.py:208} INFO - Processing /opt/airflow/dags/03_branching_dag.py took 1.237 seconds
[2026-08-24T07:35:57.925+0000] {processor.py:186} INFO - Started process (PID=101) to work on /opt/airflow/dags/03_branching_dag.py
[2026-08-24T07:35:57.941+0000] {processor.py:914} INFO - Processing file /opt/airflow/dags/03_branching_dag.py for tasks to queue
[2026-08-24T07:35:57.952+0000] {logging_mixin.py:190} INFO - [2026-08-24T07:35:57.952+0000] {dagbag.py:588} INFO - Filling up the DagBag from /opt/airflow/dags/03_branching_dag.py
[2026-08-24T07:35:58.227+0000] {processor.py:925} INFO - DAG(s) 'branching_dag' retrieved from /opt/airflow/dags/03_branching_dag.py
[2026-08-24T07:35:58.549+0000] {logging_mixin.py:190} INFO - [2026-08-24T07:35:58.547+0000] {dag.py:3239} INFO - Sync 1 DAGs
[2026-08-24T07:35:58.604+0000] {logging_mixin.py:190} INFO - [2026-08-24T07:35:58.604+0000] {dag.py:4180} INFO - Setting next_dagrun for branching_dag to None, run_after=None
[2026-08-24T07:35:58.680+0000] {processor.py:208} INFO - Processing /opt/airflow/dags/03_branching_dag.py took 0.798 seconds
[2026-08-24T07:36:28.926+0000] {processor.py:186} INFO - Started process (PID=112) to work on /opt/airflow/dags/03_branching_dag.py
[2026-08-24T07:36:28.928+0000] {processor.py:914} INFO - Processing file /opt/airflow/dags/03_branching_dag.py for tasks to queue
[2026-08-24T07:36:28.934+0000] {logging_mixin.py:190} INFO - [2026-08-24T07:36:28.934+0000] {dagbag.py:588} INFO - Filling up the DagBag from /opt/airflow/dags/03_branching_dag.py
[2026-08-24T07:36:28.985+0000] {processor.py:925} INFO - DAG(s) 'branching_dag' retrieved from /opt/airflow/dags/03_branching_dag.py
[2026-08-24T07:36:29.081+0000] {logging_mixin.py:190} INFO - [2026-08-24T07:36:29.081+0000] {dag.py:3239} INFO - Sync 1 DAGs
[2026-08-24T07:36:29.132+0000] {logging_mixin.py:190} INFO - [2026-08-24T07:36:29.132+0000] {dag.py:4180} INFO - Setting next_dagrun for branching_dag to None, run_after=None
[2026-08-24T07:36:29.174+0000] {processor.py:208} INFO - Processing /opt/airflow/dags/03_branching_dag.py took 0.263 seconds
[2026-08-24T07:36:59.629+0000] {processor.py:186} INFO - Started process (PID=123) to work on /opt/airflow/dags/03_branching_dag.py
[2026-08-24T07:36:59.632+0000] {processor.py:914} INFO - Processing file /opt/airflow/dags/03_branching_dag.py for tasks to queue
[2026-08-24T07:36:59.647+0000] {logging_mixin.py:190} INFO - [2026-08-24T07:36:59.645+0000] {dagbag.py:588} INFO - Filling up the DagBag from /opt/airflow/dags/03_branching_dag.py
[2026-08-24T07:36:59.725+0000] {processor.py:925} INFO - DAG(s) 'branching_dag' retrieved from /opt/airflow/dags/03_branching_dag.py
[2026-08-24T07:36:59.932+0000] {logging_mixin.py:190} INFO - [2026-08-24T07:36:59.932+0000] {dag.py:3239} INFO - Sync 1 DAGs
[2026-08-24T07:37:00.008+0000] {logging_mixin.py:190} INFO - [2026-08-24T07:37:00.007+0000] {dag.py:4180} INFO - Setting next_dagrun for branching_dag to None, run_after=None
[2026-08-24T07:37:00.150+0000] {processor.py:208} INFO - Processing /opt/airflow/dags/03_branching_dag.py took 0.537 seconds
[2026-08-24T07:37:30.775+0000] {processor.py:186} INFO - Started process (PID=134) to work on /opt/airflow/dags/03_branching_dag.py
[2026-08-24T07:37:30.785+0000] {processor.py:914} INFO - Processing file /opt/airflow/dags/03_branching_dag.py for tasks to queue
[2026-08-24T07:37:30.796+0000] {logging_mixin.py:190} INFO - [2026-08-24T07:37:30.795+0000] {dagbag.py:588} INFO - Filling up the DagBag from /opt/airflow/dags/03_branching_dag.py
[2026-08-24T07:37:30.918+0000] {processor.py:925} INFO - DAG(s) 'branching_dag' retrieved from /opt/airflow/dags/03_branching_dag.py
[2026-08-24T07:37:31.073+0000] {logging_mixin.py:190} INFO - [2026-08-24T07:37:31.072+0000] {dag.py:3239} INFO - Sync 1 DAGs
[2026-08-24T07:37:31.558+0000] {logging_mixin.py:190} INFO - [2026-08-24T07:37:31.557+0000] {dag.py:4180} INFO - Setting next_dagrun for branching_dag to None, run_after=None
[2026-08-24T07:37:31.605+0000] {processor.py:208} INFO - Processing /opt/airflow/dags/03_branching_dag.py took 0.854 seconds
[2026-08-24T07:38:01.897+0000] {processor.py:186} INFO - Started process (PID=146) to work on /opt/airflow/dags/03_branching_dag.py
[2026-08-24T07:38:01.905+0000] {processor.py:914} INFO - Processing file /opt/airflow/dags/03_branching_dag.py for tasks to queue
[2026-08-24T07:38:01.917+0000] {logging_mixin.py:190} INFO - [2026-08-24T07:38:01.916+0000] {dagbag.py:588} INFO - Filling up the DagBag from /opt/airflow/dags/03_branching_dag.py
[2026-08-24T07:38:02.058+0000] {processor.py:925} INFO - DAG(s) 'branching_dag' retrieved from /opt/airflow/dags/03_branching_dag.py
[2026-08-24T07:38:02.754+0000] {logging_mixin.py:190} INFO - [2026-08-24T07:38:02.754+0000] {dag.py:3239} INFO - Sync 1 DAGs
[2026-08-24T07:38:02.809+0000] {logging_mixin.py:190} INFO - [2026-08-24T07:38:02.808+0000] {dag.py:4180} INFO - Setting next_dagrun for branching_dag to None, run_after=None
[2026-08-24T07:38:02.904+0000] {processor.py:208} INFO - Processing /opt/airflow/dags/03_branching_dag.py took 1.044 seconds
[2026-08-24T07:38:33.188+0000] {processor.py:186} INFO - Started process (PID=157) to work on /opt/airflow/dags/03_branching_dag.py
[2026-08-24T07:38:33.193+0000] {processor.py:914} INFO - Processing file /opt/airflow/dags/03_branching_dag.py for tasks to queue
[2026-08-24T07:38:33.207+0000] {logging_mixin.py:190} INFO - [2026-08-24T07:38:33.206+0000] {dagbag.py:588} INFO - Filling up the DagBag from /opt/airflow/dags/03_branching_dag.py
[2026-08-24T07:38:33.338+0000] {processor.py:925} INFO - DAG(s) 'branching_dag' retrieved from /opt/airflow/dags/03_branching_dag.py
[2026-08-24T07:38:33.503+0000] {logging_mixin.py:190} INFO - [2026-08-24T07:38:33.502+0000] {dag.py:3239} INFO - Sync 1 DAGs
[2026-08-24T07:38:33.588+0000] {logging_mixin.py:190} INFO - [2026-08-24T07:38:33.587+0000] {dag.py:4180} INFO - Setting next_dagrun for branching_dag to None, run_after=None
[2026-08-24T07:38:33.696+0000] {processor.py:208} INFO - Processing /opt/airflow/dags/03_branching_dag.py took 0.544 seconds
[2026-08-24T07:39:04.074+0000] {processor.py:186} INFO - Started process (PID=168) to work on /opt/airflow/dags/03_branching_dag.py
[2026-08-24T07:39:04.078+0000] {processor.py:914} INFO - Processing file /opt/airflow/dags/03_branching_dag.py for tasks to queue
[2026-08-24T07:39:04.092+0000] {logging_mixin.py:190} INFO - [2026-08-24T07:39:04.091+0000] {dagbag.py:588} INFO - Filling up the DagBag from /opt/airflow/dags/03_branching_dag.py
[2026-08-24T07:39:04.159+0000] {processor.py:925} INFO - DAG(s) 'branching_dag' retrieved from /opt/airflow/dags/03_branching_dag.py
[2026-08-24T07:39:04.267+0000] {logging_mixin.py:190} INFO - [2026-08-24T07:39:04.267+0000] {dag.py:3239} INFO - Sync 1 DAGs
[2026-08-24T07:39:04.333+0000] {logging_mixin.py:190} INFO - [2026-08-24T07:39:04.333+0000] {dag.py:4180} INFO - Setting next_dagrun for branching_dag to None, run_after=None
[2026-08-24T07:39:04.413+0000] {processor.py:208} INFO - Processing /opt/airflow/dags/03_branching_dag.py took 0.359 seconds
[2026-08-24T07:39:34.978+0000] {processor.py:186} INFO - Started process (PID=179) to work on /opt/airflow/dags/03_branching_dag.py
[2026-08-24T07:39:34.986+0000] {processor.py:914} INFO - Processing file /opt/airflow/dags/03_branching_dag.py for tasks to queue
[2026-08-24T07:39:34.995+0000] {logging_mixin.py:190} INFO - [2026-08-24T07:39:34.994+0000] {dagbag.py:588} INFO - Filling up the DagBag from /opt/airflow/dags/03_branching_dag.py
[2026-08-24T07:39:35.063+0000] {processor.py:925} INFO - DAG(s) 'branching_dag' retrieved from /opt/airflow/dags/03_branching_dag.py
[2026-08-24T07:39:35.175+0000] {logging_mixin.py:190} INFO - [2026-08-24T07:39:35.174+0000] {dag.py:3239} INFO - Sync 1 DAGs
[2026-08-24T07:39:35.237+0000] {logging_mixin.py:190} INFO - [2026-08-24T07:39:35.236+0000] {dag.py:4180} INFO - Setting next_dagrun for branching_dag to None, run_after=None
[2026-08-24T07:39:35.322+0000] {processor.py:208} INFO - Processing /opt/airflow/dags/03_branching_dag.py took 0.368 seconds
[2026-08-24T07:40:06.107+0000] {processor.py:186} INFO - Started process (PID=189) to work on /opt/airflow/dags/03_branching_dag.py
[2026-08-24T07:40:06.110+0000] {processor.py:914} INFO - Processing file /opt/airflow/dags/03_branching_dag.py for tasks to queue
[2026-08-24T07:40:06.124+0000] {logging_mixin.py:190} INFO - [2026-08-24T07:40:06.123+0000] {dagbag.py:588} INFO - Filling up the DagBag from /opt/airflow/dags/03_branching_dag.py
[2026-08-24T07:40:06.185+0000] {processor.py:925} INFO - DAG(s) 'branching_dag' retrieved from /opt/airflow/dags/03_branching_dag.py
[2026-08-24T07:40:06.297+0000] {logging_mixin.py:190} INFO - [2026-08-24T07:40:06.294+0000] {dag.py:3239} INFO - Sync 1 DAGs
[2026-08-24T07:40:06.364+0000] {logging_mixin.py:190} INFO - [2026-08-24T07:40:06.364+0000] {dag.py:4180} INFO - Setting next_dagrun for branching_dag to None, run_after=None
[2026-08-24T07:40:06.442+0000] {processor.py:208} INFO - Processing /opt/airflow/dags/03_branching_dag.py took 0.358 seconds
[2026-08-24T07:40:38.018+0000] {processor.py:186} INFO - Started process (PID=205) to work on /opt/airflow/dags/03_branching_dag.py
[2026-08-24T07:40:38.032+0000] {processor.py:914} INFO - Processing file /opt/airflow/dags/03_branching_dag.py for tasks to queue
[2026-08-24T07:40:38.038+0000] {logging_mixin.py:190} INFO - [2026-08-24T07:40:38.037+0000] {dagbag.py:588} INFO - Filling up the DagBag from /opt/airflow/dags/03_branching_dag.py
[2026-08-24T07:40:38.154+0000] {processor.py:925} INFO - DAG(s) 'branching_dag' retrieved from /opt/airflow/dags/03_branching_dag.py
[2026-08-24T07:40:38.315+0000] {logging_mixin.py:190} INFO - [2026-08-24T07:40:38.314+0000] {dag.py:3239} INFO - Sync 1 DAGs
[2026-08-24T07:40:38.426+0000] {logging_mixin.py:190} INFO - [2026-08-24T07:40:38.426+0000] {dag.py:4180} INFO - Setting next_dagrun for branching_dag to None, run_after=None
[2026-08-24T07:40:38.586+0000] {processor.py:208} INFO - Processing /opt/airflow/dags/03_branching_dag.py took 0.591 seconds
[2026-08-24T07:41:09.644+0000] {processor.py:186} INFO - Started process (PID=215) to work on /opt/airflow/dags/03_branching_dag.py
[2026-08-24T07:41:09.658+0000] {processor.py:914} INFO - Processing file /opt/airflow/dags/03_branching_dag.py for tasks to queue
[2026-08-24T07:41:09.667+0000] {logging_mixin.py:190} INFO - [2026-08-24T07:41:09.666+0000] {dagbag.py:588} INFO - Filling up the DagBag from /opt/airflow/dags/03_branching_dag.py
[2026-08-24T07:41:09.792+0000] {processor.py:925} INFO - DAG(s) 'branching_dag' retrieved from /opt/airflow/dags/03_branching_dag.py
[2026-08-24T07:41:09.959+0000] {logging_mixin.py:190} INFO - [2026-08-24T07:41:09.958+0000] {dag.py:3239} INFO - Sync 1 DAGs
[2026-08-24T07:41:10.054+0000] {logging_mixin.py:190} INFO - [2026-08-24T07:41:10.053+0000] {dag.py:4180} INFO - Setting next_dagrun for branching_dag to None, run_after=None
[2026-08-24T07:41:10.177+0000] {processor.py:208} INFO - Processing /opt/airflow/dags/03_branching_dag.py took 0.573 seconds
[2026-08-24T07:41:40.807+0000] {processor.py:186} INFO - Started process (PID=227) to work on /opt/airflow/dags/03_branching_dag.py
[2026-08-24T07:41:40.810+0000] {processor.py:914} INFO - Processing file /opt/airflow/dags/03_branching_dag.py for tasks to queue
[2026-08-24T07:41:40.816+0000] {logging_mixin.py:190} INFO - [2026-08-24T07:41:40.816+0000] {dagbag.py:588} INFO - Filling up the DagBag from /opt/airflow/dags/03_branching_dag.py
[2026-08-24T07:41:40.895+0000] {processor.py:925} INFO - DAG(s) 'branching_dag' retrieved from /opt/airflow/dags/03_branching_dag.py
[2026-08-24T07:41:41.019+0000] {logging_mixin.py:190} INFO - [2026-08-24T07:41:41.018+0000] {dag.py:3239} INFO - Sync 1 DAGs
[2026-08-24T07:41:41.081+0000] {logging_mixin.py:190} INFO - [2026-08-24T07:41:41.080+0000] {dag.py:4180} INFO - Setting next_dagrun for branching_dag to None, run_after=None
[2026-08-24T07:41:41.155+0000] {processor.py:208} INFO - Processing /opt/airflow/dags/03_branching_dag.py took 0.370 seconds
[2026-08-24T07:42:11.669+0000] {processor.py:186} INFO - Started process (PID=237) to work on /opt/airflow/dags/03_branching_dag.py
[2026-08-24T07:42:11.673+0000] {processor.py:914} INFO - Processing file /opt/airflow/dags/03_branching_dag.py for tasks to queue
[2026-08-24T07:42:11.680+0000] {logging_mixin.py:190} INFO - [2026-08-24T07:42:11.679+0000] {dagbag.py:588} INFO - Filling up the DagBag from /opt/airflow/dags/03_branching_dag.py
[2026-08-24T07:42:11.759+0000] {processor.py:925} INFO - DAG(s) 'branching_dag' retrieved from /opt/airflow/dags/03_branching_dag.py
[2026-08-24T07:42:11.900+0000] {logging_mixin.py:190} INFO - [2026-08-24T07:42:11.899+0000] {dag.py:3239} INFO - Sync 1 DAGs
[2026-08-24T07:42:11.977+0000] {logging_mixin.py:190} INFO - [2026-08-24T07:42:11.976+0000] {dag.py:4180} INFO - Setting next_dagrun for branching_dag to None, run_after=None
[2026-08-24T07:42:12.067+0000] {processor.py:208} INFO - Processing /opt/airflow/dags/03_branching_dag.py took 0.432 seconds
[2026-08-24T07:42:42.260+0000] {processor.py:186} INFO - Started process (PID=246) to work on /opt/airflow/dags/03_branching_dag.py
[2026-08-24T07:42:42.270+0000] {processor.py:914} INFO - Processing file /opt/airflow/dags/03_branching_dag.py for tasks to queue
[2026-08-24T07:42:42.278+0000] {logging_mixin.py:190} INFO - [2026-08-24T07:42:42.277+0000] {dagbag.py:588} INFO - Filling up the DagBag from /opt/airflow/dags/03_branching_dag.py
[2026-08-24T07:42:42.344+0000] {processor.py:925} INFO - DAG(s) 'branching_dag' retrieved from /opt/airflow/dags/03_branching_dag.py
[2026-08-24T07:42:42.453+0000] {logging_mixin.py:190} INFO - [2026-08-24T07:42:42.452+0000] {dag.py:3239} INFO - Sync 1 DAGs
[2026-08-24T07:42:42.493+0000] {logging_mixin.py:190} INFO - [2026-08-24T07:42:42.492+0000] {dag.py:4180} INFO - Setting next_dagrun for branching_dag to None, run_after=None
[2026-08-24T07:42:42.561+0000] {processor.py:208} INFO - Processing /opt/airflow/dags/03_branching_dag.py took 0.319 seconds
[2026-08-24T07:43:13.264+0000] {processor.py:186} INFO - Started process (PID=256) to work on /opt/airflow/dags/03_branching_dag.py
[2026-08-24T07:43:13.269+0000] {processor.py:914} INFO - Processing file /opt/airflow/dags/03_branching_dag.py for tasks to queue
[2026-08-24T07:43:13.283+0000] {logging_mixin.py:190} INFO - [2026-08-24T07:43:13.282+0000] {dagbag.py:588} INFO - Filling up the DagBag from /opt/airflow/dags/03_branching_dag.py
[2026-08-24T07:43:13.434+0000] {processor.py:925} INFO - DAG(s) 'branching_dag' retrieved from /opt/airflow/dags/03_branching_dag.py
[2026-08-24T07:43:13.625+0000] {logging_mixin.py:190} INFO - [2026-08-24T07:43:13.624+0000] {dag.py:3239} INFO - Sync 1 DAGs
[2026-08-24T07:43:13.697+0000] {logging_mixin.py:190} INFO - [2026-08-24T07:43:13.697+0000] {dag.py:4180} INFO - Setting next_dagrun for branching_dag to None, run_after=None
[2026-08-24T07:43:13.829+0000] {processor.py:208} INFO - Processing /opt/airflow/dags/03_branching_dag.py took 0.594 seconds
[2026-08-24T07:43:44.150+0000] {processor.py:186} INFO - Started process (PID=268) to work on /opt/airflow/dags/03_branching_dag.py
[2026-08-24T07:43:44.153+0000] {processor.py:914} INFO - Processing file /opt/airflow/dags/03_branching_dag.py for tasks to queue
[2026-08-24T07:43:44.165+0000] {logging_mixin.py:190} INFO - [2026-08-24T07:43:44.164+0000] {dagbag.py:588} INFO - Filling up the DagBag from /opt/airflow/dags/03_branching_dag.py
[2026-08-24T07:43:44.243+0000] {processor.py:925} INFO - DAG(s) 'branching_dag' retrieved from /opt/airflow/dags/03_branching_dag.py
[2026-08-24T07:43:44.360+0000] {logging_mixin.py:190} INFO - [2026-08-24T07:43:44.360+0000] {dag.py:3239} INFO - Sync 1 DAGs
[2026-08-24T07:43:44.440+0000] {logging_mixin.py:190} INFO - [2026-08-24T07:43:44.440+0000] {dag.py:4180} INFO - Setting next_dagrun for branching_dag to None, run_after=None
[2026-08-24T07:43:44.535+0000] {processor.py:208} INFO - Processing /opt/airflow/dags/03_branching_dag.py took 0.404 seconds
[2026-08-24T07:44:14.741+0000] {processor.py:186} INFO - Started process (PID=279) to work on /opt/airflow/dags/03_branching_dag.py
[2026-08-24T07:44:14.744+0000] {processor.py:914} INFO - Processing file /opt/airflow/dags/03_branching_dag.py for tasks to queue
[2026-08-24T07:44:14.760+0000] {logging_mixin.py:190} INFO - [2026-08-24T07:44:14.759+0000] {dagbag.py:588} INFO - Filling up the DagBag from /opt/airflow/dags/03_branching_dag.py
[2026-08-24T07:44:14.828+0000] {processor.py:925} INFO - DAG(s) 'branching_dag' retrieved from /opt/airflow/dags/03_branching_dag.py
[2026-08-24T07:44:14.986+0000] {logging_mixin.py:190} INFO - [2026-08-24T07:44:14.985+0000] {dag.py:3239} INFO - Sync 1 DAGs
[2026-08-24T07:44:15.064+0000] {logging_mixin.py:190} INFO - [2026-08-24T07:44:15.064+0000] {dag.py:4180} INFO - Setting next_dagrun for branching_dag to None, run_after=None
[2026-08-24T07:44:15.165+0000] {processor.py:208} INFO - Processing /opt/airflow/dags/03_branching_dag.py took 0.449 seconds
[2026-08-24T07:44:46.537+0000] {processor.py:186} INFO - Started process (PID=291) to work on /opt/airflow/dags/03_branching_dag.py
[2026-08-24T07:44:46.543+0000] {processor.py:914} INFO - Processing file /opt/airflow/dags/03_branching_dag.py for tasks to queue
[2026-08-24T07:44:46.553+0000] {logging_mixin.py:190} INFO - [2026-08-24T07:44:46.552+0000] {dagbag.py:588} INFO - Filling up the DagBag from /opt/airflow/dags/03_branching_dag.py
[2026-08-24T07:44:46.612+0000] {processor.py:925} INFO - DAG(s) 'branching_dag' retrieved from /opt/airflow/dags/03_branching_dag.py
[2026-08-24T07:44:46.737+0000] {logging_mixin.py:190} INFO - [2026-08-24T07:44:46.734+0000] {dag.py:3239} INFO - Sync 1 DAGs
[2026-08-24T07:44:46.810+0000] {logging_mixin.py:190} INFO - [2026-08-24T07:44:46.809+0000] {dag.py:4180} INFO - Setting next_dagrun for branching_dag to None, run_after=None
[2026-08-24T07:44:46.892+0000] {processor.py:208} INFO - Processing /opt/airflow/dags/03_branching_dag.py took 0.373 seconds
[2026-08-24T07:45:18.732+0000] {processor.py:186} INFO - Started process (PID=302) to work on /opt/airflow/dags/03_branching_dag.py
[2026-08-24T07:45:18.747+0000] {processor.py:914} INFO - Processing file /opt/airflow/dags/03_branching_dag.py for tasks to queue
[2026-08-24T07:45:18.777+0000] {logging_mixin.py:190} INFO - [2026-08-24T07:45:18.768+0000] {dagbag.py:588} INFO - Filling up the DagBag from /opt/airflow/dags/03_branching_dag.py
[2026-08-24T07:45:18.992+0000] {processor.py:925} INFO - DAG(s) 'branching_dag' retrieved from /opt/airflow/dags/03_branching_dag.py
[2026-08-24T07:45:19.387+0000] {logging_mixin.py:190} INFO - [2026-08-24T07:45:19.386+0000] {dag.py:3239} INFO - Sync 1 DAGs
[2026-08-24T07:45:19.536+0000] {logging_mixin.py:190} INFO - [2026-08-24T07:45:19.535+0000] {dag.py:4180} INFO - Setting next_dagrun for branching_dag to None, run_after=None
[2026-08-24T07:45:19.792+0000] {processor.py:208} INFO - Processing /opt/airflow/dags/03_branching_dag.py took 1.094 seconds
[2026-08-24T07:45:50.457+0000] {processor.py:186} INFO - Started process (PID=319) to work on /opt/airflow/dags/03_branching_dag.py
[2026-08-24T07:45:50.470+0000] {processor.py:914} INFO - Processing file /opt/airflow/dags/03_branching_dag.py for tasks to queue
[2026-08-24T07:45:50.493+0000] {logging_mixin.py:190} INFO - [2026-08-24T07:45:50.492+0000] {dagbag.py:588} INFO - Filling up the DagBag from /opt/airflow/dags/03_branching_dag.py
[2026-08-24T07:45:50.605+0000] {processor.py:925} INFO - DAG(s) 'branching_dag' retrieved from /opt/airflow/dags/03_branching_dag.py
[2026-08-24T07:45:50.787+0000] {logging_mixin.py:190} INFO - [2026-08-24T07:45:50.786+0000] {dag.py:3239} INFO - Sync 1 DAGs
[2026-08-24T07:45:50.891+0000] {logging_mixin.py:190} INFO - [2026-08-24T07:45:50.891+0000] {dag.py:4180} INFO - Setting next_dagrun for branching_dag to None, run_after=None
[2026-08-24T07:45:50.999+0000] {processor.py:208} INFO - Processing /opt/airflow/dags/03_branching_dag.py took 0.571 seconds
[2026-08-24T07:46:21.170+0000] {processor.py:186} INFO - Started process (PID=330) to work on /opt/airflow/dags/03_branching_dag.py
[2026-08-24T07:46:21.175+0000] {processor.py:914} INFO - Processing file /opt/airflow/dags/03_branching_dag.py for tasks to queue
[2026-08-24T07:46:21.191+0000] {logging_mixin.py:190} INFO - [2026-08-24T07:46:21.190+0000] {dagbag.py:588} INFO - Filling up the DagBag from /opt/airflow/dags/03_branching_dag.py
[2026-08-24T07:46:21.307+0000] {processor.py:925} INFO - DAG(s) 'branching_dag' retrieved from /opt/airflow/dags/03_branching_dag.py
[2026-08-24T07:46:21.433+0000] {logging_mixin.py:190} INFO - [2026-08-24T07:46:21.430+0000] {dag.py:3239} INFO - Sync 1 DAGs
[2026-08-24T07:46:21.503+0000] {logging_mixin.py:190} INFO - [2026-08-24T07:46:21.503+0000] {dag.py:4180} INFO - Setting next_dagrun for branching_dag to None, run_after=None
[2026-08-24T07:46:21.607+0000] {processor.py:208} INFO - Processing /opt/airflow/dags/03_branching_dag.py took 0.462 seconds
[2026-08-24T07:46:51.953+0000] {processor.py:186} INFO - Started process (PID=341) to work on /opt/airflow/dags/03_branching_dag.py
[2026-08-24T07:46:51.956+0000] {processor.py:914} INFO - Processing file /opt/airflow/dags/03_branching_dag.py for tasks to queue
[2026-08-24T07:46:51.963+0000] {logging_mixin.py:190} INFO - [2026-08-24T07:46:51.962+0000] {dagbag.py:588} INFO - Filling up the DagBag from /opt/airflow/dags/03_branching_dag.py
[2026-08-24T07:46:52.045+0000] {processor.py:925} INFO - DAG(s) 'branching_dag' retrieved from /opt/airflow/dags/03_branching_dag.py
[2026-08-24T07:46:52.193+0000] {logging_mixin.py:190} INFO - [2026-08-24T07:46:52.192+0000] {dag.py:3239} INFO - Sync 1 DAGs
[2026-08-24T07:46:52.265+0000] {logging_mixin.py:190} INFO - [2026-08-24T07:46:52.264+0000] {dag.py:4180} INFO - Setting next_dagrun for branching_dag to None, run_after=None
[2026-08-24T07:46:52.360+0000] {processor.py:208} INFO - Processing /opt/airflow/dags/03_branching_dag.py took 0.428 seconds
[2026-08-24T07:47:22.848+0000] {processor.py:186} INFO - Started process (PID=353) to work on /opt/airflow/dags/03_branching_dag.py
[2026-08-24T07:47:22.864+0000] {processor.py:914} INFO - Processing file /opt/airflow/dags/03_branching_dag.py for tasks to queue
[2026-08-24T07:47:22.886+0000] {logging_mixin.py:190} INFO - [2026-08-24T07:47:22.885+0000] {dagbag.py:588} INFO - Filling up the DagBag from /opt/airflow/dags/03_branching_dag.py
[2026-08-24T07:47:22.990+0000] {processor.py:925} INFO - DAG(s) 'branching_dag' retrieved from /opt/airflow/dags/03_branching_dag.py
[2026-08-24T07:47:23.131+0000] {logging_mixin.py:190} INFO - [2026-08-24T07:47:23.130+0000] {dag.py:3239} INFO - Sync 1 DAGs
[2026-08-24T07:47:23.204+0000] {logging_mixin.py:190} INFO - [2026-08-24T07:47:23.203+0000] {dag.py:4180} INFO - Setting next_dagrun for branching_dag to None, run_after=None
[2026-08-24T07:47:23.297+0000] {processor.py:208} INFO - Processing /opt/airflow/dags/03_branching_dag.py took 0.504 seconds
[2026-08-24T07:47:54.177+0000] {processor.py:186} INFO - Started process (PID=363) to work on /opt/airflow/dags/03_branching_dag.py
[2026-08-24T07:47:54.181+0000] {processor.py:914} INFO - Processing file /opt/airflow/dags/03_branching_dag.py for tasks to queue
[2026-08-24T07:47:54.196+0000] {logging_mixin.py:190} INFO - [2026-08-24T07:47:54.196+0000] {dagbag.py:588} INFO - Filling up the DagBag from /opt/airflow/dags/03_branching_dag.py
[2026-08-24T07:47:54.275+0000] {processor.py:925} INFO - DAG(s) 'branching_dag' retrieved from /opt/airflow/dags/03_branching_dag.py
[2026-08-24T07:47:54.422+0000] {logging_mixin.py:190} INFO - [2026-08-24T07:47:54.421+0000] {dag.py:3239} INFO - Sync 1 DAGs
[2026-08-24T07:47:54.497+0000] {logging_mixin.py:190} INFO - [2026-08-24T07:47:54.497+0000] {dag.py:4180} INFO - Setting next_dagrun for branching_dag to None, run_after=None
[2026-08-24T07:47:54.613+0000] {processor.py:208} INFO - Processing /opt/airflow/dags/03_branching_dag.py took 0.468 seconds
[2026-08-24T07:48:24.823+0000] {processor.py:186} INFO - Started process (PID=374) to work on /opt/airflow/dags/03_branching_dag.py
[2026-08-24T07:48:24.827+0000] {processor.py:914} INFO - Processing file /opt/airflow/dags/03_branching_dag.py for tasks to queue
[2026-08-24T07:48:24.839+0000] {logging_mixin.py:190} INFO - [2026-08-24T07:48:24.838+0000] {dagbag.py:588} INFO - Filling up the DagBag from /opt/airflow/dags/03_branching_dag.py
[2026-08-24T07:48:24.911+0000] {processor.py:925} INFO - DAG(s) 'branching_dag' retrieved from /opt/airflow/dags/03_branching_dag.py
[2026-08-24T07:48:25.028+0000] {logging_mixin.py:190} INFO - [2026-08-24T07:48:25.027+0000] {dag.py:3239} INFO - Sync 1 DAGs
[2026-08-24T07:48:25.090+0000] {logging_mixin.py:190} INFO - [2026-08-24T07:48:25.089+0000] {dag.py:4180} INFO - Setting next_dagrun for branching_dag to None, run_after=None
[2026-08-24T07:48:25.162+0000] {processor.py:208} INFO - Processing /opt/airflow/dags/03_branching_dag.py took 0.370 seconds
[2026-08-24T07:48:55.985+0000] {processor.py:186} INFO - Started process (PID=389) to work on /opt/airflow/dags/03_branching_dag.py
[2026-08-24T07:48:55.999+0000] {processor.py:914} INFO - Processing file /opt/airflow/dags/03_branching_dag.py for tasks to queue
[2026-08-24T07:48:56.023+0000] {logging_mixin.py:190} INFO - [2026-08-24T07:48:56.022+0000] {dagbag.py:588} INFO - Filling up the DagBag from /opt/airflow/dags/03_branching_dag.py
[2026-08-24T07:48:56.202+0000] {processor.py:925} INFO - DAG(s) 'branching_dag' retrieved from /opt/airflow/dags/03_branching_dag.py
[2026-08-24T07:48:56.377+0000] {logging_mixin.py:190} INFO - [2026-08-24T07:48:56.376+0000] {dag.py:3239} INFO - Sync 1 DAGs
[2026-08-24T07:48:56.461+0000] {logging_mixin.py:190} INFO - [2026-08-24T07:48:56.460+0000] {dag.py:4180} INFO - Setting next_dagrun for branching_dag to None, run_after=None
[2026-08-24T07:48:56.566+0000] {processor.py:208} INFO - Processing /opt/airflow/dags/03_branching_dag.py took 0.622 seconds
[2026-08-24T07:49:26.952+0000] {processor.py:186} INFO - Started process (PID=399) to work on /opt/airflow/dags/03_branching_dag.py
[2026-08-24T07:49:26.968+0000] {processor.py:914} INFO - Processing file /opt/airflow/dags/03_branching_dag.py for tasks to queue
[2026-08-24T07:49:26.975+0000] {logging_mixin.py:190} INFO - [2026-08-24T07:49:26.974+0000] {dagbag.py:588} INFO - Filling up the DagBag from /opt/airflow/dags/03_branching_dag.py
[2026-08-24T07:49:27.051+0000] {processor.py:925} INFO - DAG(s) 'branching_dag' retrieved from /opt/airflow/dags/03_branching_dag.py
[2026-08-24T07:49:27.199+0000] {logging_mixin.py:190} INFO - [2026-08-24T07:49:27.199+0000] {dag.py:3239} INFO - Sync 1 DAGs
[2026-08-24T07:49:27.281+0000] {logging_mixin.py:190} INFO - [2026-08-24T07:49:27.280+0000] {dag.py:4180} INFO - Setting next_dagrun for branching_dag to None, run_after=None
[2026-08-24T07:49:27.378+0000] {processor.py:208} INFO - Processing /opt/airflow/dags/03_branching_dag.py took 0.463 seconds
[2026-08-24T07:49:57.954+0000] {processor.py:186} INFO - Started process (PID=410) to work on /opt/airflow/dags/03_branching_dag.py
[2026-08-24T07:49:57.969+0000] {processor.py:914} INFO - Processing file /opt/airflow/dags/03_branching_dag.py for tasks to queue
[2026-08-24T07:49:57.976+0000] {logging_mixin.py:190} INFO - [2026-08-24T07:49:57.975+0000] {dagbag.py:588} INFO - Filling up the DagBag from /opt/airflow/dags/03_branching_dag.py
[2026-08-24T07:49:58.142+0000] {processor.py:925} INFO - DAG(s) 'branching_dag' retrieved from /opt/airflow/dags/03_branching_dag.py
[2026-08-24T07:49:58.337+0000] {logging_mixin.py:190} INFO - [2026-08-24T07:49:58.325+0000] {dag.py:3239} INFO - Sync 1 DAGs
[2026-08-24T07:49:58.454+0000] {logging_mixin.py:190} INFO - [2026-08-24T07:49:58.454+0000] {dag.py:4180} INFO - Setting next_dagrun for branching_dag to None, run_after=None
[2026-08-24T07:49:58.650+0000] {processor.py:208} INFO - Processing /opt/airflow/dags/03_branching_dag.py took 0.720 seconds
[2026-08-24T07:50:29.116+0000] {processor.py:186} INFO - Started process (PID=421) to work on /opt/airflow/dags/03_branching_dag.py
[2026-08-24T07:50:29.125+0000] {processor.py:914} INFO - Processing file /opt/airflow/dags/03_branching_dag.py for tasks to queue
[2026-08-24T07:50:29.152+0000] {logging_mixin.py:190} INFO - [2026-08-24T07:50:29.138+0000] {dagbag.py:588} INFO - Filling up the DagBag from /opt/airflow/dags/03_branching_dag.py
[2026-08-24T07:50:29.316+0000] {processor.py:925} INFO - DAG(s) 'branching_dag' retrieved from /opt/airflow/dags/03_branching_dag.py
[2026-08-24T07:50:29.463+0000] {logging_mixin.py:190} INFO - [2026-08-24T07:50:29.463+0000] {dag.py:3239} INFO - Sync 1 DAGs
[2026-08-24T07:50:29.542+0000] {logging_mixin.py:190} INFO - [2026-08-24T07:50:29.541+0000] {dag.py:4180} INFO - Setting next_dagrun for branching_dag to None, run_after=None
[2026-08-24T07:50:29.667+0000] {processor.py:208} INFO - Processing /opt/airflow/dags/03_branching_dag.py took 0.592 seconds
[2026-08-24T07:51:00.221+0000] {processor.py:186} INFO - Started process (PID=432) to work on /opt/airflow/dags/03_branching_dag.py
[2026-08-24T07:51:00.232+0000] {processor.py:914} INFO - Processing file /opt/airflow/dags/03_branching_dag.py for tasks to queue
[2026-08-24T07:51:00.253+0000] {logging_mixin.py:190} INFO - [2026-08-24T07:51:00.252+0000] {dagbag.py:588} INFO - Filling up the DagBag from /opt/airflow/dags/03_branching_dag.py
[2026-08-24T07:51:00.356+0000] {processor.py:925} INFO - DAG(s) 'branching_dag' retrieved from /opt/airflow/dags/03_branching_dag.py
[2026-08-24T07:51:00.521+0000] {logging_mixin.py:190} INFO - [2026-08-24T07:51:00.520+0000] {dag.py:3239} INFO - Sync 1 DAGs
[2026-08-24T07:51:00.639+0000] {logging_mixin.py:190} INFO - [2026-08-24T07:51:00.638+0000] {dag.py:4180} INFO - Setting next_dagrun for branching_dag to None, run_after=None
[2026-08-24T07:51:00.765+0000] {processor.py:208} INFO - Processing /opt/airflow/dags/03_branching_dag.py took 0.576 seconds
[2026-08-24T07:51:31.379+0000] {processor.py:186} INFO - Started process (PID=443) to work on /opt/airflow/dags/03_branching_dag.py
[2026-08-24T07:51:31.382+0000] {processor.py:914} INFO - Processing file /opt/airflow/dags/03_branching_dag.py for tasks to queue
[2026-08-24T07:51:31.395+0000] {logging_mixin.py:190} INFO - [2026-08-24T07:51:31.391+0000] {dagbag.py:588} INFO - Filling up the DagBag from /opt/airflow/dags/03_branching_dag.py
[2026-08-24T07:51:31.556+0000] {processor.py:925} INFO - DAG(s) 'branching_dag' retrieved from /opt/airflow/dags/03_branching_dag.py
[2026-08-24T07:51:31.728+0000] {logging_mixin.py:190} INFO - [2026-08-24T07:51:31.727+0000] {dag.py:3239} INFO - Sync 1 DAGs
[2026-08-24T07:51:31.794+0000] {logging_mixin.py:190} INFO - [2026-08-24T07:51:31.793+0000] {dag.py:4180} INFO - Setting next_dagrun for branching_dag to None, run_after=None
[2026-08-24T07:51:31.928+0000] {processor.py:208} INFO - Processing /opt/airflow/dags/03_branching_dag.py took 0.572 seconds
[2026-08-24T07:52:02.250+0000] {processor.py:186} INFO - Started process (PID=455) to work on /opt/airflow/dags/03_branching_dag.py
[2026-08-24T07:52:02.252+0000] {processor.py:914} INFO - Processing file /opt/airflow/dags/03_branching_dag.py for tasks to queue
[2026-08-24T07:52:02.257+0000] {logging_mixin.py:190} INFO - [2026-08-24T07:52:02.256+0000] {dagbag.py:588} INFO - Filling up the DagBag from /opt/airflow/dags/03_branching_dag.py
[2026-08-24T07:52:02.286+0000] {processor.py:925} INFO - DAG(s) 'branching_dag' retrieved from /opt/airflow/dags/03_branching_dag.py
[2026-08-24T07:52:02.334+0000] {logging_mixin.py:190} INFO - [2026-08-24T07:52:02.334+0000] {dag.py:3239} INFO - Sync 1 DAGs
[2026-08-24T07:52:02.379+0000] {logging_mixin.py:190} INFO - [2026-08-24T07:52:02.378+0000] {dag.py:4180} INFO - Setting next_dagrun for branching_dag to None, run_after=None
[2026-08-24T07:52:02.518+0000] {processor.py:208} INFO - Processing /opt/airflow/dags/03_branching_dag.py took 0.276 seconds
[2026-08-24T07:52:33.305+0000] {processor.py:186} INFO - Started process (PID=466) to work on /opt/airflow/dags/03_branching_dag.py
[2026-08-24T07:52:33.308+0000] {processor.py:914} INFO - Processing file /opt/airflow/dags/03_branching_dag.py for tasks to queue
[2026-08-24T07:52:33.315+0000] {logging_mixin.py:190} INFO - [2026-08-24T07:52:33.314+0000] {dagbag.py:588} INFO - Filling up the DagBag from /opt/airflow/dags/03_branching_dag.py
[2026-08-24T07:52:33.371+0000] {processor.py:925} INFO - DAG(s) 'branching_dag' retrieved from /opt/airflow/dags/03_branching_dag.py
[2026-08-24T07:52:33.463+0000] {logging_mixin.py:190} INFO - [2026-08-24T07:52:33.462+0000] {dag.py:3239} INFO - Sync 1 DAGs
[2026-08-24T07:52:33.511+0000] {logging_mixin.py:190} INFO - [2026-08-24T07:52:33.511+0000] {dag.py:4180} INFO - Setting next_dagrun for branching_dag to None, run_after=None
[2026-08-24T07:52:33.551+0000] {processor.py:208} INFO - Processing /opt/airflow/dags/03_branching_dag.py took 0.268 seconds
[2026-08-24T07:53:03.744+0000] {processor.py:186} INFO - Started process (PID=477) to work on /opt/airflow/dags/03_branching_dag.py
[2026-08-24T07:53:03.747+0000] {processor.py:914} INFO - Processing file /opt/airflow/dags/03_branching_dag.py for tasks to queue
[2026-08-24T07:53:03.755+0000] {logging_mixin.py:190} INFO - [2026-08-24T07:53:03.753+0000] {dagbag.py:588} INFO - Filling up the DagBag from /opt/airflow/dags/03_branching_dag.py
[2026-08-24T07:53:03.815+0000] {processor.py:925} INFO - DAG(s) 'branching_dag' retrieved from /opt/airflow/dags/03_branching_dag.py
[2026-08-24T07:53:03.923+0000] {logging_mixin.py:190} INFO - [2026-08-24T07:53:03.922+0000] {dag.py:3239} INFO - Sync 1 DAGs
[2026-08-24T07:53:03.978+0000] {logging_mixin.py:190} INFO - [2026-08-24T07:53:03.975+0000] {dag.py:4180} INFO - Setting next_dagrun for branching_dag to None, run_after=None
[2026-08-24T07:53:04.032+0000] {processor.py:208} INFO - Processing /opt/airflow/dags/03_branching_dag.py took 0.309 seconds
[2026-08-24T07:53:34.386+0000] {processor.py:186} INFO - Started process (PID=488) to work on /opt/airflow/dags/03_branching_dag.py
[2026-08-24T07:53:34.400+0000] {processor.py:914} INFO - Processing file /opt/airflow/dags/03_branching_dag.py for tasks to queue
[2026-08-24T07:53:34.408+0000] {logging_mixin.py:190} INFO - [2026-08-24T07:53:34.407+0000] {dagbag.py:588} INFO - Filling up the DagBag from /opt/airflow/dags/03_branching_dag.py
[2026-08-24T07:53:34.475+0000] {processor.py:925} INFO - DAG(s) 'branching_dag' retrieved from /opt/airflow/dags/03_branching_dag.py
[2026-08-24T07:53:34.561+0000] {logging_mixin.py:190} INFO - [2026-08-24T07:53:34.561+0000] {dag.py:3239} INFO - Sync 1 DAGs
[2026-08-24T07:53:34.609+0000] {logging_mixin.py:190} INFO - [2026-08-24T07:53:34.608+0000] {dag.py:4180} INFO - Setting next_dagrun for branching_dag to None, run_after=None
[2026-08-24T07:53:34.685+0000] {processor.py:208} INFO - Processing /opt/airflow/dags/03_branching_dag.py took 0.327 seconds
[2026-08-24T07:54:05.681+0000] {processor.py:186} INFO - Started process (PID=504) to work on /opt/airflow/dags/03_branching_dag.py
[2026-08-24T07:54:05.719+0000] {processor.py:914} INFO - Processing file /opt/airflow/dags/03_branching_dag.py for tasks to queue
[2026-08-24T07:54:05.731+0000] {logging_mixin.py:190} INFO - [2026-08-24T07:54:05.730+0000] {dagbag.py:588} INFO - Filling up the DagBag from /opt/airflow/dags/03_branching_dag.py
[2026-08-24T07:54:06.139+0000] {processor.py:925} INFO - DAG(s) 'branching_dag' retrieved from /opt/airflow/dags/03_branching_dag.py
[2026-08-24T07:54:06.271+0000] {logging_mixin.py:190} INFO - [2026-08-24T07:54:06.270+0000] {dag.py:3239} INFO - Sync 1 DAGs
[2026-08-24T07:54:06.338+0000] {logging_mixin.py:190} INFO - [2026-08-24T07:54:06.338+0000] {dag.py:4180} INFO - Setting next_dagrun for branching_dag to None, run_after=None
[2026-08-24T07:54:06.395+0000] {processor.py:208} INFO - Processing /opt/airflow/dags/03_branching_dag.py took 0.775 seconds
[2026-08-24T07:54:37.299+0000] {processor.py:186} INFO - Started process (PID=515) to work on /opt/airflow/dags/03_branching_dag.py
[2026-08-24T07:54:37.301+0000] {processor.py:914} INFO - Processing file /opt/airflow/dags/03_branching_dag.py for tasks to queue
[2026-08-24T07:54:37.307+0000] {logging_mixin.py:190} INFO - [2026-08-24T07:54:37.306+0000] {dagbag.py:588} INFO - Filling up the DagBag from /opt/airflow/dags/03_branching_dag.py
[2026-08-24T07:54:37.347+0000] {processor.py:925} INFO - DAG(s) 'branching_dag' retrieved from /opt/airflow/dags/03_branching_dag.py
[2026-08-24T07:54:37.415+0000] {logging_mixin.py:190} INFO - [2026-08-24T07:54:37.414+0000] {dag.py:3239} INFO - Sync 1 DAGs
[2026-08-24T07:54:37.445+0000] {logging_mixin.py:190} INFO - [2026-08-24T07:54:37.445+0000] {dag.py:4180} INFO - Setting next_dagrun for branching_dag to None, run_after=None
[2026-08-24T07:54:37.486+0000] {processor.py:208} INFO - Processing /opt/airflow/dags/03_branching_dag.py took 0.202 seconds
[2026-08-24T07:55:08.422+0000] {processor.py:186} INFO - Started process (PID=526) to work on /opt/airflow/dags/03_branching_dag.py
[2026-08-24T07:55:08.426+0000] {processor.py:914} INFO - Processing file /opt/airflow/dags/03_branching_dag.py for tasks to queue
[2026-08-24T07:55:08.433+0000] {logging_mixin.py:190} INFO - [2026-08-24T07:55:08.432+0000] {dagbag.py:588} INFO - Filling up the DagBag from /opt/airflow/dags/03_branching_dag.py
[2026-08-24T07:55:08.480+0000] {processor.py:925} INFO - DAG(s) 'branching_dag' retrieved from /opt/airflow/dags/03_branching_dag.py
[2026-08-24T07:55:08.543+0000] {logging_mixin.py:190} INFO - [2026-08-24T07:55:08.542+0000] {dag.py:3239} INFO - Sync 1 DAGs
[2026-08-24T07:55:08.588+0000] {logging_mixin.py:190} INFO - [2026-08-24T07:55:08.588+0000] {dag.py:4180} INFO - Setting next_dagrun for branching_dag to None, run_after=None
[2026-08-24T07:55:08.631+0000] {processor.py:208} INFO - Processing /opt/airflow/dags/03_branching_dag.py took 0.222 seconds
[2026-08-24T07:55:38.787+0000] {processor.py:186} INFO - Started process (PID=537) to work on /opt/airflow/dags/03_branching_dag.py
[2026-08-24T07:55:38.790+0000] {processor.py:914} INFO - Processing file /opt/airflow/dags/03_branching_dag.py for tasks to queue
[2026-08-24T07:55:38.796+0000] {logging_mixin.py:190} INFO - [2026-08-24T07:55:38.795+0000] {dagbag.py:588} INFO - Filling up the DagBag from /opt/airflow/dags/03_branching_dag.py
[2026-08-24T07:55:38.843+0000] {processor.py:925} INFO - DAG(s) 'branching_dag' retrieved from /opt/airflow/dags/03_branching_dag.py
[2026-08-24T07:55:38.925+0000] {logging_mixin.py:190} INFO - [2026-08-24T07:55:38.924+0000] {dag.py:3239} INFO - Sync 1 DAGs
[2026-08-24T07:55:38.959+0000] {logging_mixin.py:190} INFO - [2026-08-24T07:55:38.958+0000] {dag.py:4180} INFO - Setting next_dagrun for branching_dag to None, run_after=None
[2026-08-24T07:55:39.016+0000] {processor.py:208} INFO - Processing /opt/airflow/dags/03_branching_dag.py took 0.243 seconds
[2026-08-24T07:56:09.323+0000] {processor.py:186} INFO - Started process (PID=548) to work on /opt/airflow/dags/03_branching_dag.py
[2026-08-24T07:56:09.326+0000] {processor.py:914} INFO - Processing file /opt/airflow/dags/03_branching_dag.py for tasks to queue
[2026-08-24T07:56:09.332+0000] {logging_mixin.py:190} INFO - [2026-08-24T07:56:09.332+0000] {dagbag.py:588} INFO - Filling up the DagBag from /opt/airflow/dags/03_branching_dag.py
[2026-08-24T07:56:09.374+0000] {processor.py:925} INFO - DAG(s) 'branching_dag' retrieved from /opt/airflow/dags/03_branching_dag.py
[2026-08-24T07:56:09.435+0000] {logging_mixin.py:190} INFO - [2026-08-24T07:56:09.434+0000] {dag.py:3239} INFO - Sync 1 DAGs
[2026-08-24T07:56:09.464+0000] {logging_mixin.py:190} INFO - [2026-08-24T07:56:09.464+0000] {dag.py:4180} INFO - Setting next_dagrun for branching_dag to None, run_after=None
[2026-08-24T07:56:09.507+0000] {processor.py:208} INFO - Processing /opt/airflow/dags/03_branching_dag.py took 0.199 seconds
[2026-08-24T07:56:39.805+0000] {processor.py:186} INFO - Started process (PID=559) to work on /opt/airflow/dags/03_branching_dag.py
[2026-08-24T07:56:39.810+0000] {processor.py:914} INFO - Processing file /opt/airflow/dags/03_branching_dag.py for tasks to queue
[2026-08-24T07:56:39.818+0000] {logging_mixin.py:190} INFO - [2026-08-24T07:56:39.817+0000] {dagbag.py:588} INFO - Filling up the DagBag from /opt/airflow/dags/03_branching_dag.py
[2026-08-24T07:56:39.883+0000] {processor.py:925} INFO - DAG(s) 'branching_dag' retrieved from /opt/airflow/dags/03_branching_dag.py
[2026-08-24T07:56:39.979+0000] {logging_mixin.py:190} INFO - [2026-08-24T07:56:39.978+0000] {dag.py:3239} INFO - Sync 1 DAGs
[2026-08-24T07:56:40.046+0000] {logging_mixin.py:190} INFO - [2026-08-24T07:56:40.046+0000] {dag.py:4180} INFO - Setting next_dagrun for branching_dag to None, run_after=None
[2026-08-24T07:56:40.134+0000] {processor.py:208} INFO - Processing /opt/airflow/dags/03_branching_dag.py took 0.348 seconds
[2026-08-24T07:57:10.373+0000] {processor.py:186} INFO - Started process (PID=570) to work on /opt/airflow/dags/03_branching_dag.py
[2026-08-24T07:57:10.376+0000] {processor.py:914} INFO - Processing file /opt/airflow/dags/03_branching_dag.py for tasks to queue
[2026-08-24T07:57:10.383+0000] {logging_mixin.py:190} INFO - [2026-08-24T07:57:10.382+0000] {dagbag.py:588} INFO - Filling up the DagBag from /opt/airflow/dags/03_branching_dag.py
[2026-08-24T07:57:10.425+0000] {processor.py:925} INFO - DAG(s) 'branching_dag' retrieved from /opt/airflow/dags/03_branching_dag.py
[2026-08-24T07:57:10.492+0000] {logging_mixin.py:190} INFO - [2026-08-24T07:57:10.492+0000] {dag.py:3239} INFO - Sync 1 DAGs
[2026-08-24T07:57:10.531+0000] {logging_mixin.py:190} INFO - [2026-08-24T07:57:10.530+0000] {dag.py:4180} INFO - Setting next_dagrun for branching_dag to None, run_after=None
[2026-08-24T07:57:10.575+0000] {processor.py:208} INFO - Processing /opt/airflow/dags/03_branching_dag.py took 0.216 seconds
[2026-08-24T07:57:40.772+0000] {processor.py:186} INFO - Started process (PID=581) to work on /opt/airflow/dags/03_branching_dag.py
[2026-08-24T07:57:40.775+0000] {processor.py:914} INFO - Processing file /opt/airflow/dags/03_branching_dag.py for tasks to queue
[2026-08-24T07:57:40.783+0000] {logging_mixin.py:190} INFO - [2026-08-24T07:57:40.781+0000] {dagbag.py:588} INFO - Filling up the DagBag from /opt/airflow/dags/03_branching_dag.py
[2026-08-24T07:57:40.863+0000] {processor.py:925} INFO - DAG(s) 'branching_dag' retrieved from /opt/airflow/dags/03_branching_dag.py
[2026-08-24T07:57:40.944+0000] {logging_mixin.py:190} INFO - [2026-08-24T07:57:40.944+0000] {dag.py:3239} INFO - Sync 1 DAGs
[2026-08-24T07:57:40.976+0000] {logging_mixin.py:190} INFO - [2026-08-24T07:57:40.975+0000] {dag.py:4180} INFO - Setting next_dagrun for branching_dag to None, run_after=None
[2026-08-24T07:57:41.018+0000] {processor.py:208} INFO - Processing /opt/airflow/dags/03_branching_dag.py took 0.263 seconds
[2026-08-24T07:58:11.894+0000] {processor.py:186} INFO - Started process (PID=592) to work on /opt/airflow/dags/03_branching_dag.py
[2026-08-24T07:58:11.897+0000] {processor.py:914} INFO - Processing file /opt/airflow/dags/03_branching_dag.py for tasks to queue
[2026-08-24T07:58:11.903+0000] {logging_mixin.py:190} INFO - [2026-08-24T07:58:11.902+0000] {dagbag.py:588} INFO - Filling up the DagBag from /opt/airflow/dags/03_branching_dag.py
[2026-08-24T07:58:11.944+0000] {processor.py:925} INFO - DAG(s) 'branching_dag' retrieved from /opt/airflow/dags/03_branching_dag.py
[2026-08-24T07:58:12.007+0000] {logging_mixin.py:190} INFO - [2026-08-24T07:58:12.007+0000] {dag.py:3239} INFO - Sync 1 DAGs
[2026-08-24T07:58:12.043+0000] {logging_mixin.py:190} INFO - [2026-08-24T07:58:12.043+0000] {dag.py:4180} INFO - Setting next_dagrun for branching_dag to None, run_after=None
[2026-08-24T07:58:12.084+0000] {processor.py:208} INFO - Processing /opt/airflow/dags/03_branching_dag.py took 0.205 seconds
[2026-08-24T07:58:42.698+0000] {processor.py:186} INFO - Started process (PID=602) to work on /opt/airflow/dags/03_branching_dag.py
[2026-08-24T07:58:42.701+0000] {processor.py:914} INFO - Processing file /opt/airflow/dags/03_branching_dag.py for tasks to queue
[2026-08-24T07:58:42.705+0000] {logging_mixin.py:190} INFO - [2026-08-24T07:58:42.705+0000] {dagbag.py:588} INFO - Filling up the DagBag from /opt/airflow/dags/03_branching_dag.py
[2026-08-24T07:58:42.738+0000] {processor.py:925} INFO - DAG(s) 'branching_dag' retrieved from /opt/airflow/dags/03_branching_dag.py
[2026-08-24T07:58:42.800+0000] {logging_mixin.py:190} INFO - [2026-08-24T07:58:42.799+0000] {dag.py:3239} INFO - Sync 1 DAGs
[2026-08-24T07:58:42.837+0000] {logging_mixin.py:190} INFO - [2026-08-24T07:58:42.836+0000] {dag.py:4180} INFO - Setting next_dagrun for branching_dag to None, run_after=None
[2026-08-24T07:58:42.875+0000] {processor.py:208} INFO - Processing /opt/airflow/dags/03_branching_dag.py took 0.190 seconds
[2026-08-24T07:59:13.172+0000] {processor.py:186} INFO - Started process (PID=613) to work on /opt/airflow/dags/03_branching_dag.py
[2026-08-24T07:59:13.175+0000] {processor.py:914} INFO - Processing file /opt/airflow/dags/03_branching_dag.py for tasks to queue
[2026-08-24T07:59:13.183+0000] {logging_mixin.py:190} INFO - [2026-08-24T07:59:13.182+0000] {dagbag.py:588} INFO - Filling up the DagBag from /opt/airflow/dags/03_branching_dag.py
[2026-08-24T07:59:13.228+0000] {processor.py:925} INFO - DAG(s) 'branching_dag' retrieved from /opt/airflow/dags/03_branching_dag.py
[2026-08-24T07:59:13.287+0000] {logging_mixin.py:190} INFO - [2026-08-24T07:59:13.287+0000] {dag.py:3239} INFO - Sync 1 DAGs
[2026-08-24T07:59:13.319+0000] {logging_mixin.py:190} INFO - [2026-08-24T07:59:13.318+0000] {dag.py:4180} INFO - Setting next_dagrun for branching_dag to None, run_after=None
[2026-08-24T07:59:13.371+0000] {processor.py:208} INFO - Processing /opt/airflow/dags/03_branching_dag.py took 0.213 seconds
[2026-08-24T07:59:43.560+0000] {processor.py:186} INFO - Started process (PID=624) to work on /opt/airflow/dags/03_branching_dag.py
[2026-08-24T07:59:43.564+0000] {processor.py:914} INFO - Processing file /opt/airflow/dags/03_branching_dag.py for tasks to queue
[2026-08-24T07:59:43.581+0000] {logging_mixin.py:190} INFO - [2026-08-24T07:59:43.580+0000] {dagbag.py:588} INFO - Filling up the DagBag from /opt/airflow/dags/03_branching_dag.py
[2026-08-24T07:59:43.689+0000] {processor.py:925} INFO - DAG(s) 'branching_dag' retrieved from /opt/airflow/dags/03_branching_dag.py
[2026-08-24T07:59:43.851+0000] {logging_mixin.py:190} INFO - [2026-08-24T07:59:43.850+0000] {dag.py:3239} INFO - Sync 1 DAGs
[2026-08-24T07:59:43.913+0000] {logging_mixin.py:190} INFO - [2026-08-24T07:59:43.912+0000] {dag.py:4180} INFO - Setting next_dagrun for branching_dag to None, run_after=None
[2026-08-24T07:59:44.026+0000] {processor.py:208} INFO - Processing /opt/airflow/dags/03_branching_dag.py took 0.487 seconds
[2026-08-24T08:00:14.491+0000] {processor.py:186} INFO - Started process (PID=635) to work on /opt/airflow/dags/03_branching_dag.py
[2026-08-24T08:00:14.495+0000] {processor.py:914} INFO - Processing file /opt/airflow/dags/03_branching_dag.py for tasks to queue
[2026-08-24T08:00:14.505+0000] {logging_mixin.py:190} INFO - [2026-08-24T08:00:14.503+0000] {dagbag.py:588} INFO - Filling up the DagBag from /opt/airflow/dags/03_branching_dag.py
[2026-08-24T08:00:14.579+0000] {processor.py:925} INFO - DAG(s) 'branching_dag' retrieved from /opt/airflow/dags/03_branching_dag.py
[2026-08-24T08:00:14.680+0000] {logging_mixin.py:190} INFO - [2026-08-24T08:00:14.679+0000] {dag.py:3239} INFO - Sync 1 DAGs
[2026-08-24T08:00:14.733+0000] {logging_mixin.py:190} INFO - [2026-08-24T08:00:14.732+0000] {dag.py:4180} INFO - Setting next_dagrun for branching_dag to None, run_after=None
[2026-08-24T08:00:14.791+0000] {processor.py:208} INFO - Processing /opt/airflow/dags/03_branching_dag.py took 0.320 seconds
[2026-08-24T08:00:45.071+0000] {processor.py:186} INFO - Started process (PID=646) to work on /opt/airflow/dags/03_branching_dag.py
[2026-08-24T08:00:45.074+0000] {processor.py:914} INFO - Processing file /opt/airflow/dags/03_branching_dag.py for tasks to queue
[2026-08-24T08:00:45.082+0000] {logging_mixin.py:190} INFO - [2026-08-24T08:00:45.081+0000] {dagbag.py:588} INFO - Filling up the DagBag from /opt/airflow/dags/03_branching_dag.py
[2026-08-24T08:00:45.145+0000] {processor.py:925} INFO - DAG(s) 'branching_dag' retrieved from /opt/airflow/dags/03_branching_dag.py
[2026-08-24T08:00:45.235+0000] {logging_mixin.py:190} INFO - [2026-08-24T08:00:45.234+0000] {dag.py:3239} INFO - Sync 1 DAGs
[2026-08-24T08:00:45.287+0000] {logging_mixin.py:190} INFO - [2026-08-24T08:00:45.286+0000] {dag.py:4180} INFO - Setting next_dagrun for branching_dag to None, run_after=None
[2026-08-24T08:00:45.366+0000] {processor.py:208} INFO - Processing /opt/airflow/dags/03_branching_dag.py took 0.315 seconds
[2026-08-24T08:01:15.798+0000] {processor.py:186} INFO - Started process (PID=656) to work on /opt/airflow/dags/03_branching_dag.py
[2026-08-24T08:01:15.801+0000] {processor.py:914} INFO - Processing file /opt/airflow/dags/03_branching_dag.py for tasks to queue
[2026-08-24T08:01:15.812+0000] {logging_mixin.py:190} INFO - [2026-08-24T08:01:15.809+0000] {dagbag.py:588} INFO - Filling up the DagBag from /opt/airflow/dags/03_branching_dag.py
[2026-08-24T08:01:15.864+0000] {processor.py:925} INFO - DAG(s) 'branching_dag' retrieved from /opt/airflow/dags/03_branching_dag.py
[2026-08-24T08:01:15.965+0000] {logging_mixin.py:190} INFO - [2026-08-24T08:01:15.965+0000] {dag.py:3239} INFO - Sync 1 DAGs
[2026-08-24T08:01:16.033+0000] {logging_mixin.py:190} INFO - [2026-08-24T08:01:16.032+0000] {dag.py:4180} INFO - Setting next_dagrun for branching_dag to None, run_after=None
[2026-08-24T08:01:16.101+0000] {processor.py:208} INFO - Processing /opt/airflow/dags/03_branching_dag.py took 0.323 seconds
[2026-08-24T08:01:46.612+0000] {processor.py:186} INFO - Started process (PID=667) to work on /opt/airflow/dags/03_branching_dag.py
[2026-08-24T08:01:46.615+0000] {processor.py:914} INFO - Processing file /opt/airflow/dags/03_branching_dag.py for tasks to queue
[2026-08-24T08:01:46.626+0000] {logging_mixin.py:190} INFO - [2026-08-24T08:01:46.625+0000] {dagbag.py:588} INFO - Filling up the DagBag from /opt/airflow/dags/03_branching_dag.py
[2026-08-24T08:01:46.694+0000] {processor.py:925} INFO - DAG(s) 'branching_dag' retrieved from /opt/airflow/dags/03_branching_dag.py
[2026-08-24T08:01:46.796+0000] {logging_mixin.py:190} INFO - [2026-08-24T08:01:46.794+0000] {dag.py:3239} INFO - Sync 1 DAGs
[2026-08-24T08:01:46.901+0000] {logging_mixin.py:190} INFO - [2026-08-24T08:01:46.900+0000] {dag.py:4180} INFO - Setting next_dagrun for branching_dag to None, run_after=None
[2026-08-24T08:01:46.989+0000] {processor.py:208} INFO - Processing /opt/airflow/dags/03_branching_dag.py took 0.397 seconds
[2026-08-24T08:02:17.203+0000] {processor.py:186} INFO - Started process (PID=678) to work on /opt/airflow/dags/03_branching_dag.py
[2026-08-24T08:02:17.206+0000] {processor.py:914} INFO - Processing file /opt/airflow/dags/03_branching_dag.py for tasks to queue
[2026-08-24T08:02:17.219+0000] {logging_mixin.py:190} INFO - [2026-08-24T08:02:17.217+0000] {dagbag.py:588} INFO - Filling up the DagBag from /opt/airflow/dags/03_branching_dag.py
[2026-08-24T08:02:17.284+0000] {processor.py:925} INFO - DAG(s) 'branching_dag' retrieved from /opt/airflow/dags/03_branching_dag.py
[2026-08-24T08:02:17.419+0000] {logging_mixin.py:190} INFO - [2026-08-24T08:02:17.419+0000] {dag.py:3239} INFO - Sync 1 DAGs
[2026-08-24T08:02:17.477+0000] {logging_mixin.py:190} INFO - [2026-08-24T08:02:17.477+0000] {dag.py:4180} INFO - Setting next_dagrun for branching_dag to None, run_after=None
[2026-08-24T08:02:17.523+0000] {processor.py:208} INFO - Processing /opt/airflow/dags/03_branching_dag.py took 0.336 seconds
[2026-08-24T08:02:48.191+0000] {processor.py:186} INFO - Started process (PID=689) to work on /opt/airflow/dags/03_branching_dag.py
[2026-08-24T08:02:48.197+0000] {processor.py:914} INFO - Processing file /opt/airflow/dags/03_branching_dag.py for tasks to queue
[2026-08-24T08:02:48.224+0000] {logging_mixin.py:190} INFO - [2026-08-24T08:02:48.223+0000] {dagbag.py:588} INFO - Filling up the DagBag from /opt/airflow/dags/03_branching_dag.py
[2026-08-24T08:02:48.426+0000] {processor.py:925} INFO - DAG(s) 'branching_dag' retrieved from /opt/airflow/dags/03_branching_dag.py
[2026-08-24T08:02:48.562+0000] {logging_mixin.py:190} INFO - [2026-08-24T08:02:48.561+0000] {dag.py:3239} INFO - Sync 1 DAGs
[2026-08-24T08:02:48.652+0000] {logging_mixin.py:190} INFO - [2026-08-24T08:02:48.651+0000] {dag.py:4180} INFO - Setting next_dagrun for branching_dag to None, run_after=None
[2026-08-24T08:02:48.736+0000] {processor.py:208} INFO - Processing /opt/airflow/dags/03_branching_dag.py took 0.567 seconds
[2026-08-24T08:03:18.945+0000] {processor.py:186} INFO - Started process (PID=700) to work on /opt/airflow/dags/03_branching_dag.py
[2026-08-24T08:03:18.951+0000] {processor.py:914} INFO - Processing file /opt/airflow/dags/03_branching_dag.py for tasks to queue
[2026-08-24T08:03:18.962+0000] {logging_mixin.py:190} INFO - [2026-08-24T08:03:18.961+0000] {dagbag.py:588} INFO - Filling up the DagBag from /opt/airflow/dags/03_branching_dag.py
[2026-08-24T08:03:19.068+0000] {processor.py:925} INFO - DAG(s) 'branching_dag' retrieved from /opt/airflow/dags/03_branching_dag.py
[2026-08-24T08:03:19.201+0000] {logging_mixin.py:190} INFO - [2026-08-24T08:03:19.201+0000] {dag.py:3239} INFO - Sync 1 DAGs
[2026-08-24T08:03:19.255+0000] {logging_mixin.py:190} INFO - [2026-08-24T08:03:19.254+0000] {dag.py:4180} INFO - Setting next_dagrun for branching_dag to None, run_after=None
[2026-08-24T08:03:19.324+0000] {processor.py:208} INFO - Processing /opt/airflow/dags/03_branching_dag.py took 0.403 seconds
[2026-08-24T08:03:49.717+0000] {processor.py:186} INFO - Started process (PID=712) to work on /opt/airflow/dags/03_branching_dag.py
[2026-08-24T08:03:49.721+0000] {processor.py:914} INFO - Processing file /opt/airflow/dags/03_branching_dag.py for tasks to queue
[2026-08-24T08:03:49.730+0000] {logging_mixin.py:190} INFO - [2026-08-24T08:03:49.729+0000] {dagbag.py:588} INFO - Filling up the DagBag from /opt/airflow/dags/03_branching_dag.py
[2026-08-24T08:03:49.792+0000] {processor.py:925} INFO - DAG(s) 'branching_dag' retrieved from /opt/airflow/dags/03_branching_dag.py
[2026-08-24T08:03:49.867+0000] {logging_mixin.py:190} INFO - [2026-08-24T08:03:49.866+0000] {dag.py:3239} INFO - Sync 1 DAGs
[2026-08-24T08:03:49.910+0000] {logging_mixin.py:190} INFO - [2026-08-24T08:03:49.910+0000] {dag.py:4180} INFO - Setting next_dagrun for branching_dag to None, run_after=None
[2026-08-24T08:03:49.973+0000] {processor.py:208} INFO - Processing /opt/airflow/dags/03_branching_dag.py took 0.276 seconds
[2026-08-24T08:04:20.148+0000] {processor.py:186} INFO - Started process (PID=723) to work on /opt/airflow/dags/03_branching_dag.py
[2026-08-24T08:04:20.150+0000] {processor.py:914} INFO - Processing file /opt/airflow/dags/03_branching_dag.py for tasks to queue
[2026-08-24T08:04:20.156+0000] {logging_mixin.py:190} INFO - [2026-08-24T08:04:20.156+0000] {dagbag.py:588} INFO - Filling up the DagBag from /opt/airflow/dags/03_branching_dag.py
[2026-08-24T08:04:20.199+0000] {processor.py:925} INFO - DAG(s) 'branching_dag' retrieved from /opt/airflow/dags/03_branching_dag.py
[2026-08-24T08:04:20.278+0000] {logging_mixin.py:190} INFO - [2026-08-24T08:04:20.277+0000] {dag.py:3239} INFO - Sync 1 DAGs
[2026-08-24T08:04:20.309+0000] {logging_mixin.py:190} INFO - [2026-08-24T08:04:20.308+0000] {dag.py:4180} INFO - Setting next_dagrun for branching_dag to None, run_after=None
[2026-08-24T08:04:20.358+0000] {processor.py:208} INFO - Processing /opt/airflow/dags/03_branching_dag.py took 0.226 seconds
[2026-08-24T08:04:51.299+0000] {processor.py:186} INFO - Started process (PID=735) to work on /opt/airflow/dags/03_branching_dag.py
[2026-08-24T08:04:51.302+0000] {processor.py:914} INFO - Processing file /opt/airflow/dags/03_branching_dag.py for tasks to queue
[2026-08-24T08:04:51.309+0000] {logging_mixin.py:190} INFO - [2026-08-24T08:04:51.308+0000] {dagbag.py:588} INFO - Filling up the DagBag from /opt/airflow/dags/03_branching_dag.py
[2026-08-24T08:04:51.356+0000] {processor.py:925} INFO - DAG(s) 'branching_dag' retrieved from /opt/airflow/dags/03_branching_dag.py
[2026-08-24T08:04:51.409+0000] {logging_mixin.py:190} INFO - [2026-08-24T08:04:51.409+0000] {dag.py:3239} INFO - Sync 1 DAGs
[2026-08-24T08:04:51.441+0000] {logging_mixin.py:190} INFO - [2026-08-24T08:04:51.440+0000] {dag.py:4180} INFO - Setting next_dagrun for branching_dag to None, run_after=None
[2026-08-24T08:04:51.481+0000] {processor.py:208} INFO - Processing /opt/airflow/dags/03_branching_dag.py took 0.199 seconds
[2026-08-24T08:05:21.670+0000] {processor.py:186} INFO - Started process (PID=746) to work on /opt/airflow/dags/03_branching_dag.py
[2026-08-24T08:05:21.674+0000] {processor.py:914} INFO - Processing file /opt/airflow/dags/03_branching_dag.py for tasks to queue
[2026-08-24T08:05:21.680+0000] {logging_mixin.py:190} INFO - [2026-08-24T08:05:21.679+0000] {dagbag.py:588} INFO - Filling up the DagBag from /opt/airflow/dags/03_branching_dag.py
[2026-08-24T08:05:21.727+0000] {processor.py:925} INFO - DAG(s) 'branching_dag' retrieved from /opt/airflow/dags/03_branching_dag.py
[2026-08-24T08:05:21.790+0000] {logging_mixin.py:190} INFO - [2026-08-24T08:05:21.790+0000] {dag.py:3239} INFO - Sync 1 DAGs
[2026-08-24T08:05:21.822+0000] {logging_mixin.py:190} INFO - [2026-08-24T08:05:21.822+0000] {dag.py:4180} INFO - Setting next_dagrun for branching_dag to None, run_after=None
[2026-08-24T08:05:21.863+0000] {processor.py:208} INFO - Processing /opt/airflow/dags/03_branching_dag.py took 0.207 seconds
[2026-08-24T08:05:52.018+0000] {processor.py:186} INFO - Started process (PID=758) to work on /opt/airflow/dags/03_branching_dag.py
[2026-08-24T08:05:52.021+0000] {processor.py:914} INFO - Processing file /opt/airflow/dags/03_branching_dag.py for tasks to queue
[2026-08-24T08:05:52.027+0000] {logging_mixin.py:190} INFO - [2026-08-24T08:05:52.026+0000] {dagbag.py:588} INFO - Filling up the DagBag from /opt/airflow/dags/03_branching_dag.py
[2026-08-24T08:05:52.063+0000] {processor.py:925} INFO - DAG(s) 'branching_dag' retrieved from /opt/airflow/dags/03_branching_dag.py
[2026-08-24T08:05:52.133+0000] {logging_mixin.py:190} INFO - [2026-08-24T08:05:52.132+0000] {dag.py:3239} INFO - Sync 1 DAGs
[2026-08-24T08:05:52.166+0000] {logging_mixin.py:190} INFO - [2026-08-24T08:05:52.166+0000] {dag.py:4180} INFO - Setting next_dagrun for branching_dag to None, run_after=None
[2026-08-24T08:05:52.212+0000] {processor.py:208} INFO - Processing /opt/airflow/dags/03_branching_dag.py took 0.207 seconds
[2026-08-24T08:06:22.479+0000] {processor.py:186} INFO - Started process (PID=769) to work on /opt/airflow/dags/03_branching_dag.py
[2026-08-24T08:06:22.482+0000] {processor.py:914} INFO - Processing file /opt/airflow/dags/03_branching_dag.py for tasks to queue
[2026-08-24T08:06:22.500+0000] {logging_mixin.py:190} INFO - [2026-08-24T08:06:22.499+0000] {dagbag.py:588} INFO - Filling up the DagBag from /opt/airflow/dags/03_branching_dag.py
[2026-08-24T08:06:22.619+0000] {processor.py:925} INFO - DAG(s) 'branching_dag' retrieved from /opt/airflow/dags/03_branching_dag.py
[2026-08-24T08:06:22.746+0000] {logging_mixin.py:190} INFO - [2026-08-24T08:06:22.746+0000] {dag.py:3239} INFO - Sync 1 DAGs
[2026-08-24T08:06:22.806+0000] {logging_mixin.py:190} INFO - [2026-08-24T08:06:22.806+0000] {dag.py:4180} INFO - Setting next_dagrun for branching_dag to None, run_after=None
[2026-08-24T08:06:22.851+0000] {processor.py:208} INFO - Processing /opt/airflow/dags/03_branching_dag.py took 0.401 seconds
[2026-08-24T08:06:53.005+0000] {processor.py:186} INFO - Started process (PID=780) to work on /opt/airflow/dags/03_branching_dag.py
[2026-08-24T08:06:53.008+0000] {processor.py:914} INFO - Processing file /opt/airflow/dags/03_branching_dag.py for tasks to queue
[2026-08-24T08:06:53.015+0000] {logging_mixin.py:190} INFO - [2026-08-24T08:06:53.015+0000] {dagbag.py:588} INFO - Filling up the DagBag from /opt/airflow/dags/03_branching_dag.py
[2026-08-24T08:06:53.066+0000] {processor.py:925} INFO - DAG(s) 'branching_dag' retrieved from /opt/airflow/dags/03_branching_dag.py
[2026-08-24T08:06:53.138+0000] {logging_mixin.py:190} INFO - [2026-08-24T08:06:53.137+0000] {dag.py:3239} INFO - Sync 1 DAGs
[2026-08-24T08:06:53.183+0000] {logging_mixin.py:190} INFO - [2026-08-24T08:06:53.182+0000] {dag.py:4180} INFO - Setting next_dagrun for branching_dag to None, run_after=None
[2026-08-24T08:06:53.233+0000] {processor.py:208} INFO - Processing /opt/airflow/dags/03_branching_dag.py took 0.243 seconds
[2026-08-24T08:07:23.447+0000] {processor.py:186} INFO - Started process (PID=790) to work on /opt/airflow/dags/03_branching_dag.py
[2026-08-24T08:07:23.449+0000] {processor.py:914} INFO - Processing file /opt/airflow/dags/03_branching_dag.py for tasks to queue
[2026-08-24T08:07:23.454+0000] {logging_mixin.py:190} INFO - [2026-08-24T08:07:23.453+0000] {dagbag.py:588} INFO - Filling up the DagBag from /opt/airflow/dags/03_branching_dag.py
[2026-08-24T08:07:23.487+0000] {processor.py:925} INFO - DAG(s) 'branching_dag' retrieved from /opt/airflow/dags/03_branching_dag.py
[2026-08-24T08:07:23.534+0000] {logging_mixin.py:190} INFO - [2026-08-24T08:07:23.533+0000] {dag.py:3239} INFO - Sync 1 DAGs
[2026-08-24T08:07:23.555+0000] {logging_mixin.py:190} INFO - [2026-08-24T08:07:23.554+0000] {dag.py:4180} INFO - Setting next_dagrun for branching_dag to None, run_after=None
[2026-08-24T08:07:23.585+0000] {processor.py:208} INFO - Processing /opt/airflow/dags/03_branching_dag.py took 0.149 seconds
