[2026-08-24T07:35:23.736+0000] {processor.py:186} INFO - Started process (PID=90) to work on /opt/airflow/dags/04_parallel_weather.py
[2026-08-24T07:35:23.746+0000] {processor.py:914} INFO - Processing file /opt/airflow/dags/04_parallel_weather.py for tasks to queue
[2026-08-24T07:35:23.764+0000] {logging_mixin.py:190} INFO - [2026-08-24T07:35:23.763+0000] {dagbag.py:588} INFO - Filling up the DagBag from /opt/airflow/dags/04_parallel_weather.py
[2026-08-24T07:35:24.051+0000] {processor.py:925} INFO - DAG(s) 'parallel_weather_dag' retrieved from /opt/airflow/dags/04_parallel_weather.py
[2026-08-24T07:35:25.146+0000] {logging_mixin.py:190} INFO - [2026-08-24T07:35:25.147+0000] {override.py:1911} INFO - Created Permission View: can read on DAG:parallel_weather_dag
[2026-08-24T07:35:25.181+0000] {logging_mixin.py:190} INFO - [2026-08-24T07:35:25.180+0000] {override.py:1911} INFO - Created Permission View: can edit on DAG:parallel_weather_dag
[2026-08-24T07:35:25.220+0000] {logging_mixin.py:190} INFO - [2026-08-24T07:35:25.220+0000] {override.py:1911} INFO - Created Permission View: can delete on DAG:parallel_weather_dag
[2026-08-24T07:35:25.242+0000] {logging_mixin.py:190} INFO - [2026-08-24T07:35:25.241+0000] {override.py:1911} INFO - Created Permission View: can read on DAG Run:parallel_weather_dag
[2026-08-24T07:35:25.262+0000] {logging_mixin.py:190} INFO - [2026-08-24T07:35:25.262+0000] {override.py:1911} INFO - Created Permission View: menu access on DAG Run:parallel_weather_dag
[2026-08-24T07:35:25.281+0000] {logging_mixin.py:190} INFO - [2026-08-24T07:35:25.280+0000] {override.py:1911} INFO - Created Permission View: can create on DAG Run:parallel_weather_dag
[2026-08-24T07:35:25.300+0000] {logging_mixin.py:190} INFO - [2026-08-24T07:35:25.299+0000] {override.py:1911} INFO - Created Permission View: can delete on DAG Run:parallel_weather_dag
[2026-08-24T07:35:25.302+0000] {logging_mixin.py:190} INFO - [2026-08-24T07:35:25.302+0000] {dag.py:3239} INFO - Sync 1 DAGs
[2026-08-24T07:35:25.832+0000] {logging_mixin.py:190} INFO - [2026-08-24T07:35:25.832+0000] {dag.py:3262} INFO - Creating ORM DAG for parallel_weather_dag
[2026-08-24T07:35:25.835+0000] {logging_mixin.py:190} INFO - [2026-08-24T07:35:25.835+0000] {dag.py:4180} INFO - Setting next_dagrun for parallel_weather_dag to None, run_after=None
[2026-08-24T07:35:25.912+0000] {processor.py:208} INFO - Processing /opt/airflow/dags/04_parallel_weather.py took 2.255 seconds
[2026-08-24T07:35:56.401+0000] {processor.py:186} INFO - Started process (PID=100) to work on /opt/airflow/dags/04_parallel_weather.py
[2026-08-24T07:35:56.404+0000] {processor.py:914} INFO - Processing file /opt/airflow/dags/04_parallel_weather.py for tasks to queue
[2026-08-24T07:35:56.414+0000] {logging_mixin.py:190} INFO - [2026-08-24T07:35:56.411+0000] {dagbag.py:588} INFO - Filling up the DagBag from /opt/airflow/dags/04_parallel_weather.py
[2026-08-24T07:35:56.506+0000] {processor.py:925} INFO - DAG(s) 'parallel_weather_dag' retrieved from /opt/airflow/dags/04_parallel_weather.py
[2026-08-24T07:35:56.640+0000] {logging_mixin.py:190} INFO - [2026-08-24T07:35:56.640+0000] {dag.py:3239} INFO - Sync 1 DAGs
[2026-08-24T07:35:56.706+0000] {logging_mixin.py:190} INFO - [2026-08-24T07:35:56.706+0000] {dag.py:4180} INFO - Setting next_dagrun for parallel_weather_dag to None, run_after=None
[2026-08-24T07:35:56.767+0000] {processor.py:208} INFO - Processing /opt/airflow/dags/04_parallel_weather.py took 0.387 seconds
[2026-08-24T07:36:27.451+0000] {processor.py:186} INFO - Started process (PID=111) to work on /opt/airflow/dags/04_parallel_weather.py
[2026-08-24T07:36:27.454+0000] {processor.py:914} INFO - Processing file /opt/airflow/dags/04_parallel_weather.py for tasks to queue
[2026-08-24T07:36:27.461+0000] {logging_mixin.py:190} INFO - [2026-08-24T07:36:27.460+0000] {dagbag.py:588} INFO - Filling up the DagBag from /opt/airflow/dags/04_parallel_weather.py
[2026-08-24T07:36:27.507+0000] {processor.py:925} INFO - DAG(s) 'parallel_weather_dag' retrieved from /opt/airflow/dags/04_parallel_weather.py
[2026-08-24T07:36:27.619+0000] {logging_mixin.py:190} INFO - [2026-08-24T07:36:27.618+0000] {dag.py:3239} INFO - Sync 1 DAGs
[2026-08-24T07:36:27.714+0000] {logging_mixin.py:190} INFO - [2026-08-24T07:36:27.713+0000] {dag.py:4180} INFO - Setting next_dagrun for parallel_weather_dag to None, run_after=None
[2026-08-24T07:36:27.817+0000] {processor.py:208} INFO - Processing /opt/airflow/dags/04_parallel_weather.py took 0.378 seconds
[2026-08-24T07:36:58.092+0000] {processor.py:186} INFO - Started process (PID=122) to work on /opt/airflow/dags/04_parallel_weather.py
[2026-08-24T07:36:58.097+0000] {processor.py:914} INFO - Processing file /opt/airflow/dags/04_parallel_weather.py for tasks to queue
[2026-08-24T07:36:58.111+0000] {logging_mixin.py:190} INFO - [2026-08-24T07:36:58.107+0000] {dagbag.py:588} INFO - Filling up the DagBag from /opt/airflow/dags/04_parallel_weather.py
[2026-08-24T07:36:58.225+0000] {processor.py:925} INFO - DAG(s) 'parallel_weather_dag' retrieved from /opt/airflow/dags/04_parallel_weather.py
[2026-08-24T07:36:58.296+0000] {logging_mixin.py:190} INFO - [2026-08-24T07:36:58.296+0000] {dag.py:3239} INFO - Sync 1 DAGs
[2026-08-24T07:36:58.327+0000] {logging_mixin.py:190} INFO - [2026-08-24T07:36:58.326+0000] {dag.py:4180} INFO - Setting next_dagrun for parallel_weather_dag to None, run_after=None
[2026-08-24T07:36:58.381+0000] {processor.py:208} INFO - Processing /opt/airflow/dags/04_parallel_weather.py took 0.324 seconds
[2026-08-24T07:37:28.929+0000] {processor.py:186} INFO - Started process (PID=133) to work on /opt/airflow/dags/04_parallel_weather.py
[2026-08-24T07:37:28.932+0000] {processor.py:914} INFO - Processing file /opt/airflow/dags/04_parallel_weather.py for tasks to queue
[2026-08-24T07:37:28.945+0000] {logging_mixin.py:190} INFO - [2026-08-24T07:37:28.944+0000] {dagbag.py:588} INFO - Filling up the DagBag from /opt/airflow/dags/04_parallel_weather.py
[2026-08-24T07:37:29.004+0000] {processor.py:925} INFO - DAG(s) 'parallel_weather_dag' retrieved from /opt/airflow/dags/04_parallel_weather.py
[2026-08-24T07:37:29.081+0000] {logging_mixin.py:190} INFO - [2026-08-24T07:37:29.081+0000] {dag.py:3239} INFO - Sync 1 DAGs
[2026-08-24T07:37:29.510+0000] {logging_mixin.py:190} INFO - [2026-08-24T07:37:29.510+0000] {dag.py:4180} INFO - Setting next_dagrun for parallel_weather_dag to None, run_after=None
[2026-08-24T07:37:29.569+0000] {processor.py:208} INFO - Processing /opt/airflow/dags/04_parallel_weather.py took 0.659 seconds
[2026-08-24T07:38:00.300+0000] {processor.py:186} INFO - Started process (PID=145) to work on /opt/airflow/dags/04_parallel_weather.py
[2026-08-24T07:38:00.307+0000] {processor.py:914} INFO - Processing file /opt/airflow/dags/04_parallel_weather.py for tasks to queue
[2026-08-24T07:38:00.325+0000] {logging_mixin.py:190} INFO - [2026-08-24T07:38:00.324+0000] {dagbag.py:588} INFO - Filling up the DagBag from /opt/airflow/dags/04_parallel_weather.py
[2026-08-24T07:38:00.428+0000] {processor.py:925} INFO - DAG(s) 'parallel_weather_dag' retrieved from /opt/airflow/dags/04_parallel_weather.py
[2026-08-24T07:38:01.441+0000] {logging_mixin.py:190} INFO - [2026-08-24T07:38:01.441+0000] {dag.py:3239} INFO - Sync 1 DAGs
[2026-08-24T07:38:01.514+0000] {logging_mixin.py:190} INFO - [2026-08-24T07:38:01.514+0000] {dag.py:4180} INFO - Setting next_dagrun for parallel_weather_dag to None, run_after=None
[2026-08-24T07:38:01.629+0000] {processor.py:208} INFO - Processing /opt/airflow/dags/04_parallel_weather.py took 1.379 seconds
[2026-08-24T07:38:32.215+0000] {processor.py:186} INFO - Started process (PID=156) to work on /opt/airflow/dags/04_parallel_weather.py
[2026-08-24T07:38:32.219+0000] {processor.py:914} INFO - Processing file /opt/airflow/dags/04_parallel_weather.py for tasks to queue
[2026-08-24T07:38:32.236+0000] {logging_mixin.py:190} INFO - [2026-08-24T07:38:32.235+0000] {dagbag.py:588} INFO - Filling up the DagBag from /opt/airflow/dags/04_parallel_weather.py
[2026-08-24T07:38:32.434+0000] {processor.py:925} INFO - DAG(s) 'parallel_weather_dag' retrieved from /opt/airflow/dags/04_parallel_weather.py
[2026-08-24T07:38:32.653+0000] {logging_mixin.py:190} INFO - [2026-08-24T07:38:32.653+0000] {dag.py:3239} INFO - Sync 1 DAGs
[2026-08-24T07:38:32.878+0000] {logging_mixin.py:190} INFO - [2026-08-24T07:38:32.877+0000] {dag.py:4180} INFO - Setting next_dagrun for parallel_weather_dag to None, run_after=None
[2026-08-24T07:38:32.995+0000] {processor.py:208} INFO - Processing /opt/airflow/dags/04_parallel_weather.py took 0.817 seconds
[2026-08-24T07:39:03.482+0000] {processor.py:186} INFO - Started process (PID=167) to work on /opt/airflow/dags/04_parallel_weather.py
[2026-08-24T07:39:03.485+0000] {processor.py:914} INFO - Processing file /opt/airflow/dags/04_parallel_weather.py for tasks to queue
[2026-08-24T07:39:03.499+0000] {logging_mixin.py:190} INFO - [2026-08-24T07:39:03.499+0000] {dagbag.py:588} INFO - Filling up the DagBag from /opt/airflow/dags/04_parallel_weather.py
[2026-08-24T07:39:03.567+0000] {processor.py:925} INFO - DAG(s) 'parallel_weather_dag' retrieved from /opt/airflow/dags/04_parallel_weather.py
[2026-08-24T07:39:03.703+0000] {logging_mixin.py:190} INFO - [2026-08-24T07:39:03.703+0000] {dag.py:3239} INFO - Sync 1 DAGs
[2026-08-24T07:39:03.796+0000] {logging_mixin.py:190} INFO - [2026-08-24T07:39:03.795+0000] {dag.py:4180} INFO - Setting next_dagrun for parallel_weather_dag to None, run_after=None
[2026-08-24T07:39:03.899+0000] {processor.py:208} INFO - Processing /opt/airflow/dags/04_parallel_weather.py took 0.439 seconds
[2026-08-24T07:39:34.406+0000] {processor.py:186} INFO - Started process (PID=178) to work on /opt/airflow/dags/04_parallel_weather.py
[2026-08-24T07:39:34.409+0000] {processor.py:914} INFO - Processing file /opt/airflow/dags/04_parallel_weather.py for tasks to queue
[2026-08-24T07:39:34.429+0000] {logging_mixin.py:190} INFO - [2026-08-24T07:39:34.428+0000] {dagbag.py:588} INFO - Filling up the DagBag from /opt/airflow/dags/04_parallel_weather.py
[2026-08-24T07:39:34.536+0000] {processor.py:925} INFO - DAG(s) 'parallel_weather_dag' retrieved from /opt/airflow/dags/04_parallel_weather.py
[2026-08-24T07:39:34.657+0000] {logging_mixin.py:190} INFO - [2026-08-24T07:39:34.656+0000] {dag.py:3239} INFO - Sync 1 DAGs
[2026-08-24T07:39:34.736+0000] {logging_mixin.py:190} INFO - [2026-08-24T07:39:34.735+0000] {dag.py:4180} INFO - Setting next_dagrun for parallel_weather_dag to None, run_after=None
[2026-08-24T07:39:34.843+0000] {processor.py:208} INFO - Processing /opt/airflow/dags/04_parallel_weather.py took 0.470 seconds
[2026-08-24T07:40:05.488+0000] {processor.py:186} INFO - Started process (PID=188) to work on /opt/airflow/dags/04_parallel_weather.py
[2026-08-24T07:40:05.492+0000] {processor.py:914} INFO - Processing file /opt/airflow/dags/04_parallel_weather.py for tasks to queue
[2026-08-24T07:40:05.508+0000] {logging_mixin.py:190} INFO - [2026-08-24T07:40:05.507+0000] {dagbag.py:588} INFO - Filling up the DagBag from /opt/airflow/dags/04_parallel_weather.py
[2026-08-24T07:40:05.597+0000] {processor.py:925} INFO - DAG(s) 'parallel_weather_dag' retrieved from /opt/airflow/dags/04_parallel_weather.py
[2026-08-24T07:40:05.767+0000] {logging_mixin.py:190} INFO - [2026-08-24T07:40:05.766+0000] {dag.py:3239} INFO - Sync 1 DAGs
[2026-08-24T07:40:05.856+0000] {logging_mixin.py:190} INFO - [2026-08-24T07:40:05.855+0000] {dag.py:4180} INFO - Setting next_dagrun for parallel_weather_dag to None, run_after=None
[2026-08-24T07:40:05.963+0000] {processor.py:208} INFO - Processing /opt/airflow/dags/04_parallel_weather.py took 0.502 seconds
[2026-08-24T07:40:36.999+0000] {processor.py:186} INFO - Started process (PID=204) to work on /opt/airflow/dags/04_parallel_weather.py
[2026-08-24T07:40:37.013+0000] {processor.py:914} INFO - Processing file /opt/airflow/dags/04_parallel_weather.py for tasks to queue
[2026-08-24T07:40:37.040+0000] {logging_mixin.py:190} INFO - [2026-08-24T07:40:37.038+0000] {dagbag.py:588} INFO - Filling up the DagBag from /opt/airflow/dags/04_parallel_weather.py
[2026-08-24T07:40:37.251+0000] {processor.py:925} INFO - DAG(s) 'parallel_weather_dag' retrieved from /opt/airflow/dags/04_parallel_weather.py
[2026-08-24T07:40:37.560+0000] {logging_mixin.py:190} INFO - [2026-08-24T07:40:37.560+0000] {dag.py:3239} INFO - Sync 1 DAGs
[2026-08-24T07:40:37.740+0000] {logging_mixin.py:190} INFO - [2026-08-24T07:40:37.740+0000] {dag.py:4180} INFO - Setting next_dagrun for parallel_weather_dag to None, run_after=None
[2026-08-24T07:40:37.866+0000] {processor.py:208} INFO - Processing /opt/airflow/dags/04_parallel_weather.py took 0.916 seconds
[2026-08-24T07:41:08.555+0000] {processor.py:186} INFO - Started process (PID=214) to work on /opt/airflow/dags/04_parallel_weather.py
[2026-08-24T07:41:08.558+0000] {processor.py:914} INFO - Processing file /opt/airflow/dags/04_parallel_weather.py for tasks to queue
[2026-08-24T07:41:08.591+0000] {logging_mixin.py:190} INFO - [2026-08-24T07:41:08.590+0000] {dagbag.py:588} INFO - Filling up the DagBag from /opt/airflow/dags/04_parallel_weather.py
[2026-08-24T07:41:08.714+0000] {processor.py:925} INFO - DAG(s) 'parallel_weather_dag' retrieved from /opt/airflow/dags/04_parallel_weather.py
[2026-08-24T07:41:08.947+0000] {logging_mixin.py:190} INFO - [2026-08-24T07:41:08.947+0000] {dag.py:3239} INFO - Sync 1 DAGs
[2026-08-24T07:41:09.067+0000] {logging_mixin.py:190} INFO - [2026-08-24T07:41:09.056+0000] {dag.py:4180} INFO - Setting next_dagrun for parallel_weather_dag to None, run_after=None
[2026-08-24T07:41:09.389+0000] {processor.py:208} INFO - Processing /opt/airflow/dags/04_parallel_weather.py took 0.865 seconds
[2026-08-24T07:41:40.218+0000] {processor.py:186} INFO - Started process (PID=226) to work on /opt/airflow/dags/04_parallel_weather.py
[2026-08-24T07:41:40.229+0000] {processor.py:914} INFO - Processing file /opt/airflow/dags/04_parallel_weather.py for tasks to queue
[2026-08-24T07:41:40.235+0000] {logging_mixin.py:190} INFO - [2026-08-24T07:41:40.234+0000] {dagbag.py:588} INFO - Filling up the DagBag from /opt/airflow/dags/04_parallel_weather.py
[2026-08-24T07:41:40.386+0000] {processor.py:925} INFO - DAG(s) 'parallel_weather_dag' retrieved from /opt/airflow/dags/04_parallel_weather.py
[2026-08-24T07:41:40.534+0000] {logging_mixin.py:190} INFO - [2026-08-24T07:41:40.533+0000] {dag.py:3239} INFO - Sync 1 DAGs
[2026-08-24T07:41:40.618+0000] {logging_mixin.py:190} INFO - [2026-08-24T07:41:40.618+0000] {dag.py:4180} INFO - Setting next_dagrun for parallel_weather_dag to None, run_after=None
[2026-08-24T07:41:40.702+0000] {processor.py:208} INFO - Processing /opt/airflow/dags/04_parallel_weather.py took 0.509 seconds
[2026-08-24T07:42:11.579+0000] {processor.py:186} INFO - Started process (PID=236) to work on /opt/airflow/dags/04_parallel_weather.py
[2026-08-24T07:42:11.606+0000] {processor.py:914} INFO - Processing file /opt/airflow/dags/04_parallel_weather.py for tasks to queue
[2026-08-24T07:42:11.621+0000] {logging_mixin.py:190} INFO - [2026-08-24T07:42:11.619+0000] {dagbag.py:588} INFO - Filling up the DagBag from /opt/airflow/dags/04_parallel_weather.py
[2026-08-24T07:42:11.706+0000] {processor.py:925} INFO - DAG(s) 'parallel_weather_dag' retrieved from /opt/airflow/dags/04_parallel_weather.py
[2026-08-24T07:42:11.877+0000] {logging_mixin.py:190} INFO - [2026-08-24T07:42:11.876+0000] {dag.py:3239} INFO - Sync 1 DAGs
[2026-08-24T07:42:11.976+0000] {logging_mixin.py:190} INFO - [2026-08-24T07:42:11.974+0000] {dag.py:4180} INFO - Setting next_dagrun for parallel_weather_dag to None, run_after=None
[2026-08-24T07:42:12.067+0000] {processor.py:208} INFO - Processing /opt/airflow/dags/04_parallel_weather.py took 0.526 seconds
[2026-08-24T07:42:42.712+0000] {processor.py:186} INFO - Started process (PID=247) to work on /opt/airflow/dags/04_parallel_weather.py
[2026-08-24T07:42:42.716+0000] {processor.py:914} INFO - Processing file /opt/airflow/dags/04_parallel_weather.py for tasks to queue
[2026-08-24T07:42:42.728+0000] {logging_mixin.py:190} INFO - [2026-08-24T07:42:42.727+0000] {dagbag.py:588} INFO - Filling up the DagBag from /opt/airflow/dags/04_parallel_weather.py
[2026-08-24T07:42:42.804+0000] {processor.py:925} INFO - DAG(s) 'parallel_weather_dag' retrieved from /opt/airflow/dags/04_parallel_weather.py
[2026-08-24T07:42:42.923+0000] {logging_mixin.py:190} INFO - [2026-08-24T07:42:42.922+0000] {dag.py:3239} INFO - Sync 1 DAGs
[2026-08-24T07:42:43.001+0000] {logging_mixin.py:190} INFO - [2026-08-24T07:42:43.000+0000] {dag.py:4180} INFO - Setting next_dagrun for parallel_weather_dag to None, run_after=None
[2026-08-24T07:42:43.074+0000] {processor.py:208} INFO - Processing /opt/airflow/dags/04_parallel_weather.py took 0.384 seconds
[2026-08-24T07:43:13.787+0000] {processor.py:186} INFO - Started process (PID=257) to work on /opt/airflow/dags/04_parallel_weather.py
[2026-08-24T07:43:13.791+0000] {processor.py:914} INFO - Processing file /opt/airflow/dags/04_parallel_weather.py for tasks to queue
[2026-08-24T07:43:13.814+0000] {logging_mixin.py:190} INFO - [2026-08-24T07:43:13.808+0000] {dagbag.py:588} INFO - Filling up the DagBag from /opt/airflow/dags/04_parallel_weather.py
[2026-08-24T07:43:14.058+0000] {processor.py:925} INFO - DAG(s) 'parallel_weather_dag' retrieved from /opt/airflow/dags/04_parallel_weather.py
[2026-08-24T07:43:14.238+0000] {logging_mixin.py:190} INFO - [2026-08-24T07:43:14.234+0000] {dag.py:3239} INFO - Sync 1 DAGs
[2026-08-24T07:43:14.362+0000] {logging_mixin.py:190} INFO - [2026-08-24T07:43:14.350+0000] {dag.py:4180} INFO - Setting next_dagrun for parallel_weather_dag to None, run_after=None
[2026-08-24T07:43:14.499+0000] {processor.py:208} INFO - Processing /opt/airflow/dags/04_parallel_weather.py took 0.750 seconds
[2026-08-24T07:43:44.736+0000] {processor.py:186} INFO - Started process (PID=269) to work on /opt/airflow/dags/04_parallel_weather.py
[2026-08-24T07:43:44.748+0000] {processor.py:914} INFO - Processing file /opt/airflow/dags/04_parallel_weather.py for tasks to queue
[2026-08-24T07:43:44.763+0000] {logging_mixin.py:190} INFO - [2026-08-24T07:43:44.755+0000] {dagbag.py:588} INFO - Filling up the DagBag from /opt/airflow/dags/04_parallel_weather.py
[2026-08-24T07:43:44.845+0000] {processor.py:925} INFO - DAG(s) 'parallel_weather_dag' retrieved from /opt/airflow/dags/04_parallel_weather.py
[2026-08-24T07:43:44.985+0000] {logging_mixin.py:190} INFO - [2026-08-24T07:43:44.983+0000] {dag.py:3239} INFO - Sync 1 DAGs
[2026-08-24T07:43:45.048+0000] {logging_mixin.py:190} INFO - [2026-08-24T07:43:45.047+0000] {dag.py:4180} INFO - Setting next_dagrun for parallel_weather_dag to None, run_after=None
[2026-08-24T07:43:45.132+0000] {processor.py:208} INFO - Processing /opt/airflow/dags/04_parallel_weather.py took 0.433 seconds
[2026-08-24T07:44:15.326+0000] {processor.py:186} INFO - Started process (PID=280) to work on /opt/airflow/dags/04_parallel_weather.py
[2026-08-24T07:44:15.333+0000] {processor.py:914} INFO - Processing file /opt/airflow/dags/04_parallel_weather.py for tasks to queue
[2026-08-24T07:44:15.341+0000] {logging_mixin.py:190} INFO - [2026-08-24T07:44:15.340+0000] {dagbag.py:588} INFO - Filling up the DagBag from /opt/airflow/dags/04_parallel_weather.py
[2026-08-24T07:44:15.413+0000] {processor.py:925} INFO - DAG(s) 'parallel_weather_dag' retrieved from /opt/airflow/dags/04_parallel_weather.py
[2026-08-24T07:44:15.525+0000] {logging_mixin.py:190} INFO - [2026-08-24T07:44:15.525+0000] {dag.py:3239} INFO - Sync 1 DAGs
[2026-08-24T07:44:15.589+0000] {logging_mixin.py:190} INFO - [2026-08-24T07:44:15.588+0000] {dag.py:4180} INFO - Setting next_dagrun for parallel_weather_dag to None, run_after=None
[2026-08-24T07:44:15.662+0000] {processor.py:208} INFO - Processing /opt/airflow/dags/04_parallel_weather.py took 0.364 seconds
[2026-08-24T07:44:45.928+0000] {processor.py:186} INFO - Started process (PID=290) to work on /opt/airflow/dags/04_parallel_weather.py
[2026-08-24T07:44:45.956+0000] {processor.py:914} INFO - Processing file /opt/airflow/dags/04_parallel_weather.py for tasks to queue
[2026-08-24T07:44:45.978+0000] {logging_mixin.py:190} INFO - [2026-08-24T07:44:45.977+0000] {dagbag.py:588} INFO - Filling up the DagBag from /opt/airflow/dags/04_parallel_weather.py
[2026-08-24T07:44:46.058+0000] {processor.py:925} INFO - DAG(s) 'parallel_weather_dag' retrieved from /opt/airflow/dags/04_parallel_weather.py
[2026-08-24T07:44:46.237+0000] {logging_mixin.py:190} INFO - [2026-08-24T07:44:46.236+0000] {dag.py:3239} INFO - Sync 1 DAGs
[2026-08-24T07:44:46.317+0000] {logging_mixin.py:190} INFO - [2026-08-24T07:44:46.316+0000] {dag.py:4180} INFO - Setting next_dagrun for parallel_weather_dag to None, run_after=None
[2026-08-24T07:44:46.413+0000] {processor.py:208} INFO - Processing /opt/airflow/dags/04_parallel_weather.py took 0.501 seconds
[2026-08-24T07:45:17.635+0000] {processor.py:186} INFO - Started process (PID=301) to work on /opt/airflow/dags/04_parallel_weather.py
[2026-08-24T07:45:17.642+0000] {processor.py:914} INFO - Processing file /opt/airflow/dags/04_parallel_weather.py for tasks to queue
[2026-08-24T07:45:17.662+0000] {logging_mixin.py:190} INFO - [2026-08-24T07:45:17.661+0000] {dagbag.py:588} INFO - Filling up the DagBag from /opt/airflow/dags/04_parallel_weather.py
[2026-08-24T07:45:17.778+0000] {processor.py:925} INFO - DAG(s) 'parallel_weather_dag' retrieved from /opt/airflow/dags/04_parallel_weather.py
[2026-08-24T07:45:17.963+0000] {logging_mixin.py:190} INFO - [2026-08-24T07:45:17.963+0000] {dag.py:3239} INFO - Sync 1 DAGs
[2026-08-24T07:45:18.136+0000] {logging_mixin.py:190} INFO - [2026-08-24T07:45:18.135+0000] {dag.py:4180} INFO - Setting next_dagrun for parallel_weather_dag to None, run_after=None
[2026-08-24T07:45:18.304+0000] {processor.py:208} INFO - Processing /opt/airflow/dags/04_parallel_weather.py took 0.745 seconds
[2026-08-24T07:45:48.752+0000] {processor.py:186} INFO - Started process (PID=312) to work on /opt/airflow/dags/04_parallel_weather.py
[2026-08-24T07:45:48.756+0000] {processor.py:914} INFO - Processing file /opt/airflow/dags/04_parallel_weather.py for tasks to queue
[2026-08-24T07:45:48.773+0000] {logging_mixin.py:190} INFO - [2026-08-24T07:45:48.768+0000] {dagbag.py:588} INFO - Filling up the DagBag from /opt/airflow/dags/04_parallel_weather.py
[2026-08-24T07:45:48.876+0000] {processor.py:925} INFO - DAG(s) 'parallel_weather_dag' retrieved from /opt/airflow/dags/04_parallel_weather.py
[2026-08-24T07:45:49.080+0000] {logging_mixin.py:190} INFO - [2026-08-24T07:45:49.079+0000] {dag.py:3239} INFO - Sync 1 DAGs
[2026-08-24T07:45:49.205+0000] {logging_mixin.py:190} INFO - [2026-08-24T07:45:49.197+0000] {dag.py:4180} INFO - Setting next_dagrun for parallel_weather_dag to None, run_after=None
[2026-08-24T07:45:49.328+0000] {processor.py:208} INFO - Processing /opt/airflow/dags/04_parallel_weather.py took 0.615 seconds
[2026-08-24T07:46:19.520+0000] {processor.py:186} INFO - Started process (PID=323) to work on /opt/airflow/dags/04_parallel_weather.py
[2026-08-24T07:46:19.524+0000] {processor.py:914} INFO - Processing file /opt/airflow/dags/04_parallel_weather.py for tasks to queue
[2026-08-24T07:46:19.542+0000] {logging_mixin.py:190} INFO - [2026-08-24T07:46:19.541+0000] {dagbag.py:588} INFO - Filling up the DagBag from /opt/airflow/dags/04_parallel_weather.py
[2026-08-24T07:46:19.641+0000] {processor.py:925} INFO - DAG(s) 'parallel_weather_dag' retrieved from /opt/airflow/dags/04_parallel_weather.py
[2026-08-24T07:46:19.810+0000] {logging_mixin.py:190} INFO - [2026-08-24T07:46:19.810+0000] {dag.py:3239} INFO - Sync 1 DAGs
[2026-08-24T07:46:19.890+0000] {logging_mixin.py:190} INFO - [2026-08-24T07:46:19.889+0000] {dag.py:4180} INFO - Setting next_dagrun for parallel_weather_dag to None, run_after=None
[2026-08-24T07:46:20.046+0000] {processor.py:208} INFO - Processing /opt/airflow/dags/04_parallel_weather.py took 0.560 seconds
[2026-08-24T07:46:50.272+0000] {processor.py:186} INFO - Started process (PID=334) to work on /opt/airflow/dags/04_parallel_weather.py
[2026-08-24T07:46:50.275+0000] {processor.py:914} INFO - Processing file /opt/airflow/dags/04_parallel_weather.py for tasks to queue
[2026-08-24T07:46:50.289+0000] {logging_mixin.py:190} INFO - [2026-08-24T07:46:50.289+0000] {dagbag.py:588} INFO - Filling up the DagBag from /opt/airflow/dags/04_parallel_weather.py
[2026-08-24T07:46:50.378+0000] {processor.py:925} INFO - DAG(s) 'parallel_weather_dag' retrieved from /opt/airflow/dags/04_parallel_weather.py
[2026-08-24T07:46:50.530+0000] {logging_mixin.py:190} INFO - [2026-08-24T07:46:50.529+0000] {dag.py:3239} INFO - Sync 1 DAGs
[2026-08-24T07:46:50.610+0000] {logging_mixin.py:190} INFO - [2026-08-24T07:46:50.610+0000] {dag.py:4180} INFO - Setting next_dagrun for parallel_weather_dag to None, run_after=None
[2026-08-24T07:46:50.720+0000] {processor.py:208} INFO - Processing /opt/airflow/dags/04_parallel_weather.py took 0.470 seconds
[2026-08-24T07:47:21.668+0000] {processor.py:186} INFO - Started process (PID=352) to work on /opt/airflow/dags/04_parallel_weather.py
[2026-08-24T07:47:21.675+0000] {processor.py:914} INFO - Processing file /opt/airflow/dags/04_parallel_weather.py for tasks to queue
[2026-08-24T07:47:21.706+0000] {logging_mixin.py:190} INFO - [2026-08-24T07:47:21.705+0000] {dagbag.py:588} INFO - Filling up the DagBag from /opt/airflow/dags/04_parallel_weather.py
[2026-08-24T07:47:21.825+0000] {processor.py:925} INFO - DAG(s) 'parallel_weather_dag' retrieved from /opt/airflow/dags/04_parallel_weather.py
[2026-08-24T07:47:21.986+0000] {logging_mixin.py:190} INFO - [2026-08-24T07:47:21.986+0000] {dag.py:3239} INFO - Sync 1 DAGs
[2026-08-24T07:47:22.076+0000] {logging_mixin.py:190} INFO - [2026-08-24T07:47:22.075+0000] {dag.py:4180} INFO - Setting next_dagrun for parallel_weather_dag to None, run_after=None
[2026-08-24T07:47:22.177+0000] {processor.py:208} INFO - Processing /opt/airflow/dags/04_parallel_weather.py took 0.548 seconds
[2026-08-24T07:47:52.805+0000] {processor.py:186} INFO - Started process (PID=362) to work on /opt/airflow/dags/04_parallel_weather.py
[2026-08-24T07:47:52.809+0000] {processor.py:914} INFO - Processing file /opt/airflow/dags/04_parallel_weather.py for tasks to queue
[2026-08-24T07:47:52.824+0000] {logging_mixin.py:190} INFO - [2026-08-24T07:47:52.823+0000] {dagbag.py:588} INFO - Filling up the DagBag from /opt/airflow/dags/04_parallel_weather.py
[2026-08-24T07:47:52.999+0000] {processor.py:925} INFO - DAG(s) 'parallel_weather_dag' retrieved from /opt/airflow/dags/04_parallel_weather.py
[2026-08-24T07:47:53.427+0000] {logging_mixin.py:190} INFO - [2026-08-24T07:47:53.427+0000] {dag.py:3239} INFO - Sync 1 DAGs
[2026-08-24T07:47:53.663+0000] {logging_mixin.py:190} INFO - [2026-08-24T07:47:53.663+0000] {dag.py:4180} INFO - Setting next_dagrun for parallel_weather_dag to None, run_after=None
[2026-08-24T07:47:53.838+0000] {processor.py:208} INFO - Processing /opt/airflow/dags/04_parallel_weather.py took 1.067 seconds
[2026-08-24T07:48:24.191+0000] {processor.py:186} INFO - Started process (PID=373) to work on /opt/airflow/dags/04_parallel_weather.py
[2026-08-24T07:48:24.194+0000] {processor.py:914} INFO - Processing file /opt/airflow/dags/04_parallel_weather.py for tasks to queue
[2026-08-24T07:48:24.212+0000] {logging_mixin.py:190} INFO - [2026-08-24T07:48:24.210+0000] {dagbag.py:588} INFO - Filling up the DagBag from /opt/airflow/dags/04_parallel_weather.py
[2026-08-24T07:48:24.304+0000] {processor.py:925} INFO - DAG(s) 'parallel_weather_dag' retrieved from /opt/airflow/dags/04_parallel_weather.py
[2026-08-24T07:48:24.498+0000] {logging_mixin.py:190} INFO - [2026-08-24T07:48:24.497+0000] {dag.py:3239} INFO - Sync 1 DAGs
[2026-08-24T07:48:24.582+0000] {logging_mixin.py:190} INFO - [2026-08-24T07:48:24.581+0000] {dag.py:4180} INFO - Setting next_dagrun for parallel_weather_dag to None, run_after=None
[2026-08-24T07:48:24.707+0000] {processor.py:208} INFO - Processing /opt/airflow/dags/04_parallel_weather.py took 0.541 seconds
[2026-08-24T07:48:55.794+0000] {processor.py:186} INFO - Started process (PID=388) to work on /opt/airflow/dags/04_parallel_weather.py
[2026-08-24T07:48:55.807+0000] {processor.py:914} INFO - Processing file /opt/airflow/dags/04_parallel_weather.py for tasks to queue
[2026-08-24T07:48:55.816+0000] {logging_mixin.py:190} INFO - [2026-08-24T07:48:55.815+0000] {dagbag.py:588} INFO - Filling up the DagBag from /opt/airflow/dags/04_parallel_weather.py
[2026-08-24T07:48:55.942+0000] {processor.py:925} INFO - DAG(s) 'parallel_weather_dag' retrieved from /opt/airflow/dags/04_parallel_weather.py
[2026-08-24T07:48:56.111+0000] {logging_mixin.py:190} INFO - [2026-08-24T07:48:56.111+0000] {dag.py:3239} INFO - Sync 1 DAGs
[2026-08-24T07:48:56.218+0000] {logging_mixin.py:190} INFO - [2026-08-24T07:48:56.217+0000] {dag.py:4180} INFO - Setting next_dagrun for parallel_weather_dag to None, run_after=None
[2026-08-24T07:48:56.330+0000] {processor.py:208} INFO - Processing /opt/airflow/dags/04_parallel_weather.py took 0.567 seconds
[2026-08-24T07:49:26.907+0000] {processor.py:186} INFO - Started process (PID=398) to work on /opt/airflow/dags/04_parallel_weather.py
[2026-08-24T07:49:26.922+0000] {processor.py:914} INFO - Processing file /opt/airflow/dags/04_parallel_weather.py for tasks to queue
[2026-08-24T07:49:26.930+0000] {logging_mixin.py:190} INFO - [2026-08-24T07:49:26.929+0000] {dagbag.py:588} INFO - Filling up the DagBag from /opt/airflow/dags/04_parallel_weather.py
[2026-08-24T07:49:27.043+0000] {processor.py:925} INFO - DAG(s) 'parallel_weather_dag' retrieved from /opt/airflow/dags/04_parallel_weather.py
[2026-08-24T07:49:27.214+0000] {logging_mixin.py:190} INFO - [2026-08-24T07:49:27.214+0000] {dag.py:3239} INFO - Sync 1 DAGs
[2026-08-24T07:49:27.290+0000] {logging_mixin.py:190} INFO - [2026-08-24T07:49:27.289+0000] {dag.py:4180} INFO - Setting next_dagrun for parallel_weather_dag to None, run_after=None
[2026-08-24T07:49:27.401+0000] {processor.py:208} INFO - Processing /opt/airflow/dags/04_parallel_weather.py took 0.518 seconds
[2026-08-24T07:49:57.876+0000] {processor.py:186} INFO - Started process (PID=409) to work on /opt/airflow/dags/04_parallel_weather.py
[2026-08-24T07:49:57.880+0000] {processor.py:914} INFO - Processing file /opt/airflow/dags/04_parallel_weather.py for tasks to queue
[2026-08-24T07:49:57.908+0000] {logging_mixin.py:190} INFO - [2026-08-24T07:49:57.907+0000] {dagbag.py:588} INFO - Filling up the DagBag from /opt/airflow/dags/04_parallel_weather.py
[2026-08-24T07:49:58.100+0000] {processor.py:925} INFO - DAG(s) 'parallel_weather_dag' retrieved from /opt/airflow/dags/04_parallel_weather.py
[2026-08-24T07:49:58.321+0000] {logging_mixin.py:190} INFO - [2026-08-24T07:49:58.321+0000] {dag.py:3239} INFO - Sync 1 DAGs
[2026-08-24T07:49:58.448+0000] {logging_mixin.py:190} INFO - [2026-08-24T07:49:58.446+0000] {dag.py:4180} INFO - Setting next_dagrun for parallel_weather_dag to None, run_after=None
[2026-08-24T07:49:58.564+0000] {processor.py:208} INFO - Processing /opt/airflow/dags/04_parallel_weather.py took 0.728 seconds
[2026-08-24T07:50:29.072+0000] {processor.py:186} INFO - Started process (PID=420) to work on /opt/airflow/dags/04_parallel_weather.py
[2026-08-24T07:50:29.077+0000] {processor.py:914} INFO - Processing file /opt/airflow/dags/04_parallel_weather.py for tasks to queue
[2026-08-24T07:50:29.093+0000] {logging_mixin.py:190} INFO - [2026-08-24T07:50:29.092+0000] {dagbag.py:588} INFO - Filling up the DagBag from /opt/airflow/dags/04_parallel_weather.py
[2026-08-24T07:50:29.207+0000] {processor.py:925} INFO - DAG(s) 'parallel_weather_dag' retrieved from /opt/airflow/dags/04_parallel_weather.py
[2026-08-24T07:50:29.368+0000] {logging_mixin.py:190} INFO - [2026-08-24T07:50:29.367+0000] {dag.py:3239} INFO - Sync 1 DAGs
[2026-08-24T07:50:29.447+0000] {logging_mixin.py:190} INFO - [2026-08-24T07:50:29.446+0000] {dag.py:4180} INFO - Setting next_dagrun for parallel_weather_dag to None, run_after=None
[2026-08-24T07:50:29.534+0000] {processor.py:208} INFO - Processing /opt/airflow/dags/04_parallel_weather.py took 0.506 seconds
[2026-08-24T07:51:00.167+0000] {processor.py:186} INFO - Started process (PID=431) to work on /opt/airflow/dags/04_parallel_weather.py
[2026-08-24T07:51:00.170+0000] {processor.py:914} INFO - Processing file /opt/airflow/dags/04_parallel_weather.py for tasks to queue
[2026-08-24T07:51:00.184+0000] {logging_mixin.py:190} INFO - [2026-08-24T07:51:00.183+0000] {dagbag.py:588} INFO - Filling up the DagBag from /opt/airflow/dags/04_parallel_weather.py
[2026-08-24T07:51:00.307+0000] {processor.py:925} INFO - DAG(s) 'parallel_weather_dag' retrieved from /opt/airflow/dags/04_parallel_weather.py
[2026-08-24T07:51:00.475+0000] {logging_mixin.py:190} INFO - [2026-08-24T07:51:00.475+0000] {dag.py:3239} INFO - Sync 1 DAGs
[2026-08-24T07:51:00.587+0000] {logging_mixin.py:190} INFO - [2026-08-24T07:51:00.586+0000] {dag.py:4180} INFO - Setting next_dagrun for parallel_weather_dag to None, run_after=None
[2026-08-24T07:51:00.678+0000] {processor.py:208} INFO - Processing /opt/airflow/dags/04_parallel_weather.py took 0.535 seconds
[2026-08-24T07:51:31.332+0000] {processor.py:186} INFO - Started process (PID=442) to work on /opt/airflow/dags/04_parallel_weather.py
[2026-08-24T07:51:31.340+0000] {processor.py:914} INFO - Processing file /opt/airflow/dags/04_parallel_weather.py for tasks to queue
[2026-08-24T07:51:31.351+0000] {logging_mixin.py:190} INFO - [2026-08-24T07:51:31.350+0000] {dagbag.py:588} INFO - Filling up the DagBag from /opt/airflow/dags/04_parallel_weather.py
[2026-08-24T07:51:31.476+0000] {processor.py:925} INFO - DAG(s) 'parallel_weather_dag' retrieved from /opt/airflow/dags/04_parallel_weather.py
[2026-08-24T07:51:31.609+0000] {logging_mixin.py:190} INFO - [2026-08-24T07:51:31.608+0000] {dag.py:3239} INFO - Sync 1 DAGs
[2026-08-24T07:51:31.690+0000] {logging_mixin.py:190} INFO - [2026-08-24T07:51:31.689+0000] {dag.py:4180} INFO - Setting next_dagrun for parallel_weather_dag to None, run_after=None
[2026-08-24T07:51:31.803+0000] {processor.py:208} INFO - Processing /opt/airflow/dags/04_parallel_weather.py took 0.495 seconds
[2026-08-24T07:52:02.030+0000] {processor.py:186} INFO - Started process (PID=454) to work on /opt/airflow/dags/04_parallel_weather.py
[2026-08-24T07:52:02.032+0000] {processor.py:914} INFO - Processing file /opt/airflow/dags/04_parallel_weather.py for tasks to queue
[2026-08-24T07:52:02.036+0000] {logging_mixin.py:190} INFO - [2026-08-24T07:52:02.036+0000] {dagbag.py:588} INFO - Filling up the DagBag from /opt/airflow/dags/04_parallel_weather.py
[2026-08-24T07:52:02.070+0000] {processor.py:925} INFO - DAG(s) 'parallel_weather_dag' retrieved from /opt/airflow/dags/04_parallel_weather.py
[2026-08-24T07:52:02.116+0000] {logging_mixin.py:190} INFO - [2026-08-24T07:52:02.116+0000] {dag.py:3239} INFO - Sync 1 DAGs
[2026-08-24T07:52:02.142+0000] {logging_mixin.py:190} INFO - [2026-08-24T07:52:02.141+0000] {dag.py:4180} INFO - Setting next_dagrun for parallel_weather_dag to None, run_after=None
[2026-08-24T07:52:02.174+0000] {processor.py:208} INFO - Processing /opt/airflow/dags/04_parallel_weather.py took 0.152 seconds
[2026-08-24T07:52:32.644+0000] {processor.py:186} INFO - Started process (PID=465) to work on /opt/airflow/dags/04_parallel_weather.py
[2026-08-24T07:52:32.647+0000] {processor.py:914} INFO - Processing file /opt/airflow/dags/04_parallel_weather.py for tasks to queue
[2026-08-24T07:52:32.655+0000] {logging_mixin.py:190} INFO - [2026-08-24T07:52:32.654+0000] {dagbag.py:588} INFO - Filling up the DagBag from /opt/airflow/dags/04_parallel_weather.py
[2026-08-24T07:52:32.922+0000] {processor.py:925} INFO - DAG(s) 'parallel_weather_dag' retrieved from /opt/airflow/dags/04_parallel_weather.py
[2026-08-24T07:52:33.105+0000] {logging_mixin.py:190} INFO - [2026-08-24T07:52:33.105+0000] {dag.py:3239} INFO - Sync 1 DAGs
[2026-08-24T07:52:33.153+0000] {logging_mixin.py:190} INFO - [2026-08-24T07:52:33.152+0000] {dag.py:4180} INFO - Setting next_dagrun for parallel_weather_dag to None, run_after=None
[2026-08-24T07:52:33.219+0000] {processor.py:208} INFO - Processing /opt/airflow/dags/04_parallel_weather.py took 0.589 seconds
[2026-08-24T07:53:03.712+0000] {processor.py:186} INFO - Started process (PID=476) to work on /opt/airflow/dags/04_parallel_weather.py
[2026-08-24T07:53:03.715+0000] {processor.py:914} INFO - Processing file /opt/airflow/dags/04_parallel_weather.py for tasks to queue
[2026-08-24T07:53:03.723+0000] {logging_mixin.py:190} INFO - [2026-08-24T07:53:03.722+0000] {dagbag.py:588} INFO - Filling up the DagBag from /opt/airflow/dags/04_parallel_weather.py
[2026-08-24T07:53:03.790+0000] {processor.py:925} INFO - DAG(s) 'parallel_weather_dag' retrieved from /opt/airflow/dags/04_parallel_weather.py
[2026-08-24T07:53:03.884+0000] {logging_mixin.py:190} INFO - [2026-08-24T07:53:03.884+0000] {dag.py:3239} INFO - Sync 1 DAGs
[2026-08-24T07:53:03.939+0000] {logging_mixin.py:190} INFO - [2026-08-24T07:53:03.939+0000] {dag.py:4180} INFO - Setting next_dagrun for parallel_weather_dag to None, run_after=None
[2026-08-24T07:53:04.002+0000] {processor.py:208} INFO - Processing /opt/airflow/dags/04_parallel_weather.py took 0.305 seconds
[2026-08-24T07:53:34.304+0000] {processor.py:186} INFO - Started process (PID=487) to work on /opt/airflow/dags/04_parallel_weather.py
[2026-08-24T07:53:34.309+0000] {processor.py:914} INFO - Processing file /opt/airflow/dags/04_parallel_weather.py for tasks to queue
[2026-08-24T07:53:34.317+0000] {logging_mixin.py:190} INFO - [2026-08-24T07:53:34.316+0000] {dagbag.py:588} INFO - Filling up the DagBag from /opt/airflow/dags/04_parallel_weather.py
[2026-08-24T07:53:34.413+0000] {processor.py:925} INFO - DAG(s) 'parallel_weather_dag' retrieved from /opt/airflow/dags/04_parallel_weather.py
[2026-08-24T07:53:34.507+0000] {logging_mixin.py:190} INFO - [2026-08-24T07:53:34.506+0000] {dag.py:3239} INFO - Sync 1 DAGs
[2026-08-24T07:53:34.562+0000] {logging_mixin.py:190} INFO - [2026-08-24T07:53:34.561+0000] {dag.py:4180} INFO - Setting next_dagrun for parallel_weather_dag to None, run_after=None
[2026-08-24T07:53:34.643+0000] {processor.py:208} INFO - Processing /opt/airflow/dags/04_parallel_weather.py took 0.361 seconds
[2026-08-24T07:54:05.606+0000] {processor.py:186} INFO - Started process (PID=503) to work on /opt/airflow/dags/04_parallel_weather.py
[2026-08-24T07:54:05.632+0000] {processor.py:914} INFO - Processing file /opt/airflow/dags/04_parallel_weather.py for tasks to queue
[2026-08-24T07:54:05.664+0000] {logging_mixin.py:190} INFO - [2026-08-24T07:54:05.663+0000] {dagbag.py:588} INFO - Filling up the DagBag from /opt/airflow/dags/04_parallel_weather.py
[2026-08-24T07:54:06.084+0000] {processor.py:925} INFO - DAG(s) 'parallel_weather_dag' retrieved from /opt/airflow/dags/04_parallel_weather.py
[2026-08-24T07:54:06.236+0000] {logging_mixin.py:190} INFO - [2026-08-24T07:54:06.235+0000] {dag.py:3239} INFO - Sync 1 DAGs
[2026-08-24T07:54:06.305+0000] {logging_mixin.py:190} INFO - [2026-08-24T07:54:06.301+0000] {dag.py:4180} INFO - Setting next_dagrun for parallel_weather_dag to None, run_after=None
[2026-08-24T07:54:06.369+0000] {processor.py:208} INFO - Processing /opt/airflow/dags/04_parallel_weather.py took 0.821 seconds
[2026-08-24T07:54:37.286+0000] {processor.py:186} INFO - Started process (PID=514) to work on /opt/airflow/dags/04_parallel_weather.py
[2026-08-24T07:54:37.289+0000] {processor.py:914} INFO - Processing file /opt/airflow/dags/04_parallel_weather.py for tasks to queue
[2026-08-24T07:54:37.295+0000] {logging_mixin.py:190} INFO - [2026-08-24T07:54:37.294+0000] {dagbag.py:588} INFO - Filling up the DagBag from /opt/airflow/dags/04_parallel_weather.py
[2026-08-24T07:54:37.341+0000] {processor.py:925} INFO - DAG(s) 'parallel_weather_dag' retrieved from /opt/airflow/dags/04_parallel_weather.py
[2026-08-24T07:54:37.412+0000] {logging_mixin.py:190} INFO - [2026-08-24T07:54:37.411+0000] {dag.py:3239} INFO - Sync 1 DAGs
[2026-08-24T07:54:37.445+0000] {logging_mixin.py:190} INFO - [2026-08-24T07:54:37.444+0000] {dag.py:4180} INFO - Setting next_dagrun for parallel_weather_dag to None, run_after=None
[2026-08-24T07:54:37.486+0000] {processor.py:208} INFO - Processing /opt/airflow/dags/04_parallel_weather.py took 0.217 seconds
[2026-08-24T07:55:08.412+0000] {processor.py:186} INFO - Started process (PID=525) to work on /opt/airflow/dags/04_parallel_weather.py
[2026-08-24T07:55:08.415+0000] {processor.py:914} INFO - Processing file /opt/airflow/dags/04_parallel_weather.py for tasks to queue
[2026-08-24T07:55:08.421+0000] {logging_mixin.py:190} INFO - [2026-08-24T07:55:08.420+0000] {dagbag.py:588} INFO - Filling up the DagBag from /opt/airflow/dags/04_parallel_weather.py
[2026-08-24T07:55:08.467+0000] {processor.py:925} INFO - DAG(s) 'parallel_weather_dag' retrieved from /opt/airflow/dags/04_parallel_weather.py
[2026-08-24T07:55:08.538+0000] {logging_mixin.py:190} INFO - [2026-08-24T07:55:08.538+0000] {dag.py:3239} INFO - Sync 1 DAGs
[2026-08-24T07:55:08.584+0000] {logging_mixin.py:190} INFO - [2026-08-24T07:55:08.583+0000] {dag.py:4180} INFO - Setting next_dagrun for parallel_weather_dag to None, run_after=None
[2026-08-24T07:55:08.628+0000] {processor.py:208} INFO - Processing /opt/airflow/dags/04_parallel_weather.py took 0.230 seconds
[2026-08-24T07:55:38.767+0000] {processor.py:186} INFO - Started process (PID=536) to work on /opt/airflow/dags/04_parallel_weather.py
[2026-08-24T07:55:38.770+0000] {processor.py:914} INFO - Processing file /opt/airflow/dags/04_parallel_weather.py for tasks to queue
[2026-08-24T07:55:38.776+0000] {logging_mixin.py:190} INFO - [2026-08-24T07:55:38.775+0000] {dagbag.py:588} INFO - Filling up the DagBag from /opt/airflow/dags/04_parallel_weather.py
[2026-08-24T07:55:38.821+0000] {processor.py:925} INFO - DAG(s) 'parallel_weather_dag' retrieved from /opt/airflow/dags/04_parallel_weather.py
[2026-08-24T07:55:38.898+0000] {logging_mixin.py:190} INFO - [2026-08-24T07:55:38.897+0000] {dag.py:3239} INFO - Sync 1 DAGs
[2026-08-24T07:55:38.933+0000] {logging_mixin.py:190} INFO - [2026-08-24T07:55:38.932+0000] {dag.py:4180} INFO - Setting next_dagrun for parallel_weather_dag to None, run_after=None
[2026-08-24T07:55:38.975+0000] {processor.py:208} INFO - Processing /opt/airflow/dags/04_parallel_weather.py took 0.221 seconds
[2026-08-24T07:56:09.090+0000] {processor.py:186} INFO - Started process (PID=547) to work on /opt/airflow/dags/04_parallel_weather.py
[2026-08-24T07:56:09.092+0000] {processor.py:914} INFO - Processing file /opt/airflow/dags/04_parallel_weather.py for tasks to queue
[2026-08-24T07:56:09.097+0000] {logging_mixin.py:190} INFO - [2026-08-24T07:56:09.096+0000] {dagbag.py:588} INFO - Filling up the DagBag from /opt/airflow/dags/04_parallel_weather.py
[2026-08-24T07:56:09.128+0000] {processor.py:925} INFO - DAG(s) 'parallel_weather_dag' retrieved from /opt/airflow/dags/04_parallel_weather.py
[2026-08-24T07:56:09.178+0000] {logging_mixin.py:190} INFO - [2026-08-24T07:56:09.177+0000] {dag.py:3239} INFO - Sync 1 DAGs
[2026-08-24T07:56:09.204+0000] {logging_mixin.py:190} INFO - [2026-08-24T07:56:09.203+0000] {dag.py:4180} INFO - Setting next_dagrun for parallel_weather_dag to None, run_after=None
[2026-08-24T07:56:09.239+0000] {processor.py:208} INFO - Processing /opt/airflow/dags/04_parallel_weather.py took 0.158 seconds
[2026-08-24T07:56:39.795+0000] {processor.py:186} INFO - Started process (PID=558) to work on /opt/airflow/dags/04_parallel_weather.py
[2026-08-24T07:56:39.803+0000] {processor.py:914} INFO - Processing file /opt/airflow/dags/04_parallel_weather.py for tasks to queue
[2026-08-24T07:56:39.811+0000] {logging_mixin.py:190} INFO - [2026-08-24T07:56:39.810+0000] {dagbag.py:588} INFO - Filling up the DagBag from /opt/airflow/dags/04_parallel_weather.py
[2026-08-24T07:56:39.884+0000] {processor.py:925} INFO - DAG(s) 'parallel_weather_dag' retrieved from /opt/airflow/dags/04_parallel_weather.py
[2026-08-24T07:56:40.022+0000] {logging_mixin.py:190} INFO - [2026-08-24T07:56:40.020+0000] {dag.py:3239} INFO - Sync 1 DAGs
[2026-08-24T07:56:40.088+0000] {logging_mixin.py:190} INFO - [2026-08-24T07:56:40.088+0000] {dag.py:4180} INFO - Setting next_dagrun for parallel_weather_dag to None, run_after=None
[2026-08-24T07:56:40.166+0000] {processor.py:208} INFO - Processing /opt/airflow/dags/04_parallel_weather.py took 0.391 seconds
[2026-08-24T07:57:10.359+0000] {processor.py:186} INFO - Started process (PID=569) to work on /opt/airflow/dags/04_parallel_weather.py
[2026-08-24T07:57:10.363+0000] {processor.py:914} INFO - Processing file /opt/airflow/dags/04_parallel_weather.py for tasks to queue
[2026-08-24T07:57:10.370+0000] {logging_mixin.py:190} INFO - [2026-08-24T07:57:10.369+0000] {dagbag.py:588} INFO - Filling up the DagBag from /opt/airflow/dags/04_parallel_weather.py
[2026-08-24T07:57:10.414+0000] {processor.py:925} INFO - DAG(s) 'parallel_weather_dag' retrieved from /opt/airflow/dags/04_parallel_weather.py
[2026-08-24T07:57:10.475+0000] {logging_mixin.py:190} INFO - [2026-08-24T07:57:10.475+0000] {dag.py:3239} INFO - Sync 1 DAGs
[2026-08-24T07:57:10.509+0000] {logging_mixin.py:190} INFO - [2026-08-24T07:57:10.508+0000] {dag.py:4180} INFO - Setting next_dagrun for parallel_weather_dag to None, run_after=None
[2026-08-24T07:57:10.549+0000] {processor.py:208} INFO - Processing /opt/airflow/dags/04_parallel_weather.py took 0.205 seconds
[2026-08-24T07:57:40.757+0000] {processor.py:186} INFO - Started process (PID=580) to work on /opt/airflow/dags/04_parallel_weather.py
[2026-08-24T07:57:40.759+0000] {processor.py:914} INFO - Processing file /opt/airflow/dags/04_parallel_weather.py for tasks to queue
[2026-08-24T07:57:40.765+0000] {logging_mixin.py:190} INFO - [2026-08-24T07:57:40.764+0000] {dagbag.py:588} INFO - Filling up the DagBag from /opt/airflow/dags/04_parallel_weather.py
[2026-08-24T07:57:40.836+0000] {processor.py:925} INFO - DAG(s) 'parallel_weather_dag' retrieved from /opt/airflow/dags/04_parallel_weather.py
[2026-08-24T07:57:40.923+0000] {logging_mixin.py:190} INFO - [2026-08-24T07:57:40.923+0000] {dag.py:3239} INFO - Sync 1 DAGs
[2026-08-24T07:57:40.959+0000] {logging_mixin.py:190} INFO - [2026-08-24T07:57:40.959+0000] {dag.py:4180} INFO - Setting next_dagrun for parallel_weather_dag to None, run_after=None
[2026-08-24T07:57:41.000+0000] {processor.py:208} INFO - Processing /opt/airflow/dags/04_parallel_weather.py took 0.257 seconds
[2026-08-24T07:58:11.872+0000] {processor.py:186} INFO - Started process (PID=591) to work on /opt/airflow/dags/04_parallel_weather.py
[2026-08-24T07:58:11.875+0000] {processor.py:914} INFO - Processing file /opt/airflow/dags/04_parallel_weather.py for tasks to queue
[2026-08-24T07:58:11.880+0000] {logging_mixin.py:190} INFO - [2026-08-24T07:58:11.879+0000] {dagbag.py:588} INFO - Filling up the DagBag from /opt/airflow/dags/04_parallel_weather.py
[2026-08-24T07:58:11.920+0000] {processor.py:925} INFO - DAG(s) 'parallel_weather_dag' retrieved from /opt/airflow/dags/04_parallel_weather.py
[2026-08-24T07:58:11.989+0000] {logging_mixin.py:190} INFO - [2026-08-24T07:58:11.989+0000] {dag.py:3239} INFO - Sync 1 DAGs
[2026-08-24T07:58:12.018+0000] {logging_mixin.py:190} INFO - [2026-08-24T07:58:12.018+0000] {dag.py:4180} INFO - Setting next_dagrun for parallel_weather_dag to None, run_after=None
[2026-08-24T07:58:12.064+0000] {processor.py:208} INFO - Processing /opt/airflow/dags/04_parallel_weather.py took 0.205 seconds
[2026-08-24T07:58:42.683+0000] {processor.py:186} INFO - Started process (PID=601) to work on /opt/airflow/dags/04_parallel_weather.py
[2026-08-24T07:58:42.685+0000] {processor.py:914} INFO - Processing file /opt/airflow/dags/04_parallel_weather.py for tasks to queue
[2026-08-24T07:58:42.691+0000] {logging_mixin.py:190} INFO - [2026-08-24T07:58:42.690+0000] {dagbag.py:588} INFO - Filling up the DagBag from /opt/airflow/dags/04_parallel_weather.py
[2026-08-24T07:58:42.737+0000] {processor.py:925} INFO - DAG(s) 'parallel_weather_dag' retrieved from /opt/airflow/dags/04_parallel_weather.py
[2026-08-24T07:58:42.798+0000] {logging_mixin.py:190} INFO - [2026-08-24T07:58:42.798+0000] {dag.py:3239} INFO - Sync 1 DAGs
[2026-08-24T07:58:42.837+0000] {logging_mixin.py:190} INFO - [2026-08-24T07:58:42.836+0000] {dag.py:4180} INFO - Setting next_dagrun for parallel_weather_dag to None, run_after=None
[2026-08-24T07:58:42.878+0000] {processor.py:208} INFO - Processing /opt/airflow/dags/04_parallel_weather.py took 0.210 seconds
[2026-08-24T07:59:13.155+0000] {processor.py:186} INFO - Started process (PID=612) to work on /opt/airflow/dags/04_parallel_weather.py
[2026-08-24T07:59:13.157+0000] {processor.py:914} INFO - Processing file /opt/airflow/dags/04_parallel_weather.py for tasks to queue
[2026-08-24T07:59:13.162+0000] {logging_mixin.py:190} INFO - [2026-08-24T07:59:13.162+0000] {dagbag.py:588} INFO - Filling up the DagBag from /opt/airflow/dags/04_parallel_weather.py
[2026-08-24T07:59:13.205+0000] {processor.py:925} INFO - DAG(s) 'parallel_weather_dag' retrieved from /opt/airflow/dags/04_parallel_weather.py
[2026-08-24T07:59:13.267+0000] {logging_mixin.py:190} INFO - [2026-08-24T07:59:13.267+0000] {dag.py:3239} INFO - Sync 1 DAGs
[2026-08-24T07:59:13.301+0000] {logging_mixin.py:190} INFO - [2026-08-24T07:59:13.300+0000] {dag.py:4180} INFO - Setting next_dagrun for parallel_weather_dag to None, run_after=None
[2026-08-24T07:59:13.343+0000] {processor.py:208} INFO - Processing /opt/airflow/dags/04_parallel_weather.py took 0.201 seconds
[2026-08-24T07:59:43.574+0000] {processor.py:186} INFO - Started process (PID=623) to work on /opt/airflow/dags/04_parallel_weather.py
[2026-08-24T07:59:43.580+0000] {processor.py:914} INFO - Processing file /opt/airflow/dags/04_parallel_weather.py for tasks to queue
[2026-08-24T07:59:43.588+0000] {logging_mixin.py:190} INFO - [2026-08-24T07:59:43.587+0000] {dagbag.py:588} INFO - Filling up the DagBag from /opt/airflow/dags/04_parallel_weather.py
[2026-08-24T07:59:43.779+0000] {processor.py:925} INFO - DAG(s) 'parallel_weather_dag' retrieved from /opt/airflow/dags/04_parallel_weather.py
[2026-08-24T07:59:43.922+0000] {logging_mixin.py:190} INFO - [2026-08-24T07:59:43.921+0000] {dag.py:3239} INFO - Sync 1 DAGs
[2026-08-24T07:59:43.992+0000] {logging_mixin.py:190} INFO - [2026-08-24T07:59:43.992+0000] {dag.py:4180} INFO - Setting next_dagrun for parallel_weather_dag to None, run_after=None
[2026-08-24T07:59:44.145+0000] {processor.py:208} INFO - Processing /opt/airflow/dags/04_parallel_weather.py took 0.600 seconds
[2026-08-24T08:00:14.461+0000] {processor.py:186} INFO - Started process (PID=634) to work on /opt/airflow/dags/04_parallel_weather.py
[2026-08-24T08:00:14.464+0000] {processor.py:914} INFO - Processing file /opt/airflow/dags/04_parallel_weather.py for tasks to queue
[2026-08-24T08:00:14.472+0000] {logging_mixin.py:190} INFO - [2026-08-24T08:00:14.471+0000] {dagbag.py:588} INFO - Filling up the DagBag from /opt/airflow/dags/04_parallel_weather.py
[2026-08-24T08:00:14.565+0000] {processor.py:925} INFO - DAG(s) 'parallel_weather_dag' retrieved from /opt/airflow/dags/04_parallel_weather.py
[2026-08-24T08:00:14.673+0000] {logging_mixin.py:190} INFO - [2026-08-24T08:00:14.673+0000] {dag.py:3239} INFO - Sync 1 DAGs
[2026-08-24T08:00:14.725+0000] {logging_mixin.py:190} INFO - [2026-08-24T08:00:14.724+0000] {dag.py:4180} INFO - Setting next_dagrun for parallel_weather_dag to None, run_after=None
[2026-08-24T08:00:14.785+0000] {processor.py:208} INFO - Processing /opt/airflow/dags/04_parallel_weather.py took 0.343 seconds
[2026-08-24T08:00:45.050+0000] {processor.py:186} INFO - Started process (PID=645) to work on /opt/airflow/dags/04_parallel_weather.py
[2026-08-24T08:00:45.053+0000] {processor.py:914} INFO - Processing file /opt/airflow/dags/04_parallel_weather.py for tasks to queue
[2026-08-24T08:00:45.061+0000] {logging_mixin.py:190} INFO - [2026-08-24T08:00:45.060+0000] {dagbag.py:588} INFO - Filling up the DagBag from /opt/airflow/dags/04_parallel_weather.py
[2026-08-24T08:00:45.126+0000] {processor.py:925} INFO - DAG(s) 'parallel_weather_dag' retrieved from /opt/airflow/dags/04_parallel_weather.py
[2026-08-24T08:00:45.227+0000] {logging_mixin.py:190} INFO - [2026-08-24T08:00:45.226+0000] {dag.py:3239} INFO - Sync 1 DAGs
[2026-08-24T08:00:45.280+0000] {logging_mixin.py:190} INFO - [2026-08-24T08:00:45.280+0000] {dag.py:4180} INFO - Setting next_dagrun for parallel_weather_dag to None, run_after=None
[2026-08-24T08:00:45.355+0000] {processor.py:208} INFO - Processing /opt/airflow/dags/04_parallel_weather.py took 0.325 seconds
[2026-08-24T08:01:15.779+0000] {processor.py:186} INFO - Started process (PID=655) to work on /opt/airflow/dags/04_parallel_weather.py
[2026-08-24T08:01:15.784+0000] {processor.py:914} INFO - Processing file /opt/airflow/dags/04_parallel_weather.py for tasks to queue
[2026-08-24T08:01:15.792+0000] {logging_mixin.py:190} INFO - [2026-08-24T08:01:15.791+0000] {dagbag.py:588} INFO - Filling up the DagBag from /opt/airflow/dags/04_parallel_weather.py
[2026-08-24T08:01:15.850+0000] {processor.py:925} INFO - DAG(s) 'parallel_weather_dag' retrieved from /opt/airflow/dags/04_parallel_weather.py
[2026-08-24T08:01:15.949+0000] {logging_mixin.py:190} INFO - [2026-08-24T08:01:15.948+0000] {dag.py:3239} INFO - Sync 1 DAGs
[2026-08-24T08:01:16.012+0000] {logging_mixin.py:190} INFO - [2026-08-24T08:01:16.011+0000] {dag.py:4180} INFO - Setting next_dagrun for parallel_weather_dag to None, run_after=None
[2026-08-24T08:01:16.078+0000] {processor.py:208} INFO - Processing /opt/airflow/dags/04_parallel_weather.py took 0.322 seconds
[2026-08-24T08:01:46.588+0000] {processor.py:186} INFO - Started process (PID=666) to work on /opt/airflow/dags/04_parallel_weather.py
[2026-08-24T08:01:46.592+0000] {processor.py:914} INFO - Processing file /opt/airflow/dags/04_parallel_weather.py for tasks to queue
[2026-08-24T08:01:46.603+0000] {logging_mixin.py:190} INFO - [2026-08-24T08:01:46.601+0000] {dagbag.py:588} INFO - Filling up the DagBag from /opt/airflow/dags/04_parallel_weather.py
[2026-08-24T08:01:46.674+0000] {processor.py:925} INFO - DAG(s) 'parallel_weather_dag' retrieved from /opt/airflow/dags/04_parallel_weather.py
[2026-08-24T08:01:46.817+0000] {logging_mixin.py:190} INFO - [2026-08-24T08:01:46.816+0000] {dag.py:3239} INFO - Sync 1 DAGs
[2026-08-24T08:01:46.899+0000] {logging_mixin.py:190} INFO - [2026-08-24T08:01:46.899+0000] {dag.py:4180} INFO - Setting next_dagrun for parallel_weather_dag to None, run_after=None
[2026-08-24T08:01:46.973+0000] {processor.py:208} INFO - Processing /opt/airflow/dags/04_parallel_weather.py took 0.412 seconds
[2026-08-24T08:02:17.179+0000] {processor.py:186} INFO - Started process (PID=677) to work on /opt/airflow/dags/04_parallel_weather.py
[2026-08-24T08:02:17.185+0000] {processor.py:914} INFO - Processing file /opt/airflow/dags/04_parallel_weather.py for tasks to queue
[2026-08-24T08:02:17.194+0000] {logging_mixin.py:190} INFO - [2026-08-24T08:02:17.193+0000] {dagbag.py:588} INFO - Filling up the DagBag from /opt/airflow/dags/04_parallel_weather.py
[2026-08-24T08:02:17.266+0000] {processor.py:925} INFO - DAG(s) 'parallel_weather_dag' retrieved from /opt/airflow/dags/04_parallel_weather.py
[2026-08-24T08:02:17.431+0000] {logging_mixin.py:190} INFO - [2026-08-24T08:02:17.431+0000] {dag.py:3239} INFO - Sync 1 DAGs
[2026-08-24T08:02:17.476+0000] {logging_mixin.py:190} INFO - [2026-08-24T08:02:17.475+0000] {dag.py:4180} INFO - Setting next_dagrun for parallel_weather_dag to None, run_after=None
[2026-08-24T08:02:17.516+0000] {processor.py:208} INFO - Processing /opt/airflow/dags/04_parallel_weather.py took 0.357 seconds
[2026-08-24T08:02:48.135+0000] {processor.py:186} INFO - Started process (PID=688) to work on /opt/airflow/dags/04_parallel_weather.py
[2026-08-24T08:02:48.138+0000] {processor.py:914} INFO - Processing file /opt/airflow/dags/04_parallel_weather.py for tasks to queue
[2026-08-24T08:02:48.148+0000] {logging_mixin.py:190} INFO - [2026-08-24T08:02:48.145+0000] {dagbag.py:588} INFO - Filling up the DagBag from /opt/airflow/dags/04_parallel_weather.py
[2026-08-24T08:02:48.228+0000] {processor.py:925} INFO - DAG(s) 'parallel_weather_dag' retrieved from /opt/airflow/dags/04_parallel_weather.py
[2026-08-24T08:02:48.372+0000] {logging_mixin.py:190} INFO - [2026-08-24T08:02:48.371+0000] {dag.py:3239} INFO - Sync 1 DAGs
[2026-08-24T08:02:48.462+0000] {logging_mixin.py:190} INFO - [2026-08-24T08:02:48.462+0000] {dag.py:4180} INFO - Setting next_dagrun for parallel_weather_dag to None, run_after=None
[2026-08-24T08:02:48.550+0000] {processor.py:208} INFO - Processing /opt/airflow/dags/04_parallel_weather.py took 0.453 seconds
[2026-08-24T08:03:18.915+0000] {processor.py:186} INFO - Started process (PID=699) to work on /opt/airflow/dags/04_parallel_weather.py
[2026-08-24T08:03:18.918+0000] {processor.py:914} INFO - Processing file /opt/airflow/dags/04_parallel_weather.py for tasks to queue
[2026-08-24T08:03:18.926+0000] {logging_mixin.py:190} INFO - [2026-08-24T08:03:18.925+0000] {dagbag.py:588} INFO - Filling up the DagBag from /opt/airflow/dags/04_parallel_weather.py
[2026-08-24T08:03:19.042+0000] {processor.py:925} INFO - DAG(s) 'parallel_weather_dag' retrieved from /opt/airflow/dags/04_parallel_weather.py
[2026-08-24T08:03:19.184+0000] {logging_mixin.py:190} INFO - [2026-08-24T08:03:19.183+0000] {dag.py:3239} INFO - Sync 1 DAGs
[2026-08-24T08:03:19.245+0000] {logging_mixin.py:190} INFO - [2026-08-24T08:03:19.243+0000] {dag.py:4180} INFO - Setting next_dagrun for parallel_weather_dag to None, run_after=None
[2026-08-24T08:03:19.302+0000] {processor.py:208} INFO - Processing /opt/airflow/dags/04_parallel_weather.py took 0.409 seconds
[2026-08-24T08:03:49.686+0000] {processor.py:186} INFO - Started process (PID=711) to work on /opt/airflow/dags/04_parallel_weather.py
[2026-08-24T08:03:49.689+0000] {processor.py:914} INFO - Processing file /opt/airflow/dags/04_parallel_weather.py for tasks to queue
[2026-08-24T08:03:49.699+0000] {logging_mixin.py:190} INFO - [2026-08-24T08:03:49.697+0000] {dagbag.py:588} INFO - Filling up the DagBag from /opt/airflow/dags/04_parallel_weather.py
[2026-08-24T08:03:49.771+0000] {processor.py:925} INFO - DAG(s) 'parallel_weather_dag' retrieved from /opt/airflow/dags/04_parallel_weather.py
[2026-08-24T08:03:49.858+0000] {logging_mixin.py:190} INFO - [2026-08-24T08:03:49.858+0000] {dag.py:3239} INFO - Sync 1 DAGs
[2026-08-24T08:03:49.914+0000] {logging_mixin.py:190} INFO - [2026-08-24T08:03:49.914+0000] {dag.py:4180} INFO - Setting next_dagrun for parallel_weather_dag to None, run_after=None
[2026-08-24T08:03:49.973+0000] {processor.py:208} INFO - Processing /opt/airflow/dags/04_parallel_weather.py took 0.306 seconds
[2026-08-24T08:04:20.126+0000] {processor.py:186} INFO - Started process (PID=722) to work on /opt/airflow/dags/04_parallel_weather.py
[2026-08-24T08:04:20.129+0000] {processor.py:914} INFO - Processing file /opt/airflow/dags/04_parallel_weather.py for tasks to queue
[2026-08-24T08:04:20.135+0000] {logging_mixin.py:190} INFO - [2026-08-24T08:04:20.134+0000] {dagbag.py:588} INFO - Filling up the DagBag from /opt/airflow/dags/04_parallel_weather.py
[2026-08-24T08:04:20.178+0000] {processor.py:925} INFO - DAG(s) 'parallel_weather_dag' retrieved from /opt/airflow/dags/04_parallel_weather.py
[2026-08-24T08:04:20.241+0000] {logging_mixin.py:190} INFO - [2026-08-24T08:04:20.240+0000] {dag.py:3239} INFO - Sync 1 DAGs
[2026-08-24T08:04:20.277+0000] {logging_mixin.py:190} INFO - [2026-08-24T08:04:20.277+0000] {dag.py:4180} INFO - Setting next_dagrun for parallel_weather_dag to None, run_after=None
[2026-08-24T08:04:20.321+0000] {processor.py:208} INFO - Processing /opt/airflow/dags/04_parallel_weather.py took 0.206 seconds
[2026-08-24T08:04:51.271+0000] {processor.py:186} INFO - Started process (PID=734) to work on /opt/airflow/dags/04_parallel_weather.py
[2026-08-24T08:04:51.274+0000] {processor.py:914} INFO - Processing file /opt/airflow/dags/04_parallel_weather.py for tasks to queue
[2026-08-24T08:04:51.283+0000] {logging_mixin.py:190} INFO - [2026-08-24T08:04:51.282+0000] {dagbag.py:588} INFO - Filling up the DagBag from /opt/airflow/dags/04_parallel_weather.py
[2026-08-24T08:04:51.337+0000] {processor.py:925} INFO - DAG(s) 'parallel_weather_dag' retrieved from /opt/airflow/dags/04_parallel_weather.py
[2026-08-24T08:04:51.402+0000] {logging_mixin.py:190} INFO - [2026-08-24T08:04:51.401+0000] {dag.py:3239} INFO - Sync 1 DAGs
[2026-08-24T08:04:51.437+0000] {logging_mixin.py:190} INFO - [2026-08-24T08:04:51.436+0000] {dag.py:4180} INFO - Setting next_dagrun for parallel_weather_dag to None, run_after=None
[2026-08-24T08:04:51.476+0000] {processor.py:208} INFO - Processing /opt/airflow/dags/04_parallel_weather.py took 0.225 seconds
[2026-08-24T08:05:21.652+0000] {processor.py:186} INFO - Started process (PID=745) to work on /opt/airflow/dags/04_parallel_weather.py
[2026-08-24T08:05:21.655+0000] {processor.py:914} INFO - Processing file /opt/airflow/dags/04_parallel_weather.py for tasks to queue
[2026-08-24T08:05:21.665+0000] {logging_mixin.py:190} INFO - [2026-08-24T08:05:21.664+0000] {dagbag.py:588} INFO - Filling up the DagBag from /opt/airflow/dags/04_parallel_weather.py
[2026-08-24T08:05:21.713+0000] {processor.py:925} INFO - DAG(s) 'parallel_weather_dag' retrieved from /opt/airflow/dags/04_parallel_weather.py
[2026-08-24T08:05:21.779+0000] {logging_mixin.py:190} INFO - [2026-08-24T08:05:21.779+0000] {dag.py:3239} INFO - Sync 1 DAGs
[2026-08-24T08:05:21.812+0000] {logging_mixin.py:190} INFO - [2026-08-24T08:05:21.811+0000] {dag.py:4180} INFO - Setting next_dagrun for parallel_weather_dag to None, run_after=None
[2026-08-24T08:05:21.855+0000] {processor.py:208} INFO - Processing /opt/airflow/dags/04_parallel_weather.py took 0.224 seconds
[2026-08-24T08:05:52.003+0000] {processor.py:186} INFO - Started process (PID=757) to work on /opt/airflow/dags/04_parallel_weather.py
[2026-08-24T08:05:52.007+0000] {processor.py:914} INFO - Processing file /opt/airflow/dags/04_parallel_weather.py for tasks to queue
[2026-08-24T08:05:52.015+0000] {logging_mixin.py:190} INFO - [2026-08-24T08:05:52.014+0000] {dagbag.py:588} INFO - Filling up the DagBag from /opt/airflow/dags/04_parallel_weather.py
[2026-08-24T08:05:52.063+0000] {processor.py:925} INFO - DAG(s) 'parallel_weather_dag' retrieved from /opt/airflow/dags/04_parallel_weather.py
[2026-08-24T08:05:52.129+0000] {logging_mixin.py:190} INFO - [2026-08-24T08:05:52.128+0000] {dag.py:3239} INFO - Sync 1 DAGs
[2026-08-24T08:05:52.163+0000] {logging_mixin.py:190} INFO - [2026-08-24T08:05:52.163+0000] {dag.py:4180} INFO - Setting next_dagrun for parallel_weather_dag to None, run_after=None
[2026-08-24T08:05:52.210+0000] {processor.py:208} INFO - Processing /opt/airflow/dags/04_parallel_weather.py took 0.225 seconds
[2026-08-24T08:06:22.417+0000] {processor.py:186} INFO - Started process (PID=768) to work on /opt/airflow/dags/04_parallel_weather.py
[2026-08-24T08:06:22.422+0000] {processor.py:914} INFO - Processing file /opt/airflow/dags/04_parallel_weather.py for tasks to queue
[2026-08-24T08:06:22.428+0000] {logging_mixin.py:190} INFO - [2026-08-24T08:06:22.427+0000] {dagbag.py:588} INFO - Filling up the DagBag from /opt/airflow/dags/04_parallel_weather.py
[2026-08-24T08:06:22.488+0000] {processor.py:925} INFO - DAG(s) 'parallel_weather_dag' retrieved from /opt/airflow/dags/04_parallel_weather.py
[2026-08-24T08:06:22.601+0000] {logging_mixin.py:190} INFO - [2026-08-24T08:06:22.600+0000] {dag.py:3239} INFO - Sync 1 DAGs
[2026-08-24T08:06:22.660+0000] {logging_mixin.py:190} INFO - [2026-08-24T08:06:22.660+0000] {dag.py:4180} INFO - Setting next_dagrun for parallel_weather_dag to None, run_after=None
[2026-08-24T08:06:22.724+0000] {processor.py:208} INFO - Processing /opt/airflow/dags/04_parallel_weather.py took 0.336 seconds
[2026-08-24T08:06:52.897+0000] {processor.py:186} INFO - Started process (PID=779) to work on /opt/airflow/dags/04_parallel_weather.py
[2026-08-24T08:06:52.900+0000] {processor.py:914} INFO - Processing file /opt/airflow/dags/04_parallel_weather.py for tasks to queue
[2026-08-24T08:06:52.905+0000] {logging_mixin.py:190} INFO - [2026-08-24T08:06:52.905+0000] {dagbag.py:588} INFO - Filling up the DagBag from /opt/airflow/dags/04_parallel_weather.py
[2026-08-24T08:06:52.959+0000] {processor.py:925} INFO - DAG(s) 'parallel_weather_dag' retrieved from /opt/airflow/dags/04_parallel_weather.py
[2026-08-24T08:06:53.049+0000] {logging_mixin.py:190} INFO - [2026-08-24T08:06:53.049+0000] {dag.py:3239} INFO - Sync 1 DAGs
[2026-08-24T08:06:53.091+0000] {logging_mixin.py:190} INFO - [2026-08-24T08:06:53.091+0000] {dag.py:4180} INFO - Setting next_dagrun for parallel_weather_dag to None, run_after=None
[2026-08-24T08:06:53.143+0000] {processor.py:208} INFO - Processing /opt/airflow/dags/04_parallel_weather.py took 0.258 seconds
[2026-08-24T08:07:23.230+0000] {processor.py:186} INFO - Started process (PID=789) to work on /opt/airflow/dags/04_parallel_weather.py
[2026-08-24T08:07:23.232+0000] {processor.py:914} INFO - Processing file /opt/airflow/dags/04_parallel_weather.py for tasks to queue
[2026-08-24T08:07:23.236+0000] {logging_mixin.py:190} INFO - [2026-08-24T08:07:23.236+0000] {dagbag.py:588} INFO - Filling up the DagBag from /opt/airflow/dags/04_parallel_weather.py
[2026-08-24T08:07:23.269+0000] {processor.py:925} INFO - DAG(s) 'parallel_weather_dag' retrieved from /opt/airflow/dags/04_parallel_weather.py
[2026-08-24T08:07:23.314+0000] {logging_mixin.py:190} INFO - [2026-08-24T08:07:23.314+0000] {dag.py:3239} INFO - Sync 1 DAGs
[2026-08-24T08:07:23.336+0000] {logging_mixin.py:190} INFO - [2026-08-24T08:07:23.336+0000] {dag.py:4180} INFO - Setting next_dagrun for parallel_weather_dag to None, run_after=None
[2026-08-24T08:07:23.366+0000] {processor.py:208} INFO - Processing /opt/airflow/dags/04_parallel_weather.py took 0.145 seconds
