[2026-08-24T07:35:23.667+0000] {processor.py:186} INFO - Started process (PID=89) to work on /opt/airflow/dags/05_etl_weather_postgres.py
[2026-08-24T07:35:23.675+0000] {processor.py:914} INFO - Processing file /opt/airflow/dags/05_etl_weather_postgres.py for tasks to queue
[2026-08-24T07:35:23.686+0000] {logging_mixin.py:190} INFO - [2026-08-24T07:35:23.685+0000] {dagbag.py:588} INFO - Filling up the DagBag from /opt/airflow/dags/05_etl_weather_postgres.py
[2026-08-24T07:35:24.016+0000] {processor.py:925} INFO - DAG(s) 'etl_weather_postgres_dag' retrieved from /opt/airflow/dags/05_etl_weather_postgres.py
[2026-08-24T07:35:25.198+0000] {logging_mixin.py:190} INFO - [2026-08-24T07:35:25.197+0000] {override.py:1911} INFO - Created Permission View: can read on DAG:etl_weather_postgres_dag
[2026-08-24T07:35:25.233+0000] {logging_mixin.py:190} INFO - [2026-08-24T07:35:25.232+0000] {override.py:1911} INFO - Created Permission View: can edit on DAG:etl_weather_postgres_dag
[2026-08-24T07:35:25.261+0000] {logging_mixin.py:190} INFO - [2026-08-24T07:35:25.261+0000] {override.py:1911} INFO - Created Permission View: can delete on DAG:etl_weather_postgres_dag
[2026-08-24T07:35:25.287+0000] {logging_mixin.py:190} INFO - [2026-08-24T07:35:25.286+0000] {override.py:1911} INFO - Created Permission View: can read on DAG Run:etl_weather_postgres_dag
[2026-08-24T07:35:25.314+0000] {logging_mixin.py:190} INFO - [2026-08-24T07:35:25.314+0000] {override.py:1911} INFO - Created Permission View: menu access on DAG Run:etl_weather_postgres_dag
[2026-08-24T07:35:25.332+0000] {logging_mixin.py:190} INFO - [2026-08-24T07:35:25.332+0000] {override.py:1911} INFO - Created Permission View: can create on DAG Run:etl_weather_postgres_dag
[2026-08-24T07:35:25.352+0000] {logging_mixin.py:190} INFO - [2026-08-24T07:35:25.352+0000] {override.py:1911} INFO - Created Permission View: can delete on DAG Run:etl_weather_postgres_dag
[2026-08-24T07:35:25.355+0000] {logging_mixin.py:190} INFO - [2026-08-24T07:35:25.354+0000] {dag.py:3239} INFO - Sync 1 DAGs
[2026-08-24T07:35:25.946+0000] {logging_mixin.py:190} INFO - [2026-08-24T07:35:25.946+0000] {dag.py:3262} INFO - Creating ORM DAG for etl_weather_postgres_dag
[2026-08-24T07:35:25.950+0000] {logging_mixin.py:190} INFO - [2026-08-24T07:35:25.950+0000] {dag.py:4180} INFO - Setting next_dagrun for etl_weather_postgres_dag to None, run_after=None
[2026-08-24T07:35:26.008+0000] {processor.py:208} INFO - Processing /opt/airflow/dags/05_etl_weather_postgres.py took 2.421 seconds
[2026-08-24T07:35:56.393+0000] {processor.py:186} INFO - Started process (PID=99) to work on /opt/airflow/dags/05_etl_weather_postgres.py
[2026-08-24T07:35:56.396+0000] {processor.py:914} INFO - Processing file /opt/airflow/dags/05_etl_weather_postgres.py for tasks to queue
[2026-08-24T07:35:56.412+0000] {logging_mixin.py:190} INFO - [2026-08-24T07:35:56.411+0000] {dagbag.py:588} INFO - Filling up the DagBag from /opt/airflow/dags/05_etl_weather_postgres.py
[2026-08-24T07:35:56.506+0000] {processor.py:925} INFO - DAG(s) 'etl_weather_postgres_dag' retrieved from /opt/airflow/dags/05_etl_weather_postgres.py
[2026-08-24T07:35:56.634+0000] {logging_mixin.py:190} INFO - [2026-08-24T07:35:56.634+0000] {dag.py:3239} INFO - Sync 1 DAGs
[2026-08-24T07:35:56.697+0000] {logging_mixin.py:190} INFO - [2026-08-24T07:35:56.697+0000] {dag.py:4180} INFO - Setting next_dagrun for etl_weather_postgres_dag to None, run_after=None
[2026-08-24T07:35:56.771+0000] {processor.py:208} INFO - Processing /opt/airflow/dags/05_etl_weather_postgres.py took 0.412 seconds
[2026-08-24T07:36:27.434+0000] {processor.py:186} INFO - Started process (PID=110) to work on /opt/airflow/dags/05_etl_weather_postgres.py
[2026-08-24T07:36:27.436+0000] {processor.py:914} INFO - Processing file /opt/airflow/dags/05_etl_weather_postgres.py for tasks to queue
[2026-08-24T07:36:27.442+0000] {logging_mixin.py:190} INFO - [2026-08-24T07:36:27.441+0000] {dagbag.py:588} INFO - Filling up the DagBag from /opt/airflow/dags/05_etl_weather_postgres.py
[2026-08-24T07:36:27.493+0000] {processor.py:925} INFO - DAG(s) 'etl_weather_postgres_dag' retrieved from /opt/airflow/dags/05_etl_weather_postgres.py
[2026-08-24T07:36:27.591+0000] {logging_mixin.py:190} INFO - [2026-08-24T07:36:27.591+0000] {dag.py:3239} INFO - Sync 1 DAGs
[2026-08-24T07:36:27.661+0000] {logging_mixin.py:190} INFO - [2026-08-24T07:36:27.660+0000] {dag.py:4180} INFO - Setting next_dagrun for etl_weather_postgres_dag to None, run_after=None
[2026-08-24T07:36:27.778+0000] {processor.py:208} INFO - Processing /opt/airflow/dags/05_etl_weather_postgres.py took 0.358 seconds
[2026-08-24T07:36:58.049+0000] {processor.py:186} INFO - Started process (PID=121) to work on /opt/airflow/dags/05_etl_weather_postgres.py
[2026-08-24T07:36:58.060+0000] {processor.py:914} INFO - Processing file /opt/airflow/dags/05_etl_weather_postgres.py for tasks to queue
[2026-08-24T07:36:58.075+0000] {logging_mixin.py:190} INFO - [2026-08-24T07:36:58.074+0000] {dagbag.py:588} INFO - Filling up the DagBag from /opt/airflow/dags/05_etl_weather_postgres.py
[2026-08-24T07:36:58.187+0000] {processor.py:925} INFO - DAG(s) 'etl_weather_postgres_dag' retrieved from /opt/airflow/dags/05_etl_weather_postgres.py
[2026-08-24T07:36:58.270+0000] {logging_mixin.py:190} INFO - [2026-08-24T07:36:58.269+0000] {dag.py:3239} INFO - Sync 1 DAGs
[2026-08-24T07:36:58.302+0000] {logging_mixin.py:190} INFO - [2026-08-24T07:36:58.301+0000] {dag.py:4180} INFO - Setting next_dagrun for etl_weather_postgres_dag to None, run_after=None
[2026-08-24T07:36:58.346+0000] {processor.py:208} INFO - Processing /opt/airflow/dags/05_etl_weather_postgres.py took 0.342 seconds
[2026-08-24T07:37:28.895+0000] {processor.py:186} INFO - Started process (PID=132) to work on /opt/airflow/dags/05_etl_weather_postgres.py
[2026-08-24T07:37:28.898+0000] {processor.py:914} INFO - Processing file /opt/airflow/dags/05_etl_weather_postgres.py for tasks to queue
[2026-08-24T07:37:28.905+0000] {logging_mixin.py:190} INFO - [2026-08-24T07:37:28.904+0000] {dagbag.py:588} INFO - Filling up the DagBag from /opt/airflow/dags/05_etl_weather_postgres.py
[2026-08-24T07:37:28.978+0000] {processor.py:925} INFO - DAG(s) 'etl_weather_postgres_dag' retrieved from /opt/airflow/dags/05_etl_weather_postgres.py
[2026-08-24T07:37:29.073+0000] {logging_mixin.py:190} INFO - [2026-08-24T07:37:29.072+0000] {dag.py:3239} INFO - Sync 1 DAGs
[2026-08-24T07:37:29.510+0000] {logging_mixin.py:190} INFO - [2026-08-24T07:37:29.510+0000] {dag.py:4180} INFO - Setting next_dagrun for etl_weather_postgres_dag to None, run_after=None
[2026-08-24T07:37:29.558+0000] {processor.py:208} INFO - Processing /opt/airflow/dags/05_etl_weather_postgres.py took 0.687 seconds
[2026-08-24T07:38:00.244+0000] {processor.py:186} INFO - Started process (PID=144) to work on /opt/airflow/dags/05_etl_weather_postgres.py
[2026-08-24T07:38:00.290+0000] {processor.py:914} INFO - Processing file /opt/airflow/dags/05_etl_weather_postgres.py for tasks to queue
[2026-08-24T07:38:00.304+0000] {logging_mixin.py:190} INFO - [2026-08-24T07:38:00.303+0000] {dagbag.py:588} INFO - Filling up the DagBag from /opt/airflow/dags/05_etl_weather_postgres.py
[2026-08-24T07:38:00.419+0000] {processor.py:925} INFO - DAG(s) 'etl_weather_postgres_dag' retrieved from /opt/airflow/dags/05_etl_weather_postgres.py
[2026-08-24T07:38:01.436+0000] {logging_mixin.py:190} INFO - [2026-08-24T07:38:01.435+0000] {dag.py:3239} INFO - Sync 1 DAGs
[2026-08-24T07:38:01.502+0000] {logging_mixin.py:190} INFO - [2026-08-24T07:38:01.495+0000] {dag.py:4180} INFO - Setting next_dagrun for etl_weather_postgres_dag to None, run_after=None
[2026-08-24T07:38:01.593+0000] {processor.py:208} INFO - Processing /opt/airflow/dags/05_etl_weather_postgres.py took 1.374 seconds
[2026-08-24T07:38:32.116+0000] {processor.py:186} INFO - Started process (PID=155) to work on /opt/airflow/dags/05_etl_weather_postgres.py
[2026-08-24T07:38:32.134+0000] {processor.py:914} INFO - Processing file /opt/airflow/dags/05_etl_weather_postgres.py for tasks to queue
[2026-08-24T07:38:32.141+0000] {logging_mixin.py:190} INFO - [2026-08-24T07:38:32.141+0000] {dagbag.py:588} INFO - Filling up the DagBag from /opt/airflow/dags/05_etl_weather_postgres.py
[2026-08-24T07:38:32.338+0000] {processor.py:925} INFO - DAG(s) 'etl_weather_postgres_dag' retrieved from /opt/airflow/dags/05_etl_weather_postgres.py
[2026-08-24T07:38:32.576+0000] {logging_mixin.py:190} INFO - [2026-08-24T07:38:32.576+0000] {dag.py:3239} INFO - Sync 1 DAGs
[2026-08-24T07:38:32.750+0000] {logging_mixin.py:190} INFO - [2026-08-24T07:38:32.749+0000] {dag.py:4180} INFO - Setting next_dagrun for etl_weather_postgres_dag to None, run_after=None
[2026-08-24T07:38:32.896+0000] {processor.py:208} INFO - Processing /opt/airflow/dags/05_etl_weather_postgres.py took 0.818 seconds
[2026-08-24T07:39:03.451+0000] {processor.py:186} INFO - Started process (PID=166) to work on /opt/airflow/dags/05_etl_weather_postgres.py
[2026-08-24T07:39:03.464+0000] {processor.py:914} INFO - Processing file /opt/airflow/dags/05_etl_weather_postgres.py for tasks to queue
[2026-08-24T07:39:03.471+0000] {logging_mixin.py:190} INFO - [2026-08-24T07:39:03.470+0000] {dagbag.py:588} INFO - Filling up the DagBag from /opt/airflow/dags/05_etl_weather_postgres.py
[2026-08-24T07:39:03.554+0000] {processor.py:925} INFO - DAG(s) 'etl_weather_postgres_dag' retrieved from /opt/airflow/dags/05_etl_weather_postgres.py
[2026-08-24T07:39:03.714+0000] {logging_mixin.py:190} INFO - [2026-08-24T07:39:03.712+0000] {dag.py:3239} INFO - Sync 1 DAGs
[2026-08-24T07:39:03.810+0000] {logging_mixin.py:190} INFO - [2026-08-24T07:39:03.807+0000] {dag.py:4180} INFO - Setting next_dagrun for etl_weather_postgres_dag to None, run_after=None
[2026-08-24T07:39:03.899+0000] {processor.py:208} INFO - Processing /opt/airflow/dags/05_etl_weather_postgres.py took 0.474 seconds
[2026-08-24T07:39:34.366+0000] {processor.py:186} INFO - Started process (PID=177) to work on /opt/airflow/dags/05_etl_weather_postgres.py
[2026-08-24T07:39:34.369+0000] {processor.py:914} INFO - Processing file /opt/airflow/dags/05_etl_weather_postgres.py for tasks to queue
[2026-08-24T07:39:34.385+0000] {logging_mixin.py:190} INFO - [2026-08-24T07:39:34.384+0000] {dagbag.py:588} INFO - Filling up the DagBag from /opt/airflow/dags/05_etl_weather_postgres.py
[2026-08-24T07:39:34.479+0000] {processor.py:925} INFO - DAG(s) 'etl_weather_postgres_dag' retrieved from /opt/airflow/dags/05_etl_weather_postgres.py
[2026-08-24T07:39:34.626+0000] {logging_mixin.py:190} INFO - [2026-08-24T07:39:34.625+0000] {dag.py:3239} INFO - Sync 1 DAGs
[2026-08-24T07:39:34.706+0000] {logging_mixin.py:190} INFO - [2026-08-24T07:39:34.705+0000] {dag.py:4180} INFO - Setting next_dagrun for etl_weather_postgres_dag to None, run_after=None
[2026-08-24T07:39:34.808+0000] {processor.py:208} INFO - Processing /opt/airflow/dags/05_etl_weather_postgres.py took 0.473 seconds
[2026-08-24T07:40:05.455+0000] {processor.py:186} INFO - Started process (PID=187) to work on /opt/airflow/dags/05_etl_weather_postgres.py
[2026-08-24T07:40:05.466+0000] {processor.py:914} INFO - Processing file /opt/airflow/dags/05_etl_weather_postgres.py for tasks to queue
[2026-08-24T07:40:05.480+0000] {logging_mixin.py:190} INFO - [2026-08-24T07:40:05.479+0000] {dagbag.py:588} INFO - Filling up the DagBag from /opt/airflow/dags/05_etl_weather_postgres.py
[2026-08-24T07:40:05.581+0000] {processor.py:925} INFO - DAG(s) 'etl_weather_postgres_dag' retrieved from /opt/airflow/dags/05_etl_weather_postgres.py
[2026-08-24T07:40:05.783+0000] {logging_mixin.py:190} INFO - [2026-08-24T07:40:05.782+0000] {dag.py:3239} INFO - Sync 1 DAGs
[2026-08-24T07:40:05.852+0000] {logging_mixin.py:190} INFO - [2026-08-24T07:40:05.851+0000] {dag.py:4180} INFO - Setting next_dagrun for etl_weather_postgres_dag to None, run_after=None
[2026-08-24T07:40:05.952+0000] {processor.py:208} INFO - Processing /opt/airflow/dags/05_etl_weather_postgres.py took 0.533 seconds
[2026-08-24T07:40:36.738+0000] {processor.py:186} INFO - Started process (PID=203) to work on /opt/airflow/dags/05_etl_weather_postgres.py
[2026-08-24T07:40:36.760+0000] {processor.py:914} INFO - Processing file /opt/airflow/dags/05_etl_weather_postgres.py for tasks to queue
[2026-08-24T07:40:36.782+0000] {logging_mixin.py:190} INFO - [2026-08-24T07:40:36.769+0000] {dagbag.py:588} INFO - Filling up the DagBag from /opt/airflow/dags/05_etl_weather_postgres.py
[2026-08-24T07:40:37.052+0000] {processor.py:925} INFO - DAG(s) 'etl_weather_postgres_dag' retrieved from /opt/airflow/dags/05_etl_weather_postgres.py
[2026-08-24T07:40:37.332+0000] {logging_mixin.py:190} INFO - [2026-08-24T07:40:37.331+0000] {dag.py:3239} INFO - Sync 1 DAGs
[2026-08-24T07:40:37.477+0000] {logging_mixin.py:190} INFO - [2026-08-24T07:40:37.477+0000] {dag.py:4180} INFO - Setting next_dagrun for etl_weather_postgres_dag to None, run_after=None
[2026-08-24T07:40:37.679+0000] {processor.py:208} INFO - Processing /opt/airflow/dags/05_etl_weather_postgres.py took 0.974 seconds
[2026-08-24T07:41:08.564+0000] {processor.py:186} INFO - Started process (PID=213) to work on /opt/airflow/dags/05_etl_weather_postgres.py
[2026-08-24T07:41:08.573+0000] {processor.py:914} INFO - Processing file /opt/airflow/dags/05_etl_weather_postgres.py for tasks to queue
[2026-08-24T07:41:08.605+0000] {logging_mixin.py:190} INFO - [2026-08-24T07:41:08.604+0000] {dagbag.py:588} INFO - Filling up the DagBag from /opt/airflow/dags/05_etl_weather_postgres.py
[2026-08-24T07:41:08.775+0000] {processor.py:925} INFO - DAG(s) 'etl_weather_postgres_dag' retrieved from /opt/airflow/dags/05_etl_weather_postgres.py
[2026-08-24T07:41:09.127+0000] {logging_mixin.py:190} INFO - [2026-08-24T07:41:09.126+0000] {dag.py:3239} INFO - Sync 1 DAGs
[2026-08-24T07:41:09.326+0000] {logging_mixin.py:190} INFO - [2026-08-24T07:41:09.324+0000] {dag.py:4180} INFO - Setting next_dagrun for etl_weather_postgres_dag to None, run_after=None
[2026-08-24T07:41:09.500+0000] {processor.py:208} INFO - Processing /opt/airflow/dags/05_etl_weather_postgres.py took 0.980 seconds
[2026-08-24T07:41:40.173+0000] {processor.py:186} INFO - Started process (PID=225) to work on /opt/airflow/dags/05_etl_weather_postgres.py
[2026-08-24T07:41:40.178+0000] {processor.py:914} INFO - Processing file /opt/airflow/dags/05_etl_weather_postgres.py for tasks to queue
[2026-08-24T07:41:40.195+0000] {logging_mixin.py:190} INFO - [2026-08-24T07:41:40.194+0000] {dagbag.py:588} INFO - Filling up the DagBag from /opt/airflow/dags/05_etl_weather_postgres.py
[2026-08-24T07:41:40.317+0000] {processor.py:925} INFO - DAG(s) 'etl_weather_postgres_dag' retrieved from /opt/airflow/dags/05_etl_weather_postgres.py
[2026-08-24T07:41:40.467+0000] {logging_mixin.py:190} INFO - [2026-08-24T07:41:40.466+0000] {dag.py:3239} INFO - Sync 1 DAGs
[2026-08-24T07:41:40.551+0000] {logging_mixin.py:190} INFO - [2026-08-24T07:41:40.551+0000] {dag.py:4180} INFO - Setting next_dagrun for etl_weather_postgres_dag to None, run_after=None
[2026-08-24T07:41:40.644+0000] {processor.py:208} INFO - Processing /opt/airflow/dags/05_etl_weather_postgres.py took 0.496 seconds
[2026-08-24T07:42:10.839+0000] {processor.py:186} INFO - Started process (PID=235) to work on /opt/airflow/dags/05_etl_weather_postgres.py
[2026-08-24T07:42:10.843+0000] {processor.py:914} INFO - Processing file /opt/airflow/dags/05_etl_weather_postgres.py for tasks to queue
[2026-08-24T07:42:10.858+0000] {logging_mixin.py:190} INFO - [2026-08-24T07:42:10.857+0000] {dagbag.py:588} INFO - Filling up the DagBag from /opt/airflow/dags/05_etl_weather_postgres.py
[2026-08-24T07:42:10.952+0000] {processor.py:925} INFO - DAG(s) 'etl_weather_postgres_dag' retrieved from /opt/airflow/dags/05_etl_weather_postgres.py
[2026-08-24T07:42:11.112+0000] {logging_mixin.py:190} INFO - [2026-08-24T07:42:11.101+0000] {dag.py:3239} INFO - Sync 1 DAGs
[2026-08-24T07:42:11.205+0000] {logging_mixin.py:190} INFO - [2026-08-24T07:42:11.205+0000] {dag.py:4180} INFO - Setting next_dagrun for etl_weather_postgres_dag to None, run_after=None
[2026-08-24T07:42:11.304+0000] {processor.py:208} INFO - Processing /opt/airflow/dags/05_etl_weather_postgres.py took 0.491 seconds
[2026-08-24T07:42:41.701+0000] {processor.py:186} INFO - Started process (PID=245) to work on /opt/airflow/dags/05_etl_weather_postgres.py
[2026-08-24T07:42:41.705+0000] {processor.py:914} INFO - Processing file /opt/airflow/dags/05_etl_weather_postgres.py for tasks to queue
[2026-08-24T07:42:41.718+0000] {logging_mixin.py:190} INFO - [2026-08-24T07:42:41.717+0000] {dagbag.py:588} INFO - Filling up the DagBag from /opt/airflow/dags/05_etl_weather_postgres.py
[2026-08-24T07:42:41.803+0000] {processor.py:925} INFO - DAG(s) 'etl_weather_postgres_dag' retrieved from /opt/airflow/dags/05_etl_weather_postgres.py
[2026-08-24T07:42:41.939+0000] {logging_mixin.py:190} INFO - [2026-08-24T07:42:41.938+0000] {dag.py:3239} INFO - Sync 1 DAGs
[2026-08-24T07:42:42.012+0000] {logging_mixin.py:190} INFO - [2026-08-24T07:42:42.011+0000] {dag.py:4180} INFO - Setting next_dagrun for etl_weather_postgres_dag to None, run_after=None
[2026-08-24T07:42:42.092+0000] {processor.py:208} INFO - Processing /opt/airflow/dags/05_etl_weather_postgres.py took 0.414 seconds
[2026-08-24T07:43:12.700+0000] {processor.py:186} INFO - Started process (PID=255) to work on /opt/airflow/dags/05_etl_weather_postgres.py
[2026-08-24T07:43:12.704+0000] {processor.py:914} INFO - Processing file /opt/airflow/dags/05_etl_weather_postgres.py for tasks to queue
[2026-08-24T07:43:12.731+0000] {logging_mixin.py:190} INFO - [2026-08-24T07:43:12.721+0000] {dagbag.py:588} INFO - Filling up the DagBag from /opt/airflow/dags/05_etl_weather_postgres.py
[2026-08-24T07:43:12.873+0000] {processor.py:925} INFO - DAG(s) 'etl_weather_postgres_dag' retrieved from /opt/airflow/dags/05_etl_weather_postgres.py
[2026-08-24T07:43:13.107+0000] {logging_mixin.py:190} INFO - [2026-08-24T07:43:13.106+0000] {dag.py:3239} INFO - Sync 1 DAGs
[2026-08-24T07:43:13.202+0000] {logging_mixin.py:190} INFO - [2026-08-24T07:43:13.202+0000] {dag.py:4180} INFO - Setting next_dagrun for etl_weather_postgres_dag to None, run_after=None
[2026-08-24T07:43:13.386+0000] {processor.py:208} INFO - Processing /opt/airflow/dags/05_etl_weather_postgres.py took 0.729 seconds
[2026-08-24T07:43:43.654+0000] {processor.py:186} INFO - Started process (PID=267) to work on /opt/airflow/dags/05_etl_weather_postgres.py
[2026-08-24T07:43:43.659+0000] {processor.py:914} INFO - Processing file /opt/airflow/dags/05_etl_weather_postgres.py for tasks to queue
[2026-08-24T07:43:43.674+0000] {logging_mixin.py:190} INFO - [2026-08-24T07:43:43.671+0000] {dagbag.py:588} INFO - Filling up the DagBag from /opt/airflow/dags/05_etl_weather_postgres.py
[2026-08-24T07:43:43.761+0000] {processor.py:925} INFO - DAG(s) 'etl_weather_postgres_dag' retrieved from /opt/airflow/dags/05_etl_weather_postgres.py
[2026-08-24T07:43:43.887+0000] {logging_mixin.py:190} INFO - [2026-08-24T07:43:43.887+0000] {dag.py:3239} INFO - Sync 1 DAGs
[2026-08-24T07:43:43.951+0000] {logging_mixin.py:190} INFO - [2026-08-24T07:43:43.950+0000] {dag.py:4180} INFO - Setting next_dagrun for etl_weather_postgres_dag to None, run_after=None
[2026-08-24T07:43:44.019+0000] {processor.py:208} INFO - Processing /opt/airflow/dags/05_etl_weather_postgres.py took 0.398 seconds
[2026-08-24T07:44:14.714+0000] {processor.py:186} INFO - Started process (PID=278) to work on /opt/airflow/dags/05_etl_weather_postgres.py
[2026-08-24T07:44:14.718+0000] {processor.py:914} INFO - Processing file /opt/airflow/dags/05_etl_weather_postgres.py for tasks to queue
[2026-08-24T07:44:14.728+0000] {logging_mixin.py:190} INFO - [2026-08-24T07:44:14.726+0000] {dagbag.py:588} INFO - Filling up the DagBag from /opt/airflow/dags/05_etl_weather_postgres.py
[2026-08-24T07:44:14.820+0000] {processor.py:925} INFO - DAG(s) 'etl_weather_postgres_dag' retrieved from /opt/airflow/dags/05_etl_weather_postgres.py
[2026-08-24T07:44:14.977+0000] {logging_mixin.py:190} INFO - [2026-08-24T07:44:14.976+0000] {dag.py:3239} INFO - Sync 1 DAGs
[2026-08-24T07:44:15.061+0000] {logging_mixin.py:190} INFO - [2026-08-24T07:44:15.060+0000] {dag.py:4180} INFO - Setting next_dagrun for etl_weather_postgres_dag to None, run_after=None
[2026-08-24T07:44:15.169+0000] {processor.py:208} INFO - Processing /opt/airflow/dags/05_etl_weather_postgres.py took 0.493 seconds
[2026-08-24T07:44:45.908+0000] {processor.py:186} INFO - Started process (PID=289) to work on /opt/airflow/dags/05_etl_weather_postgres.py
[2026-08-24T07:44:45.911+0000] {processor.py:914} INFO - Processing file /opt/airflow/dags/05_etl_weather_postgres.py for tasks to queue
[2026-08-24T07:44:45.921+0000] {logging_mixin.py:190} INFO - [2026-08-24T07:44:45.920+0000] {dagbag.py:588} INFO - Filling up the DagBag from /opt/airflow/dags/05_etl_weather_postgres.py
[2026-08-24T07:44:46.052+0000] {processor.py:925} INFO - DAG(s) 'etl_weather_postgres_dag' retrieved from /opt/airflow/dags/05_etl_weather_postgres.py
[2026-08-24T07:44:46.237+0000] {logging_mixin.py:190} INFO - [2026-08-24T07:44:46.236+0000] {dag.py:3239} INFO - Sync 1 DAGs
[2026-08-24T07:44:46.312+0000] {logging_mixin.py:190} INFO - [2026-08-24T07:44:46.312+0000] {dag.py:4180} INFO - Setting next_dagrun for etl_weather_postgres_dag to None, run_after=None
[2026-08-24T07:44:46.399+0000] {processor.py:208} INFO - Processing /opt/airflow/dags/05_etl_weather_postgres.py took 0.523 seconds
[2026-08-24T07:45:17.571+0000] {processor.py:186} INFO - Started process (PID=300) to work on /opt/airflow/dags/05_etl_weather_postgres.py
[2026-08-24T07:45:17.602+0000] {processor.py:914} INFO - Processing file /opt/airflow/dags/05_etl_weather_postgres.py for tasks to queue
[2026-08-24T07:45:17.626+0000] {logging_mixin.py:190} INFO - [2026-08-24T07:45:17.625+0000] {dagbag.py:588} INFO - Filling up the DagBag from /opt/airflow/dags/05_etl_weather_postgres.py
[2026-08-24T07:45:17.832+0000] {processor.py:925} INFO - DAG(s) 'etl_weather_postgres_dag' retrieved from /opt/airflow/dags/05_etl_weather_postgres.py
[2026-08-24T07:45:18.045+0000] {logging_mixin.py:190} INFO - [2026-08-24T07:45:18.044+0000] {dag.py:3239} INFO - Sync 1 DAGs
[2026-08-24T07:45:18.187+0000] {logging_mixin.py:190} INFO - [2026-08-24T07:45:18.186+0000] {dag.py:4180} INFO - Setting next_dagrun for etl_weather_postgres_dag to None, run_after=None
[2026-08-24T07:45:18.344+0000] {processor.py:208} INFO - Processing /opt/airflow/dags/05_etl_weather_postgres.py took 0.811 seconds
[2026-08-24T07:45:48.735+0000] {processor.py:186} INFO - Started process (PID=311) to work on /opt/airflow/dags/05_etl_weather_postgres.py
[2026-08-24T07:45:48.740+0000] {processor.py:914} INFO - Processing file /opt/airflow/dags/05_etl_weather_postgres.py for tasks to queue
[2026-08-24T07:45:48.758+0000] {logging_mixin.py:190} INFO - [2026-08-24T07:45:48.752+0000] {dagbag.py:588} INFO - Filling up the DagBag from /opt/airflow/dags/05_etl_weather_postgres.py
[2026-08-24T07:45:48.889+0000] {processor.py:925} INFO - DAG(s) 'etl_weather_postgres_dag' retrieved from /opt/airflow/dags/05_etl_weather_postgres.py
[2026-08-24T07:45:49.085+0000] {logging_mixin.py:190} INFO - [2026-08-24T07:45:49.085+0000] {dag.py:3239} INFO - Sync 1 DAGs
[2026-08-24T07:45:49.208+0000] {logging_mixin.py:190} INFO - [2026-08-24T07:45:49.208+0000] {dag.py:4180} INFO - Setting next_dagrun for etl_weather_postgres_dag to None, run_after=None
[2026-08-24T07:45:49.322+0000] {processor.py:208} INFO - Processing /opt/airflow/dags/05_etl_weather_postgres.py took 0.639 seconds
[2026-08-24T07:46:19.475+0000] {processor.py:186} INFO - Started process (PID=322) to work on /opt/airflow/dags/05_etl_weather_postgres.py
[2026-08-24T07:46:19.478+0000] {processor.py:914} INFO - Processing file /opt/airflow/dags/05_etl_weather_postgres.py for tasks to queue
[2026-08-24T07:46:19.491+0000] {logging_mixin.py:190} INFO - [2026-08-24T07:46:19.490+0000] {dagbag.py:588} INFO - Filling up the DagBag from /opt/airflow/dags/05_etl_weather_postgres.py
[2026-08-24T07:46:19.575+0000] {processor.py:925} INFO - DAG(s) 'etl_weather_postgres_dag' retrieved from /opt/airflow/dags/05_etl_weather_postgres.py
[2026-08-24T07:46:19.762+0000] {logging_mixin.py:190} INFO - [2026-08-24T07:46:19.761+0000] {dag.py:3239} INFO - Sync 1 DAGs
[2026-08-24T07:46:19.863+0000] {logging_mixin.py:190} INFO - [2026-08-24T07:46:19.862+0000] {dag.py:4180} INFO - Setting next_dagrun for etl_weather_postgres_dag to None, run_after=None
[2026-08-24T07:46:19.957+0000] {processor.py:208} INFO - Processing /opt/airflow/dags/05_etl_weather_postgres.py took 0.497 seconds
[2026-08-24T07:46:50.245+0000] {processor.py:186} INFO - Started process (PID=333) to work on /opt/airflow/dags/05_etl_weather_postgres.py
[2026-08-24T07:46:50.248+0000] {processor.py:914} INFO - Processing file /opt/airflow/dags/05_etl_weather_postgres.py for tasks to queue
[2026-08-24T07:46:50.265+0000] {logging_mixin.py:190} INFO - [2026-08-24T07:46:50.264+0000] {dagbag.py:588} INFO - Filling up the DagBag from /opt/airflow/dags/05_etl_weather_postgres.py
[2026-08-24T07:46:50.373+0000] {processor.py:925} INFO - DAG(s) 'etl_weather_postgres_dag' retrieved from /opt/airflow/dags/05_etl_weather_postgres.py
[2026-08-24T07:46:50.530+0000] {logging_mixin.py:190} INFO - [2026-08-24T07:46:50.523+0000] {dag.py:3239} INFO - Sync 1 DAGs
[2026-08-24T07:46:50.610+0000] {logging_mixin.py:190} INFO - [2026-08-24T07:46:50.610+0000] {dag.py:4180} INFO - Setting next_dagrun for etl_weather_postgres_dag to None, run_after=None
[2026-08-24T07:46:50.720+0000] {processor.py:208} INFO - Processing /opt/airflow/dags/05_etl_weather_postgres.py took 0.498 seconds
[2026-08-24T07:47:21.581+0000] {processor.py:186} INFO - Started process (PID=351) to work on /opt/airflow/dags/05_etl_weather_postgres.py
[2026-08-24T07:47:21.587+0000] {processor.py:914} INFO - Processing file /opt/airflow/dags/05_etl_weather_postgres.py for tasks to queue
[2026-08-24T07:47:21.608+0000] {logging_mixin.py:190} INFO - [2026-08-24T07:47:21.607+0000] {dagbag.py:588} INFO - Filling up the DagBag from /opt/airflow/dags/05_etl_weather_postgres.py
[2026-08-24T07:47:21.753+0000] {processor.py:925} INFO - DAG(s) 'etl_weather_postgres_dag' retrieved from /opt/airflow/dags/05_etl_weather_postgres.py
[2026-08-24T07:47:21.961+0000] {logging_mixin.py:190} INFO - [2026-08-24T07:47:21.960+0000] {dag.py:3239} INFO - Sync 1 DAGs
[2026-08-24T07:47:22.047+0000] {logging_mixin.py:190} INFO - [2026-08-24T07:47:22.046+0000] {dag.py:4180} INFO - Setting next_dagrun for etl_weather_postgres_dag to None, run_after=None
[2026-08-24T07:47:22.173+0000] {processor.py:208} INFO - Processing /opt/airflow/dags/05_etl_weather_postgres.py took 0.627 seconds
[2026-08-24T07:47:52.755+0000] {processor.py:186} INFO - Started process (PID=361) to work on /opt/airflow/dags/05_etl_weather_postgres.py
[2026-08-24T07:47:52.758+0000] {processor.py:914} INFO - Processing file /opt/airflow/dags/05_etl_weather_postgres.py for tasks to queue
[2026-08-24T07:47:52.792+0000] {logging_mixin.py:190} INFO - [2026-08-24T07:47:52.791+0000] {dagbag.py:588} INFO - Filling up the DagBag from /opt/airflow/dags/05_etl_weather_postgres.py
[2026-08-24T07:47:53.050+0000] {processor.py:925} INFO - DAG(s) 'etl_weather_postgres_dag' retrieved from /opt/airflow/dags/05_etl_weather_postgres.py
[2026-08-24T07:47:53.391+0000] {logging_mixin.py:190} INFO - [2026-08-24T07:47:53.390+0000] {dag.py:3239} INFO - Sync 1 DAGs
[2026-08-24T07:47:53.553+0000] {logging_mixin.py:190} INFO - [2026-08-24T07:47:53.553+0000] {dag.py:4180} INFO - Setting next_dagrun for etl_weather_postgres_dag to None, run_after=None
[2026-08-24T07:47:53.779+0000] {processor.py:208} INFO - Processing /opt/airflow/dags/05_etl_weather_postgres.py took 1.055 seconds
[2026-08-24T07:48:24.138+0000] {processor.py:186} INFO - Started process (PID=372) to work on /opt/airflow/dags/05_etl_weather_postgres.py
[2026-08-24T07:48:24.144+0000] {processor.py:914} INFO - Processing file /opt/airflow/dags/05_etl_weather_postgres.py for tasks to queue
[2026-08-24T07:48:24.155+0000] {logging_mixin.py:190} INFO - [2026-08-24T07:48:24.154+0000] {dagbag.py:588} INFO - Filling up the DagBag from /opt/airflow/dags/05_etl_weather_postgres.py
[2026-08-24T07:48:24.231+0000] {processor.py:925} INFO - DAG(s) 'etl_weather_postgres_dag' retrieved from /opt/airflow/dags/05_etl_weather_postgres.py
[2026-08-24T07:48:24.376+0000] {logging_mixin.py:190} INFO - [2026-08-24T07:48:24.375+0000] {dag.py:3239} INFO - Sync 1 DAGs
[2026-08-24T07:48:24.460+0000] {logging_mixin.py:190} INFO - [2026-08-24T07:48:24.459+0000] {dag.py:4180} INFO - Setting next_dagrun for etl_weather_postgres_dag to None, run_after=None
[2026-08-24T07:48:24.604+0000] {processor.py:208} INFO - Processing /opt/airflow/dags/05_etl_weather_postgres.py took 0.489 seconds
[2026-08-24T07:48:54.923+0000] {processor.py:186} INFO - Started process (PID=387) to work on /opt/airflow/dags/05_etl_weather_postgres.py
[2026-08-24T07:48:54.931+0000] {processor.py:914} INFO - Processing file /opt/airflow/dags/05_etl_weather_postgres.py for tasks to queue
[2026-08-24T07:48:54.967+0000] {logging_mixin.py:190} INFO - [2026-08-24T07:48:54.966+0000] {dagbag.py:588} INFO - Filling up the DagBag from /opt/airflow/dags/05_etl_weather_postgres.py
[2026-08-24T07:48:55.140+0000] {processor.py:925} INFO - DAG(s) 'etl_weather_postgres_dag' retrieved from /opt/airflow/dags/05_etl_weather_postgres.py
[2026-08-24T07:48:55.301+0000] {logging_mixin.py:190} INFO - [2026-08-24T07:48:55.300+0000] {dag.py:3239} INFO - Sync 1 DAGs
[2026-08-24T07:48:55.397+0000] {logging_mixin.py:190} INFO - [2026-08-24T07:48:55.396+0000] {dag.py:4180} INFO - Setting next_dagrun for etl_weather_postgres_dag to None, run_after=None
[2026-08-24T07:48:55.496+0000] {processor.py:208} INFO - Processing /opt/airflow/dags/05_etl_weather_postgres.py took 0.627 seconds
[2026-08-24T07:49:25.826+0000] {processor.py:186} INFO - Started process (PID=397) to work on /opt/airflow/dags/05_etl_weather_postgres.py
[2026-08-24T07:49:25.829+0000] {processor.py:914} INFO - Processing file /opt/airflow/dags/05_etl_weather_postgres.py for tasks to queue
[2026-08-24T07:49:25.840+0000] {logging_mixin.py:190} INFO - [2026-08-24T07:49:25.839+0000] {dagbag.py:588} INFO - Filling up the DagBag from /opt/airflow/dags/05_etl_weather_postgres.py
[2026-08-24T07:49:25.921+0000] {processor.py:925} INFO - DAG(s) 'etl_weather_postgres_dag' retrieved from /opt/airflow/dags/05_etl_weather_postgres.py
[2026-08-24T07:49:26.082+0000] {logging_mixin.py:190} INFO - [2026-08-24T07:49:26.082+0000] {dag.py:3239} INFO - Sync 1 DAGs
[2026-08-24T07:49:26.160+0000] {logging_mixin.py:190} INFO - [2026-08-24T07:49:26.159+0000] {dag.py:4180} INFO - Setting next_dagrun for etl_weather_postgres_dag to None, run_after=None
[2026-08-24T07:49:26.274+0000] {processor.py:208} INFO - Processing /opt/airflow/dags/05_etl_weather_postgres.py took 0.470 seconds
[2026-08-24T07:49:56.920+0000] {processor.py:186} INFO - Started process (PID=408) to work on /opt/airflow/dags/05_etl_weather_postgres.py
[2026-08-24T07:49:56.927+0000] {processor.py:914} INFO - Processing file /opt/airflow/dags/05_etl_weather_postgres.py for tasks to queue
[2026-08-24T07:49:56.944+0000] {logging_mixin.py:190} INFO - [2026-08-24T07:49:56.943+0000] {dagbag.py:588} INFO - Filling up the DagBag from /opt/airflow/dags/05_etl_weather_postgres.py
[2026-08-24T07:49:57.063+0000] {processor.py:925} INFO - DAG(s) 'etl_weather_postgres_dag' retrieved from /opt/airflow/dags/05_etl_weather_postgres.py
[2026-08-24T07:49:57.373+0000] {logging_mixin.py:190} INFO - [2026-08-24T07:49:57.373+0000] {dag.py:3239} INFO - Sync 1 DAGs
[2026-08-24T07:49:57.515+0000] {logging_mixin.py:190} INFO - [2026-08-24T07:49:57.515+0000] {dag.py:4180} INFO - Setting next_dagrun for etl_weather_postgres_dag to None, run_after=None
[2026-08-24T07:49:57.666+0000] {processor.py:208} INFO - Processing /opt/airflow/dags/05_etl_weather_postgres.py took 0.783 seconds
[2026-08-24T07:50:28.183+0000] {processor.py:186} INFO - Started process (PID=419) to work on /opt/airflow/dags/05_etl_weather_postgres.py
[2026-08-24T07:50:28.382+0000] {processor.py:914} INFO - Processing file /opt/airflow/dags/05_etl_weather_postgres.py for tasks to queue
[2026-08-24T07:50:28.427+0000] {logging_mixin.py:190} INFO - [2026-08-24T07:50:28.418+0000] {dagbag.py:588} INFO - Filling up the DagBag from /opt/airflow/dags/05_etl_weather_postgres.py
[2026-08-24T07:50:28.548+0000] {processor.py:925} INFO - DAG(s) 'etl_weather_postgres_dag' retrieved from /opt/airflow/dags/05_etl_weather_postgres.py
[2026-08-24T07:50:28.699+0000] {logging_mixin.py:190} INFO - [2026-08-24T07:50:28.698+0000] {dag.py:3239} INFO - Sync 1 DAGs
[2026-08-24T07:50:28.770+0000] {logging_mixin.py:190} INFO - [2026-08-24T07:50:28.768+0000] {dag.py:4180} INFO - Setting next_dagrun for etl_weather_postgres_dag to None, run_after=None
[2026-08-24T07:50:28.842+0000] {processor.py:208} INFO - Processing /opt/airflow/dags/05_etl_weather_postgres.py took 0.699 seconds
[2026-08-24T07:50:59.287+0000] {processor.py:186} INFO - Started process (PID=430) to work on /opt/airflow/dags/05_etl_weather_postgres.py
[2026-08-24T07:50:59.309+0000] {processor.py:914} INFO - Processing file /opt/airflow/dags/05_etl_weather_postgres.py for tasks to queue
[2026-08-24T07:50:59.387+0000] {logging_mixin.py:190} INFO - [2026-08-24T07:50:59.385+0000] {dagbag.py:588} INFO - Filling up the DagBag from /opt/airflow/dags/05_etl_weather_postgres.py
[2026-08-24T07:50:59.668+0000] {processor.py:925} INFO - DAG(s) 'etl_weather_postgres_dag' retrieved from /opt/airflow/dags/05_etl_weather_postgres.py
[2026-08-24T07:50:59.874+0000] {logging_mixin.py:190} INFO - [2026-08-24T07:50:59.873+0000] {dag.py:3239} INFO - Sync 1 DAGs
[2026-08-24T07:50:59.946+0000] {logging_mixin.py:190} INFO - [2026-08-24T07:50:59.946+0000] {dag.py:4180} INFO - Setting next_dagrun for etl_weather_postgres_dag to None, run_after=None
[2026-08-24T07:51:00.029+0000] {processor.py:208} INFO - Processing /opt/airflow/dags/05_etl_weather_postgres.py took 0.778 seconds
[2026-08-24T07:51:30.868+0000] {processor.py:186} INFO - Started process (PID=441) to work on /opt/airflow/dags/05_etl_weather_postgres.py
[2026-08-24T07:51:30.872+0000] {processor.py:914} INFO - Processing file /opt/airflow/dags/05_etl_weather_postgres.py for tasks to queue
[2026-08-24T07:51:30.885+0000] {logging_mixin.py:190} INFO - [2026-08-24T07:51:30.884+0000] {dagbag.py:588} INFO - Filling up the DagBag from /opt/airflow/dags/05_etl_weather_postgres.py
[2026-08-24T07:51:30.969+0000] {processor.py:925} INFO - DAG(s) 'etl_weather_postgres_dag' retrieved from /opt/airflow/dags/05_etl_weather_postgres.py
[2026-08-24T07:51:31.077+0000] {logging_mixin.py:190} INFO - [2026-08-24T07:51:31.077+0000] {dag.py:3239} INFO - Sync 1 DAGs
[2026-08-24T07:51:31.134+0000] {logging_mixin.py:190} INFO - [2026-08-24T07:51:31.133+0000] {dag.py:4180} INFO - Setting next_dagrun for etl_weather_postgres_dag to None, run_after=None
[2026-08-24T07:51:31.193+0000] {processor.py:208} INFO - Processing /opt/airflow/dags/05_etl_weather_postgres.py took 0.346 seconds
[2026-08-24T07:52:01.738+0000] {processor.py:186} INFO - Started process (PID=453) to work on /opt/airflow/dags/05_etl_weather_postgres.py
[2026-08-24T07:52:01.742+0000] {processor.py:914} INFO - Processing file /opt/airflow/dags/05_etl_weather_postgres.py for tasks to queue
[2026-08-24T07:52:01.755+0000] {logging_mixin.py:190} INFO - [2026-08-24T07:52:01.754+0000] {dagbag.py:588} INFO - Filling up the DagBag from /opt/airflow/dags/05_etl_weather_postgres.py
[2026-08-24T07:52:01.800+0000] {processor.py:925} INFO - DAG(s) 'etl_weather_postgres_dag' retrieved from /opt/airflow/dags/05_etl_weather_postgres.py
[2026-08-24T07:52:01.851+0000] {logging_mixin.py:190} INFO - [2026-08-24T07:52:01.850+0000] {dag.py:3239} INFO - Sync 1 DAGs
[2026-08-24T07:52:01.875+0000] {logging_mixin.py:190} INFO - [2026-08-24T07:52:01.875+0000] {dag.py:4180} INFO - Setting next_dagrun for etl_weather_postgres_dag to None, run_after=None
[2026-08-24T07:52:01.923+0000] {processor.py:208} INFO - Processing /opt/airflow/dags/05_etl_weather_postgres.py took 0.200 seconds
[2026-08-24T07:52:32.232+0000] {processor.py:186} INFO - Started process (PID=464) to work on /opt/airflow/dags/05_etl_weather_postgres.py
[2026-08-24T07:52:32.236+0000] {processor.py:914} INFO - Processing file /opt/airflow/dags/05_etl_weather_postgres.py for tasks to queue
[2026-08-24T07:52:32.244+0000] {logging_mixin.py:190} INFO - [2026-08-24T07:52:32.243+0000] {dagbag.py:588} INFO - Filling up the DagBag from /opt/airflow/dags/05_etl_weather_postgres.py
[2026-08-24T07:52:32.303+0000] {processor.py:925} INFO - DAG(s) 'etl_weather_postgres_dag' retrieved from /opt/airflow/dags/05_etl_weather_postgres.py
[2026-08-24T07:52:32.397+0000] {logging_mixin.py:190} INFO - [2026-08-24T07:52:32.397+0000] {dag.py:3239} INFO - Sync 1 DAGs
[2026-08-24T07:52:32.458+0000] {logging_mixin.py:190} INFO - [2026-08-24T07:52:32.457+0000] {dag.py:4180} INFO - Setting next_dagrun for etl_weather_postgres_dag to None, run_after=None
[2026-08-24T07:52:32.515+0000] {processor.py:208} INFO - Processing /opt/airflow/dags/05_etl_weather_postgres.py took 0.302 seconds
[2026-08-24T07:53:02.662+0000] {processor.py:186} INFO - Started process (PID=475) to work on /opt/airflow/dags/05_etl_weather_postgres.py
[2026-08-24T07:53:02.664+0000] {processor.py:914} INFO - Processing file /opt/airflow/dags/05_etl_weather_postgres.py for tasks to queue
[2026-08-24T07:53:02.668+0000] {logging_mixin.py:190} INFO - [2026-08-24T07:53:02.668+0000] {dagbag.py:588} INFO - Filling up the DagBag from /opt/airflow/dags/05_etl_weather_postgres.py
[2026-08-24T07:53:02.702+0000] {processor.py:925} INFO - DAG(s) 'etl_weather_postgres_dag' retrieved from /opt/airflow/dags/05_etl_weather_postgres.py
[2026-08-24T07:53:02.751+0000] {logging_mixin.py:190} INFO - [2026-08-24T07:53:02.751+0000] {dag.py:3239} INFO - Sync 1 DAGs
[2026-08-24T07:53:02.773+0000] {logging_mixin.py:190} INFO - [2026-08-24T07:53:02.772+0000] {dag.py:4180} INFO - Setting next_dagrun for etl_weather_postgres_dag to None, run_after=None
[2026-08-24T07:53:02.803+0000] {processor.py:208} INFO - Processing /opt/airflow/dags/05_etl_weather_postgres.py took 0.149 seconds
[2026-08-24T07:53:33.214+0000] {processor.py:186} INFO - Started process (PID=486) to work on /opt/airflow/dags/05_etl_weather_postgres.py
[2026-08-24T07:53:33.223+0000] {processor.py:914} INFO - Processing file /opt/airflow/dags/05_etl_weather_postgres.py for tasks to queue
[2026-08-24T07:53:33.235+0000] {logging_mixin.py:190} INFO - [2026-08-24T07:53:33.234+0000] {dagbag.py:588} INFO - Filling up the DagBag from /opt/airflow/dags/05_etl_weather_postgres.py
[2026-08-24T07:53:33.333+0000] {processor.py:925} INFO - DAG(s) 'etl_weather_postgres_dag' retrieved from /opt/airflow/dags/05_etl_weather_postgres.py
[2026-08-24T07:53:33.461+0000] {logging_mixin.py:190} INFO - [2026-08-24T07:53:33.461+0000] {dag.py:3239} INFO - Sync 1 DAGs
[2026-08-24T07:53:33.519+0000] {logging_mixin.py:190} INFO - [2026-08-24T07:53:33.518+0000] {dag.py:4180} INFO - Setting next_dagrun for etl_weather_postgres_dag to None, run_after=None
[2026-08-24T07:53:33.595+0000] {processor.py:208} INFO - Processing /opt/airflow/dags/05_etl_weather_postgres.py took 0.405 seconds
[2026-08-24T07:54:03.986+0000] {processor.py:186} INFO - Started process (PID=502) to work on /opt/airflow/dags/05_etl_weather_postgres.py
[2026-08-24T07:54:03.989+0000] {processor.py:914} INFO - Processing file /opt/airflow/dags/05_etl_weather_postgres.py for tasks to queue
[2026-08-24T07:54:04.004+0000] {logging_mixin.py:190} INFO - [2026-08-24T07:54:04.003+0000] {dagbag.py:588} INFO - Filling up the DagBag from /opt/airflow/dags/05_etl_weather_postgres.py
[2026-08-24T07:54:04.133+0000] {processor.py:925} INFO - DAG(s) 'etl_weather_postgres_dag' retrieved from /opt/airflow/dags/05_etl_weather_postgres.py
[2026-08-24T07:54:04.325+0000] {logging_mixin.py:190} INFO - [2026-08-24T07:54:04.325+0000] {dag.py:3239} INFO - Sync 1 DAGs
[2026-08-24T07:54:04.445+0000] {logging_mixin.py:190} INFO - [2026-08-24T07:54:04.434+0000] {dag.py:4180} INFO - Setting next_dagrun for etl_weather_postgres_dag to None, run_after=None
[2026-08-24T07:54:04.620+0000] {processor.py:208} INFO - Processing /opt/airflow/dags/05_etl_weather_postgres.py took 0.676 seconds
[2026-08-24T07:54:35.189+0000] {processor.py:186} INFO - Started process (PID=513) to work on /opt/airflow/dags/05_etl_weather_postgres.py
[2026-08-24T07:54:35.191+0000] {processor.py:914} INFO - Processing file /opt/airflow/dags/05_etl_weather_postgres.py for tasks to queue
[2026-08-24T07:54:35.196+0000] {logging_mixin.py:190} INFO - [2026-08-24T07:54:35.195+0000] {dagbag.py:588} INFO - Filling up the DagBag from /opt/airflow/dags/05_etl_weather_postgres.py
[2026-08-24T07:54:35.229+0000] {processor.py:925} INFO - DAG(s) 'etl_weather_postgres_dag' retrieved from /opt/airflow/dags/05_etl_weather_postgres.py
[2026-08-24T07:54:35.276+0000] {logging_mixin.py:190} INFO - [2026-08-24T07:54:35.276+0000] {dag.py:3239} INFO - Sync 1 DAGs
[2026-08-24T07:54:35.298+0000] {logging_mixin.py:190} INFO - [2026-08-24T07:54:35.298+0000] {dag.py:4180} INFO - Setting next_dagrun for etl_weather_postgres_dag to None, run_after=None
[2026-08-24T07:54:35.335+0000] {processor.py:208} INFO - Processing /opt/airflow/dags/05_etl_weather_postgres.py took 0.155 seconds
[2026-08-24T07:55:06.279+0000] {processor.py:186} INFO - Started process (PID=524) to work on /opt/airflow/dags/05_etl_weather_postgres.py
[2026-08-24T07:55:06.281+0000] {processor.py:914} INFO - Processing file /opt/airflow/dags/05_etl_weather_postgres.py for tasks to queue
[2026-08-24T07:55:06.285+0000] {logging_mixin.py:190} INFO - [2026-08-24T07:55:06.285+0000] {dagbag.py:588} INFO - Filling up the DagBag from /opt/airflow/dags/05_etl_weather_postgres.py
[2026-08-24T07:55:06.328+0000] {processor.py:925} INFO - DAG(s) 'etl_weather_postgres_dag' retrieved from /opt/airflow/dags/05_etl_weather_postgres.py
[2026-08-24T07:55:06.374+0000] {logging_mixin.py:190} INFO - [2026-08-24T07:55:06.374+0000] {dag.py:3239} INFO - Sync 1 DAGs
[2026-08-24T07:55:06.396+0000] {logging_mixin.py:190} INFO - [2026-08-24T07:55:06.396+0000] {dag.py:4180} INFO - Setting next_dagrun for etl_weather_postgres_dag to None, run_after=None
[2026-08-24T07:55:06.425+0000] {processor.py:208} INFO - Processing /opt/airflow/dags/05_etl_weather_postgres.py took 0.155 seconds
[2026-08-24T07:55:36.526+0000] {processor.py:186} INFO - Started process (PID=535) to work on /opt/airflow/dags/05_etl_weather_postgres.py
[2026-08-24T07:55:36.528+0000] {processor.py:914} INFO - Processing file /opt/airflow/dags/05_etl_weather_postgres.py for tasks to queue
[2026-08-24T07:55:36.532+0000] {logging_mixin.py:190} INFO - [2026-08-24T07:55:36.532+0000] {dagbag.py:588} INFO - Filling up the DagBag from /opt/airflow/dags/05_etl_weather_postgres.py
[2026-08-24T07:55:36.563+0000] {processor.py:925} INFO - DAG(s) 'etl_weather_postgres_dag' retrieved from /opt/airflow/dags/05_etl_weather_postgres.py
[2026-08-24T07:55:36.608+0000] {logging_mixin.py:190} INFO - [2026-08-24T07:55:36.607+0000] {dag.py:3239} INFO - Sync 1 DAGs
[2026-08-24T07:55:36.630+0000] {logging_mixin.py:190} INFO - [2026-08-24T07:55:36.629+0000] {dag.py:4180} INFO - Setting next_dagrun for etl_weather_postgres_dag to None, run_after=None
[2026-08-24T07:55:36.660+0000] {processor.py:208} INFO - Processing /opt/airflow/dags/05_etl_weather_postgres.py took 0.142 seconds
[2026-08-24T07:56:06.848+0000] {processor.py:186} INFO - Started process (PID=546) to work on /opt/airflow/dags/05_etl_weather_postgres.py
[2026-08-24T07:56:06.850+0000] {processor.py:914} INFO - Processing file /opt/airflow/dags/05_etl_weather_postgres.py for tasks to queue
[2026-08-24T07:56:06.855+0000] {logging_mixin.py:190} INFO - [2026-08-24T07:56:06.854+0000] {dagbag.py:588} INFO - Filling up the DagBag from /opt/airflow/dags/05_etl_weather_postgres.py
[2026-08-24T07:56:06.886+0000] {processor.py:925} INFO - DAG(s) 'etl_weather_postgres_dag' retrieved from /opt/airflow/dags/05_etl_weather_postgres.py
[2026-08-24T07:56:06.936+0000] {logging_mixin.py:190} INFO - [2026-08-24T07:56:06.936+0000] {dag.py:3239} INFO - Sync 1 DAGs
[2026-08-24T07:56:06.958+0000] {logging_mixin.py:190} INFO - [2026-08-24T07:56:06.958+0000] {dag.py:4180} INFO - Setting next_dagrun for etl_weather_postgres_dag to None, run_after=None
[2026-08-24T07:56:06.988+0000] {processor.py:208} INFO - Processing /opt/airflow/dags/05_etl_weather_postgres.py took 0.149 seconds
[2026-08-24T07:56:37.177+0000] {processor.py:186} INFO - Started process (PID=557) to work on /opt/airflow/dags/05_etl_weather_postgres.py
[2026-08-24T07:56:37.180+0000] {processor.py:914} INFO - Processing file /opt/airflow/dags/05_etl_weather_postgres.py for tasks to queue
[2026-08-24T07:56:37.186+0000] {logging_mixin.py:190} INFO - [2026-08-24T07:56:37.186+0000] {dagbag.py:588} INFO - Filling up the DagBag from /opt/airflow/dags/05_etl_weather_postgres.py
[2026-08-24T07:56:37.244+0000] {processor.py:925} INFO - DAG(s) 'etl_weather_postgres_dag' retrieved from /opt/airflow/dags/05_etl_weather_postgres.py
[2026-08-24T07:56:37.340+0000] {logging_mixin.py:190} INFO - [2026-08-24T07:56:37.337+0000] {dag.py:3239} INFO - Sync 1 DAGs
[2026-08-24T07:56:37.385+0000] {logging_mixin.py:190} INFO - [2026-08-24T07:56:37.385+0000] {dag.py:4180} INFO - Setting next_dagrun for etl_weather_postgres_dag to None, run_after=None
[2026-08-24T07:56:37.507+0000] {processor.py:208} INFO - Processing /opt/airflow/dags/05_etl_weather_postgres.py took 0.343 seconds
[2026-08-24T07:57:08.111+0000] {processor.py:186} INFO - Started process (PID=568) to work on /opt/airflow/dags/05_etl_weather_postgres.py
[2026-08-24T07:57:08.113+0000] {processor.py:914} INFO - Processing file /opt/airflow/dags/05_etl_weather_postgres.py for tasks to queue
[2026-08-24T07:57:08.118+0000] {logging_mixin.py:190} INFO - [2026-08-24T07:57:08.117+0000] {dagbag.py:588} INFO - Filling up the DagBag from /opt/airflow/dags/05_etl_weather_postgres.py
[2026-08-24T07:57:08.150+0000] {processor.py:925} INFO - DAG(s) 'etl_weather_postgres_dag' retrieved from /opt/airflow/dags/05_etl_weather_postgres.py
[2026-08-24T07:57:08.199+0000] {logging_mixin.py:190} INFO - [2026-08-24T07:57:08.198+0000] {dag.py:3239} INFO - Sync 1 DAGs
[2026-08-24T07:57:08.220+0000] {logging_mixin.py:190} INFO - [2026-08-24T07:57:08.220+0000] {dag.py:4180} INFO - Setting next_dagrun for etl_weather_postgres_dag to None, run_after=None
[2026-08-24T07:57:08.251+0000] {processor.py:208} INFO - Processing /opt/airflow/dags/05_etl_weather_postgres.py took 0.149 seconds
[2026-08-24T07:57:38.476+0000] {processor.py:186} INFO - Started process (PID=579) to work on /opt/airflow/dags/05_etl_weather_postgres.py
[2026-08-24T07:57:38.478+0000] {processor.py:914} INFO - Processing file /opt/airflow/dags/05_etl_weather_postgres.py for tasks to queue
[2026-08-24T07:57:38.483+0000] {logging_mixin.py:190} INFO - [2026-08-24T07:57:38.482+0000] {dagbag.py:588} INFO - Filling up the DagBag from /opt/airflow/dags/05_etl_weather_postgres.py
[2026-08-24T07:57:38.518+0000] {processor.py:925} INFO - DAG(s) 'etl_weather_postgres_dag' retrieved from /opt/airflow/dags/05_etl_weather_postgres.py
[2026-08-24T07:57:38.563+0000] {logging_mixin.py:190} INFO - [2026-08-24T07:57:38.563+0000] {dag.py:3239} INFO - Sync 1 DAGs
[2026-08-24T07:57:38.585+0000] {logging_mixin.py:190} INFO - [2026-08-24T07:57:38.585+0000] {dag.py:4180} INFO - Setting next_dagrun for etl_weather_postgres_dag to None, run_after=None
[2026-08-24T07:57:38.629+0000] {processor.py:208} INFO - Processing /opt/airflow/dags/05_etl_weather_postgres.py took 0.163 seconds
[2026-08-24T07:58:08.803+0000] {processor.py:186} INFO - Started process (PID=590) to work on /opt/airflow/dags/05_etl_weather_postgres.py
[2026-08-24T07:58:08.805+0000] {processor.py:914} INFO - Processing file /opt/airflow/dags/05_etl_weather_postgres.py for tasks to queue
[2026-08-24T07:58:08.811+0000] {logging_mixin.py:190} INFO - [2026-08-24T07:58:08.811+0000] {dagbag.py:588} INFO - Filling up the DagBag from /opt/airflow/dags/05_etl_weather_postgres.py
[2026-08-24T07:58:08.867+0000] {processor.py:925} INFO - DAG(s) 'etl_weather_postgres_dag' retrieved from /opt/airflow/dags/05_etl_weather_postgres.py
[2026-08-24T07:58:08.915+0000] {logging_mixin.py:190} INFO - [2026-08-24T07:58:08.914+0000] {dag.py:3239} INFO - Sync 1 DAGs
[2026-08-24T07:58:08.936+0000] {logging_mixin.py:190} INFO - [2026-08-24T07:58:08.935+0000] {dag.py:4180} INFO - Setting next_dagrun for etl_weather_postgres_dag to None, run_after=None
[2026-08-24T07:58:08.968+0000] {processor.py:208} INFO - Processing /opt/airflow/dags/05_etl_weather_postgres.py took 0.179 seconds
[2026-08-24T07:58:39.618+0000] {processor.py:186} INFO - Started process (PID=600) to work on /opt/airflow/dags/05_etl_weather_postgres.py
[2026-08-24T07:58:39.620+0000] {processor.py:914} INFO - Processing file /opt/airflow/dags/05_etl_weather_postgres.py for tasks to queue
[2026-08-24T07:58:39.625+0000] {logging_mixin.py:190} INFO - [2026-08-24T07:58:39.624+0000] {dagbag.py:588} INFO - Filling up the DagBag from /opt/airflow/dags/05_etl_weather_postgres.py
[2026-08-24T07:58:39.656+0000] {processor.py:925} INFO - DAG(s) 'etl_weather_postgres_dag' retrieved from /opt/airflow/dags/05_etl_weather_postgres.py
[2026-08-24T07:58:39.702+0000] {logging_mixin.py:190} INFO - [2026-08-24T07:58:39.702+0000] {dag.py:3239} INFO - Sync 1 DAGs
[2026-08-24T07:58:39.723+0000] {logging_mixin.py:190} INFO - [2026-08-24T07:58:39.723+0000] {dag.py:4180} INFO - Setting next_dagrun for etl_weather_postgres_dag to None, run_after=None
[2026-08-24T07:58:39.753+0000] {processor.py:208} INFO - Processing /opt/airflow/dags/05_etl_weather_postgres.py took 0.142 seconds
[2026-08-24T07:59:10.748+0000] {processor.py:186} INFO - Started process (PID=611) to work on /opt/airflow/dags/05_etl_weather_postgres.py
[2026-08-24T07:59:10.751+0000] {processor.py:914} INFO - Processing file /opt/airflow/dags/05_etl_weather_postgres.py for tasks to queue
[2026-08-24T07:59:10.757+0000] {logging_mixin.py:190} INFO - [2026-08-24T07:59:10.756+0000] {dagbag.py:588} INFO - Filling up the DagBag from /opt/airflow/dags/05_etl_weather_postgres.py
[2026-08-24T07:59:10.806+0000] {processor.py:925} INFO - DAG(s) 'etl_weather_postgres_dag' retrieved from /opt/airflow/dags/05_etl_weather_postgres.py
[2026-08-24T07:59:10.893+0000] {logging_mixin.py:190} INFO - [2026-08-24T07:59:10.893+0000] {dag.py:3239} INFO - Sync 1 DAGs
[2026-08-24T07:59:10.950+0000] {logging_mixin.py:190} INFO - [2026-08-24T07:59:10.949+0000] {dag.py:4180} INFO - Setting next_dagrun for etl_weather_postgres_dag to None, run_after=None
[2026-08-24T07:59:11.023+0000] {processor.py:208} INFO - Processing /opt/airflow/dags/05_etl_weather_postgres.py took 0.288 seconds
[2026-08-24T07:59:41.467+0000] {processor.py:186} INFO - Started process (PID=622) to work on /opt/airflow/dags/05_etl_weather_postgres.py
[2026-08-24T07:59:41.473+0000] {processor.py:914} INFO - Processing file /opt/airflow/dags/05_etl_weather_postgres.py for tasks to queue
[2026-08-24T07:59:41.485+0000] {logging_mixin.py:190} INFO - [2026-08-24T07:59:41.484+0000] {dagbag.py:588} INFO - Filling up the DagBag from /opt/airflow/dags/05_etl_weather_postgres.py
[2026-08-24T07:59:41.593+0000] {processor.py:925} INFO - DAG(s) 'etl_weather_postgres_dag' retrieved from /opt/airflow/dags/05_etl_weather_postgres.py
[2026-08-24T07:59:41.747+0000] {logging_mixin.py:190} INFO - [2026-08-24T07:59:41.746+0000] {dag.py:3239} INFO - Sync 1 DAGs
[2026-08-24T07:59:41.827+0000] {logging_mixin.py:190} INFO - [2026-08-24T07:59:41.827+0000] {dag.py:4180} INFO - Setting next_dagrun for etl_weather_postgres_dag to None, run_after=None
[2026-08-24T07:59:41.928+0000] {processor.py:208} INFO - Processing /opt/airflow/dags/05_etl_weather_postgres.py took 0.495 seconds
[2026-08-24T08:00:12.316+0000] {processor.py:186} INFO - Started process (PID=633) to work on /opt/airflow/dags/05_etl_weather_postgres.py
[2026-08-24T08:00:12.318+0000] {processor.py:914} INFO - Processing file /opt/airflow/dags/05_etl_weather_postgres.py for tasks to queue
[2026-08-24T08:00:12.326+0000] {logging_mixin.py:190} INFO - [2026-08-24T08:00:12.324+0000] {dagbag.py:588} INFO - Filling up the DagBag from /opt/airflow/dags/05_etl_weather_postgres.py
[2026-08-24T08:00:12.381+0000] {processor.py:925} INFO - DAG(s) 'etl_weather_postgres_dag' retrieved from /opt/airflow/dags/05_etl_weather_postgres.py
[2026-08-24T08:00:12.466+0000] {logging_mixin.py:190} INFO - [2026-08-24T08:00:12.465+0000] {dag.py:3239} INFO - Sync 1 DAGs
[2026-08-24T08:00:12.499+0000] {logging_mixin.py:190} INFO - [2026-08-24T08:00:12.499+0000] {dag.py:4180} INFO - Setting next_dagrun for etl_weather_postgres_dag to None, run_after=None
[2026-08-24T08:00:12.558+0000] {processor.py:208} INFO - Processing /opt/airflow/dags/05_etl_weather_postgres.py took 0.256 seconds
[2026-08-24T08:00:42.720+0000] {processor.py:186} INFO - Started process (PID=644) to work on /opt/airflow/dags/05_etl_weather_postgres.py
[2026-08-24T08:00:42.723+0000] {processor.py:914} INFO - Processing file /opt/airflow/dags/05_etl_weather_postgres.py for tasks to queue
[2026-08-24T08:00:42.728+0000] {logging_mixin.py:190} INFO - [2026-08-24T08:00:42.728+0000] {dagbag.py:588} INFO - Filling up the DagBag from /opt/airflow/dags/05_etl_weather_postgres.py
[2026-08-24T08:00:42.773+0000] {processor.py:925} INFO - DAG(s) 'etl_weather_postgres_dag' retrieved from /opt/airflow/dags/05_etl_weather_postgres.py
[2026-08-24T08:00:42.833+0000] {logging_mixin.py:190} INFO - [2026-08-24T08:00:42.833+0000] {dag.py:3239} INFO - Sync 1 DAGs
[2026-08-24T08:00:42.867+0000] {logging_mixin.py:190} INFO - [2026-08-24T08:00:42.867+0000] {dag.py:4180} INFO - Setting next_dagrun for etl_weather_postgres_dag to None, run_after=None
[2026-08-24T08:00:42.909+0000] {processor.py:208} INFO - Processing /opt/airflow/dags/05_etl_weather_postgres.py took 0.201 seconds
[2026-08-24T08:01:13.387+0000] {processor.py:186} INFO - Started process (PID=654) to work on /opt/airflow/dags/05_etl_weather_postgres.py
[2026-08-24T08:01:13.389+0000] {processor.py:914} INFO - Processing file /opt/airflow/dags/05_etl_weather_postgres.py for tasks to queue
[2026-08-24T08:01:13.396+0000] {logging_mixin.py:190} INFO - [2026-08-24T08:01:13.395+0000] {dagbag.py:588} INFO - Filling up the DagBag from /opt/airflow/dags/05_etl_weather_postgres.py
[2026-08-24T08:01:13.443+0000] {processor.py:925} INFO - DAG(s) 'etl_weather_postgres_dag' retrieved from /opt/airflow/dags/05_etl_weather_postgres.py
[2026-08-24T08:01:13.512+0000] {logging_mixin.py:190} INFO - [2026-08-24T08:01:13.512+0000] {dag.py:3239} INFO - Sync 1 DAGs
[2026-08-24T08:01:13.550+0000] {logging_mixin.py:190} INFO - [2026-08-24T08:01:13.550+0000] {dag.py:4180} INFO - Setting next_dagrun for etl_weather_postgres_dag to None, run_after=None
[2026-08-24T08:01:13.594+0000] {processor.py:208} INFO - Processing /opt/airflow/dags/05_etl_weather_postgres.py took 0.219 seconds
[2026-08-24T08:01:43.885+0000] {processor.py:186} INFO - Started process (PID=665) to work on /opt/airflow/dags/05_etl_weather_postgres.py
[2026-08-24T08:01:43.892+0000] {processor.py:914} INFO - Processing file /opt/airflow/dags/05_etl_weather_postgres.py for tasks to queue
[2026-08-24T08:01:43.908+0000] {logging_mixin.py:190} INFO - [2026-08-24T08:01:43.901+0000] {dagbag.py:588} INFO - Filling up the DagBag from /opt/airflow/dags/05_etl_weather_postgres.py
[2026-08-24T08:01:44.001+0000] {processor.py:925} INFO - DAG(s) 'etl_weather_postgres_dag' retrieved from /opt/airflow/dags/05_etl_weather_postgres.py
[2026-08-24T08:01:44.139+0000] {logging_mixin.py:190} INFO - [2026-08-24T08:01:44.139+0000] {dag.py:3239} INFO - Sync 1 DAGs
[2026-08-24T08:01:44.277+0000] {logging_mixin.py:190} INFO - [2026-08-24T08:01:44.276+0000] {dag.py:4180} INFO - Setting next_dagrun for etl_weather_postgres_dag to None, run_after=None
[2026-08-24T08:01:44.399+0000] {processor.py:208} INFO - Processing /opt/airflow/dags/05_etl_weather_postgres.py took 0.539 seconds
[2026-08-24T08:02:14.937+0000] {processor.py:186} INFO - Started process (PID=676) to work on /opt/airflow/dags/05_etl_weather_postgres.py
[2026-08-24T08:02:14.941+0000] {processor.py:914} INFO - Processing file /opt/airflow/dags/05_etl_weather_postgres.py for tasks to queue
[2026-08-24T08:02:14.948+0000] {logging_mixin.py:190} INFO - [2026-08-24T08:02:14.947+0000] {dagbag.py:588} INFO - Filling up the DagBag from /opt/airflow/dags/05_etl_weather_postgres.py
[2026-08-24T08:02:14.996+0000] {processor.py:925} INFO - DAG(s) 'etl_weather_postgres_dag' retrieved from /opt/airflow/dags/05_etl_weather_postgres.py
[2026-08-24T08:02:15.098+0000] {logging_mixin.py:190} INFO - [2026-08-24T08:02:15.097+0000] {dag.py:3239} INFO - Sync 1 DAGs
[2026-08-24T08:02:15.169+0000] {logging_mixin.py:190} INFO - [2026-08-24T08:02:15.169+0000] {dag.py:4180} INFO - Setting next_dagrun for etl_weather_postgres_dag to None, run_after=None
[2026-08-24T08:02:15.259+0000] {processor.py:208} INFO - Processing /opt/airflow/dags/05_etl_weather_postgres.py took 0.335 seconds
[2026-08-24T08:02:45.506+0000] {processor.py:186} INFO - Started process (PID=687) to work on /opt/airflow/dags/05_etl_weather_postgres.py
[2026-08-24T08:02:45.510+0000] {processor.py:914} INFO - Processing file /opt/airflow/dags/05_etl_weather_postgres.py for tasks to queue
[2026-08-24T08:02:45.518+0000] {logging_mixin.py:190} INFO - [2026-08-24T08:02:45.517+0000] {dagbag.py:588} INFO - Filling up the DagBag from /opt/airflow/dags/05_etl_weather_postgres.py
[2026-08-24T08:02:45.603+0000] {processor.py:925} INFO - DAG(s) 'etl_weather_postgres_dag' retrieved from /opt/airflow/dags/05_etl_weather_postgres.py
[2026-08-24T08:02:45.744+0000] {logging_mixin.py:190} INFO - [2026-08-24T08:02:45.742+0000] {dag.py:3239} INFO - Sync 1 DAGs
[2026-08-24T08:02:45.809+0000] {logging_mixin.py:190} INFO - [2026-08-24T08:02:45.808+0000] {dag.py:4180} INFO - Setting next_dagrun for etl_weather_postgres_dag to None, run_after=None
[2026-08-24T08:02:45.884+0000] {processor.py:208} INFO - Processing /opt/airflow/dags/05_etl_weather_postgres.py took 0.406 seconds
[2026-08-24T08:03:16.814+0000] {processor.py:186} INFO - Started process (PID=698) to work on /opt/airflow/dags/05_etl_weather_postgres.py
[2026-08-24T08:03:16.816+0000] {processor.py:914} INFO - Processing file /opt/airflow/dags/05_etl_weather_postgres.py for tasks to queue
[2026-08-24T08:03:16.822+0000] {logging_mixin.py:190} INFO - [2026-08-24T08:03:16.822+0000] {dagbag.py:588} INFO - Filling up the DagBag from /opt/airflow/dags/05_etl_weather_postgres.py
[2026-08-24T08:03:16.890+0000] {processor.py:925} INFO - DAG(s) 'etl_weather_postgres_dag' retrieved from /opt/airflow/dags/05_etl_weather_postgres.py
[2026-08-24T08:03:16.999+0000] {logging_mixin.py:190} INFO - [2026-08-24T08:03:16.998+0000] {dag.py:3239} INFO - Sync 1 DAGs
[2026-08-24T08:03:17.038+0000] {logging_mixin.py:190} INFO - [2026-08-24T08:03:17.037+0000] {dag.py:4180} INFO - Setting next_dagrun for etl_weather_postgres_dag to None, run_after=None
[2026-08-24T08:03:17.083+0000] {processor.py:208} INFO - Processing /opt/airflow/dags/05_etl_weather_postgres.py took 0.283 seconds
[2026-08-24T08:03:47.474+0000] {processor.py:186} INFO - Started process (PID=710) to work on /opt/airflow/dags/05_etl_weather_postgres.py
[2026-08-24T08:03:47.476+0000] {processor.py:914} INFO - Processing file /opt/airflow/dags/05_etl_weather_postgres.py for tasks to queue
[2026-08-24T08:03:47.481+0000] {logging_mixin.py:190} INFO - [2026-08-24T08:03:47.480+0000] {dagbag.py:588} INFO - Filling up the DagBag from /opt/airflow/dags/05_etl_weather_postgres.py
[2026-08-24T08:03:47.527+0000] {processor.py:925} INFO - DAG(s) 'etl_weather_postgres_dag' retrieved from /opt/airflow/dags/05_etl_weather_postgres.py
[2026-08-24T08:03:47.607+0000] {logging_mixin.py:190} INFO - [2026-08-24T08:03:47.606+0000] {dag.py:3239} INFO - Sync 1 DAGs
[2026-08-24T08:03:47.650+0000] {logging_mixin.py:190} INFO - [2026-08-24T08:03:47.649+0000] {dag.py:4180} INFO - Setting next_dagrun for etl_weather_postgres_dag to None, run_after=None
[2026-08-24T08:03:47.693+0000] {processor.py:208} INFO - Processing /opt/airflow/dags/05_etl_weather_postgres.py took 0.231 seconds
[2026-08-24T08:04:18.071+0000] {processor.py:186} INFO - Started process (PID=721) to work on /opt/airflow/dags/05_etl_weather_postgres.py
[2026-08-24T08:04:18.073+0000] {processor.py:914} INFO - Processing file /opt/airflow/dags/05_etl_weather_postgres.py for tasks to queue
[2026-08-24T08:04:18.078+0000] {logging_mixin.py:190} INFO - [2026-08-24T08:04:18.077+0000] {dagbag.py:588} INFO - Filling up the DagBag from /opt/airflow/dags/05_etl_weather_postgres.py
[2026-08-24T08:04:18.114+0000] {processor.py:925} INFO - DAG(s) 'etl_weather_postgres_dag' retrieved from /opt/airflow/dags/05_etl_weather_postgres.py
[2026-08-24T08:04:18.161+0000] {logging_mixin.py:190} INFO - [2026-08-24T08:04:18.161+0000] {dag.py:3239} INFO - Sync 1 DAGs
[2026-08-24T08:04:18.183+0000] {logging_mixin.py:190} INFO - [2026-08-24T08:04:18.182+0000] {dag.py:4180} INFO - Setting next_dagrun for etl_weather_postgres_dag to None, run_after=None
[2026-08-24T08:04:18.212+0000] {processor.py:208} INFO - Processing /opt/airflow/dags/05_etl_weather_postgres.py took 0.149 seconds
[2026-08-24T08:04:49.023+0000] {processor.py:186} INFO - Started process (PID=733) to work on /opt/airflow/dags/05_etl_weather_postgres.py
[2026-08-24T08:04:49.025+0000] {processor.py:914} INFO - Processing file /opt/airflow/dags/05_etl_weather_postgres.py for tasks to queue
[2026-08-24T08:04:49.031+0000] {logging_mixin.py:190} INFO - [2026-08-24T08:04:49.030+0000] {dagbag.py:588} INFO - Filling up the DagBag from /opt/airflow/dags/05_etl_weather_postgres.py
[2026-08-24T08:04:49.064+0000] {processor.py:925} INFO - DAG(s) 'etl_weather_postgres_dag' retrieved from /opt/airflow/dags/05_etl_weather_postgres.py
[2026-08-24T08:04:49.127+0000] {logging_mixin.py:190} INFO - [2026-08-24T08:04:49.127+0000] {dag.py:3239} INFO - Sync 1 DAGs
[2026-08-24T08:04:49.149+0000] {logging_mixin.py:190} INFO - [2026-08-24T08:04:49.148+0000] {dag.py:4180} INFO - Setting next_dagrun for etl_weather_postgres_dag to None, run_after=None
[2026-08-24T08:04:49.182+0000] {processor.py:208} INFO - Processing /opt/airflow/dags/05_etl_weather_postgres.py took 0.169 seconds
[2026-08-24T08:05:19.383+0000] {processor.py:186} INFO - Started process (PID=744) to work on /opt/airflow/dags/05_etl_weather_postgres.py
[2026-08-24T08:05:19.385+0000] {processor.py:914} INFO - Processing file /opt/airflow/dags/05_etl_weather_postgres.py for tasks to queue
[2026-08-24T08:05:19.392+0000] {logging_mixin.py:190} INFO - [2026-08-24T08:05:19.390+0000] {dagbag.py:588} INFO - Filling up the DagBag from /opt/airflow/dags/05_etl_weather_postgres.py
[2026-08-24T08:05:19.427+0000] {processor.py:925} INFO - DAG(s) 'etl_weather_postgres_dag' retrieved from /opt/airflow/dags/05_etl_weather_postgres.py
[2026-08-24T08:05:19.471+0000] {logging_mixin.py:190} INFO - [2026-08-24T08:05:19.471+0000] {dag.py:3239} INFO - Sync 1 DAGs
[2026-08-24T08:05:19.492+0000] {logging_mixin.py:190} INFO - [2026-08-24T08:05:19.492+0000] {dag.py:4180} INFO - Setting next_dagrun for etl_weather_postgres_dag to None, run_after=None
[2026-08-24T08:05:19.527+0000] {processor.py:208} INFO - Processing /opt/airflow/dags/05_etl_weather_postgres.py took 0.158 seconds
[2026-08-24T08:05:49.858+0000] {processor.py:186} INFO - Started process (PID=756) to work on /opt/airflow/dags/05_etl_weather_postgres.py
[2026-08-24T08:05:49.862+0000] {processor.py:914} INFO - Processing file /opt/airflow/dags/05_etl_weather_postgres.py for tasks to queue
[2026-08-24T08:05:49.872+0000] {logging_mixin.py:190} INFO - [2026-08-24T08:05:49.870+0000] {dagbag.py:588} INFO - Filling up the DagBag from /opt/airflow/dags/05_etl_weather_postgres.py
[2026-08-24T08:05:49.971+0000] {processor.py:925} INFO - DAG(s) 'etl_weather_postgres_dag' retrieved from /opt/airflow/dags/05_etl_weather_postgres.py
[2026-08-24T08:05:50.037+0000] {logging_mixin.py:190} INFO - [2026-08-24T08:05:50.036+0000] {dag.py:3239} INFO - Sync 1 DAGs
[2026-08-24T08:05:50.074+0000] {logging_mixin.py:190} INFO - [2026-08-24T08:05:50.073+0000] {dag.py:4180} INFO - Setting next_dagrun for etl_weather_postgres_dag to None, run_after=None
[2026-08-24T08:05:50.116+0000] {processor.py:208} INFO - Processing /opt/airflow/dags/05_etl_weather_postgres.py took 0.291 seconds
[2026-08-24T08:06:20.876+0000] {processor.py:186} INFO - Started process (PID=767) to work on /opt/airflow/dags/05_etl_weather_postgres.py
[2026-08-24T08:06:20.880+0000] {processor.py:914} INFO - Processing file /opt/airflow/dags/05_etl_weather_postgres.py for tasks to queue
[2026-08-24T08:06:20.885+0000] {logging_mixin.py:190} INFO - [2026-08-24T08:06:20.885+0000] {dagbag.py:588} INFO - Filling up the DagBag from /opt/airflow/dags/05_etl_weather_postgres.py
[2026-08-24T08:06:20.993+0000] {processor.py:925} INFO - DAG(s) 'etl_weather_postgres_dag' retrieved from /opt/airflow/dags/05_etl_weather_postgres.py
[2026-08-24T08:06:21.100+0000] {logging_mixin.py:190} INFO - [2026-08-24T08:06:21.099+0000] {dag.py:3239} INFO - Sync 1 DAGs
[2026-08-24T08:06:21.150+0000] {logging_mixin.py:190} INFO - [2026-08-24T08:06:21.149+0000] {dag.py:4180} INFO - Setting next_dagrun for etl_weather_postgres_dag to None, run_after=None
[2026-08-24T08:06:21.211+0000] {processor.py:208} INFO - Processing /opt/airflow/dags/05_etl_weather_postgres.py took 0.348 seconds
[2026-08-24T08:06:51.737+0000] {processor.py:186} INFO - Started process (PID=778) to work on /opt/airflow/dags/05_etl_weather_postgres.py
[2026-08-24T08:06:51.739+0000] {processor.py:914} INFO - Processing file /opt/airflow/dags/05_etl_weather_postgres.py for tasks to queue
[2026-08-24T08:06:51.743+0000] {logging_mixin.py:190} INFO - [2026-08-24T08:06:51.743+0000] {dagbag.py:588} INFO - Filling up the DagBag from /opt/airflow/dags/05_etl_weather_postgres.py
[2026-08-24T08:06:51.776+0000] {processor.py:925} INFO - DAG(s) 'etl_weather_postgres_dag' retrieved from /opt/airflow/dags/05_etl_weather_postgres.py
[2026-08-24T08:06:51.832+0000] {logging_mixin.py:190} INFO - [2026-08-24T08:06:51.831+0000] {dag.py:3239} INFO - Sync 1 DAGs
[2026-08-24T08:06:51.853+0000] {logging_mixin.py:190} INFO - [2026-08-24T08:06:51.853+0000] {dag.py:4180} INFO - Setting next_dagrun for etl_weather_postgres_dag to None, run_after=None
[2026-08-24T08:06:51.882+0000] {processor.py:208} INFO - Processing /opt/airflow/dags/05_etl_weather_postgres.py took 0.153 seconds
[2026-08-24T08:07:22.185+0000] {processor.py:186} INFO - Started process (PID=788) to work on /opt/airflow/dags/05_etl_weather_postgres.py
[2026-08-24T08:07:22.188+0000] {processor.py:914} INFO - Processing file /opt/airflow/dags/05_etl_weather_postgres.py for tasks to queue
[2026-08-24T08:07:22.193+0000] {logging_mixin.py:190} INFO - [2026-08-24T08:07:22.192+0000] {dagbag.py:588} INFO - Filling up the DagBag from /opt/airflow/dags/05_etl_weather_postgres.py
[2026-08-24T08:07:22.226+0000] {processor.py:925} INFO - DAG(s) 'etl_weather_postgres_dag' retrieved from /opt/airflow/dags/05_etl_weather_postgres.py
[2026-08-24T08:07:22.273+0000] {logging_mixin.py:190} INFO - [2026-08-24T08:07:22.272+0000] {dag.py:3239} INFO - Sync 1 DAGs
[2026-08-24T08:07:22.297+0000] {logging_mixin.py:190} INFO - [2026-08-24T08:07:22.297+0000] {dag.py:4180} INFO - Setting next_dagrun for etl_weather_postgres_dag to None, run_after=None
[2026-08-24T08:07:22.334+0000] {processor.py:208} INFO - Processing /opt/airflow/dags/05_etl_weather_postgres.py took 0.158 seconds
