[2026-08-24T07:48:42.911+0000] {local_task_job_runner.py:123} INFO - ::group::Pre task execution logs
[2026-08-24T07:48:43.269+0000] {taskinstance.py:2613} INFO - Dependencies all met for dep_context=non-requeueable deps ti=<TaskInstance: etl_weather_postgres_dag.extract_khon_kaen manual__2026-08-24T07:48:32.498888+00:00 [queued]>
[2026-08-24T07:48:43.477+0000] {taskinstance.py:2613} INFO - Dependencies all met for dep_context=requeueable deps ti=<TaskInstance: etl_weather_postgres_dag.extract_khon_kaen manual__2026-08-24T07:48:32.498888+00:00 [queued]>
[2026-08-24T07:48:43.500+0000] {taskinstance.py:2866} INFO - Starting attempt 1 of 2
[2026-08-24T07:48:43.865+0000] {taskinstance.py:2889} INFO - Executing <Task(PythonOperator): extract_khon_kaen> on 2026-08-24 07:48:32.498888+00:00
[2026-08-24T07:48:43.993+0000] {warnings.py:112} WARNING - /home/***/.local/lib/python3.12/site-packages/***/task/task_runner/standard_task_runner.py:70: DeprecationWarning: This process (pid=241) is multi-threaded, use of fork() may lead to deadlocks in the child.
  pid = os.fork()

[2026-08-24T07:48:44.065+0000] {standard_task_runner.py:72} INFO - Started process 251 to run task
[2026-08-24T07:48:44.126+0000] {standard_task_runner.py:104} INFO - Running: ['***', 'tasks', 'run', 'etl_weather_postgres_dag', 'extract_khon_kaen', 'manual__2026-08-24T07:48:32.498888+00:00', '--job-id', '15', '--raw', '--subdir', 'DAGS_FOLDER/05_etl_weather_postgres.py', '--cfg-path', '/tmp/tmpr86dif7r']
[2026-08-24T07:48:44.162+0000] {standard_task_runner.py:105} INFO - Job 15: Subtask extract_khon_kaen
[2026-08-24T07:48:44.637+0000] {task_command.py:467} INFO - Running <TaskInstance: etl_weather_postgres_dag.extract_khon_kaen manual__2026-08-24T07:48:32.498888+00:00 [running]> on host 5e50b3edd4b7
[2026-08-24T07:48:45.554+0000] {taskinstance.py:3132} INFO - Exporting env vars: AIRFLOW_CTX_DAG_OWNER='workshop' AIRFLOW_CTX_DAG_ID='etl_weather_postgres_dag' AIRFLOW_CTX_TASK_ID='extract_khon_kaen' AIRFLOW_CTX_EXECUTION_DATE='2026-08-24T07:48:32.498888+00:00' AIRFLOW_CTX_TRY_NUMBER='1' AIRFLOW_CTX_DAG_RUN_ID='manual__2026-08-24T07:48:32.498888+00:00'
[2026-08-24T07:48:45.561+0000] {taskinstance.py:731} INFO - ::endgroup::
[2026-08-24T07:48:46.587+0000] {logging_mixin.py:190} INFO - ดึงข้อมูล ขอนแก่น สำเร็จ: {'province': 'ขอนแก่น', 'temperature': 30.8, 'windspeed': 20.1, 'weathercode': 3, 'recorded_at': '2026-08-24T14:45'}
[2026-08-24T07:48:46.693+0000] {python.py:240} INFO - Done. Returned value was: None
[2026-08-24T07:48:46.766+0000] {taskinstance.py:340} INFO - ::group::Post task execution logs
[2026-08-24T07:48:46.777+0000] {taskinstance.py:352} INFO - Marking task as SUCCESS. dag_id=etl_weather_postgres_dag, task_id=extract_khon_kaen, run_id=manual__2026-08-24T07:48:32.498888+00:00, execution_date=20260824T074832, start_date=20260824T074843, end_date=20260824T074846
[2026-08-24T07:48:46.951+0000] {local_task_job_runner.py:266} INFO - Task exited with return code 0
[2026-08-24T07:48:47.078+0000] {taskinstance.py:3895} INFO - 0 downstream tasks scheduled from follow-on schedule check
[2026-08-24T07:48:47.085+0000] {local_task_job_runner.py:245} INFO - ::endgroup::
