[2026-08-24T07:54:03.244+0000] {local_task_job_runner.py:123} INFO - ::group::Pre task execution logs
[2026-08-24T07:54:03.405+0000] {taskinstance.py:2613} INFO - Dependencies all met for dep_context=non-requeueable deps ti=<TaskInstance: etl_weather_postgres_dag.extract_chiang_mai manual__2026-08-24T07:53:58.742482+00:00 [queued]>
[2026-08-24T07:54:03.468+0000] {taskinstance.py:2613} INFO - Dependencies all met for dep_context=requeueable deps ti=<TaskInstance: etl_weather_postgres_dag.extract_chiang_mai manual__2026-08-24T07:53:58.742482+00:00 [queued]>
[2026-08-24T07:54:03.495+0000] {taskinstance.py:2866} INFO - Starting attempt 1 of 2
[2026-08-24T07:54:03.686+0000] {taskinstance.py:2889} INFO - Executing <Task(PythonOperator): extract_chiang_mai> on 2026-08-24 07:53:58.742482+00:00
[2026-08-24T07:54:03.737+0000] {standard_task_runner.py:104} INFO - Running: ['***', 'tasks', 'run', 'etl_weather_postgres_dag', 'extract_chiang_mai', 'manual__2026-08-24T07:53:58.742482+00:00', '--job-id', '23', '--raw', '--subdir', 'DAGS_FOLDER/05_etl_weather_postgres.py', '--cfg-path', '/tmp/tmp7rmrcg17']
[2026-08-24T07:54:03.720+0000] {warnings.py:112} WARNING - /home/***/.local/lib/python3.12/site-packages/***/task/task_runner/standard_task_runner.py:70: DeprecationWarning: This process (pid=323) is multi-threaded, use of fork() may lead to deadlocks in the child.
  pid = os.fork()

[2026-08-24T07:54:03.753+0000] {standard_task_runner.py:105} INFO - Job 23: Subtask extract_chiang_mai
[2026-08-24T07:54:03.754+0000] {standard_task_runner.py:72} INFO - Started process 331 to run task
[2026-08-24T07:54:04.090+0000] {task_command.py:467} INFO - Running <TaskInstance: etl_weather_postgres_dag.extract_chiang_mai manual__2026-08-24T07:53:58.742482+00:00 [running]> on host 5e50b3edd4b7
[2026-08-24T07:54:04.651+0000] {taskinstance.py:3132} INFO - Exporting env vars: AIRFLOW_CTX_DAG_OWNER='workshop' AIRFLOW_CTX_DAG_ID='etl_weather_postgres_dag' AIRFLOW_CTX_TASK_ID='extract_chiang_mai' AIRFLOW_CTX_EXECUTION_DATE='2026-08-24T07:53:58.742482+00:00' AIRFLOW_CTX_TRY_NUMBER='1' AIRFLOW_CTX_DAG_RUN_ID='manual__2026-08-24T07:53:58.742482+00:00'
[2026-08-24T07:54:04.675+0000] {taskinstance.py:731} INFO - ::endgroup::
[2026-08-24T07:54:05.766+0000] {logging_mixin.py:190} INFO - ดึงข้อมูล เชียงใหม่ สำเร็จ: {'province': 'เชียงใหม่', 'temperature': 30.1, 'windspeed': 6.6, 'weathercode': 51, 'recorded_at': '2026-08-24T14:45'}
[2026-08-24T07:54:05.937+0000] {python.py:240} INFO - Done. Returned value was: None
[2026-08-24T07:54:05.992+0000] {taskinstance.py:340} INFO - ::group::Post task execution logs
[2026-08-24T07:54:06.009+0000] {taskinstance.py:352} INFO - Marking task as SUCCESS. dag_id=etl_weather_postgres_dag, task_id=extract_chiang_mai, run_id=manual__2026-08-24T07:53:58.742482+00:00, execution_date=20260824T075358, start_date=20260824T075403, end_date=20260824T075406
[2026-08-24T07:54:06.146+0000] {local_task_job_runner.py:266} INFO - Task exited with return code 0
[2026-08-24T07:54:06.254+0000] {taskinstance.py:3895} INFO - 0 downstream tasks scheduled from follow-on schedule check
[2026-08-24T07:54:06.265+0000] {local_task_job_runner.py:245} INFO - ::endgroup::
