[2026-08-24T07:54:11.173+0000] {local_task_job_runner.py:123} INFO - ::group::Pre task execution logs
[2026-08-24T07:54:11.203+0000] {taskinstance.py:2613} INFO - Dependencies all met for dep_context=non-requeueable deps ti=<TaskInstance: etl_weather_postgres_dag.load_to_postgres manual__2026-08-24T07:53:58.742482+00:00 [queued]>
[2026-08-24T07:54:11.224+0000] {taskinstance.py:2613} INFO - Dependencies all met for dep_context=requeueable deps ti=<TaskInstance: etl_weather_postgres_dag.load_to_postgres manual__2026-08-24T07:53:58.742482+00:00 [queued]>
[2026-08-24T07:54:11.225+0000] {taskinstance.py:2866} INFO - Starting attempt 1 of 2
[2026-08-24T07:54:11.253+0000] {taskinstance.py:2889} INFO - Executing <Task(PythonOperator): load_to_postgres> on 2026-08-24 07:53:58.742482+00:00
[2026-08-24T07:54:11.269+0000] {standard_task_runner.py:104} INFO - Running: ['***', 'tasks', 'run', 'etl_weather_postgres_dag', 'load_to_postgres', 'manual__2026-08-24T07:53:58.742482+00:00', '--job-id', '26', '--raw', '--subdir', 'DAGS_FOLDER/05_etl_weather_postgres.py', '--cfg-path', '/tmp/tmppn5fyuuq']
[2026-08-24T07:54:11.267+0000] {warnings.py:112} WARNING - /home/***/.local/lib/python3.12/site-packages/***/task/task_runner/standard_task_runner.py:70: DeprecationWarning: This process (pid=338) is multi-threaded, use of fork() may lead to deadlocks in the child.
  pid = os.fork()

[2026-08-24T07:54:11.272+0000] {standard_task_runner.py:105} INFO - Job 26: Subtask load_to_postgres
[2026-08-24T07:54:11.273+0000] {standard_task_runner.py:72} INFO - Started process 339 to run task
[2026-08-24T07:54:11.417+0000] {task_command.py:467} INFO - Running <TaskInstance: etl_weather_postgres_dag.load_to_postgres manual__2026-08-24T07:53:58.742482+00:00 [running]> on host 5e50b3edd4b7
[2026-08-24T07:54:11.681+0000] {taskinstance.py:3132} INFO - Exporting env vars: AIRFLOW_CTX_DAG_OWNER='workshop' AIRFLOW_CTX_DAG_ID='etl_weather_postgres_dag' AIRFLOW_CTX_TASK_ID='load_to_postgres' AIRFLOW_CTX_EXECUTION_DATE='2026-08-24T07:53:58.742482+00:00' AIRFLOW_CTX_TRY_NUMBER='1' AIRFLOW_CTX_DAG_RUN_ID='manual__2026-08-24T07:53:58.742482+00:00'
[2026-08-24T07:54:11.689+0000] {taskinstance.py:731} INFO - ::endgroup::
[2026-08-24T07:54:11.790+0000] {base.py:84} INFO - Retrieving connection 'postgres_target'
[2026-08-24T07:54:11.818+0000] {sql.py:681} INFO - Loaded 4 rows into weather_records so far
[2026-08-24T07:54:11.820+0000] {sql.py:694} INFO - Done loading. Loaded a total of 4 rows into weather_records
[2026-08-24T07:54:11.823+0000] {logging_mixin.py:190} INFO - บันทึกลง Postgres สำเร็จ 4 แถว
[2026-08-24T07:54:11.825+0000] {python.py:240} INFO - Done. Returned value was: None
[2026-08-24T07:54:11.858+0000] {taskinstance.py:340} INFO - ::group::Post task execution logs
[2026-08-24T07:54:11.864+0000] {taskinstance.py:352} INFO - Marking task as SUCCESS. dag_id=etl_weather_postgres_dag, task_id=load_to_postgres, run_id=manual__2026-08-24T07:53:58.742482+00:00, execution_date=20260824T075358, start_date=20260824T075411, end_date=20260824T075411
[2026-08-24T07:54:11.908+0000] {local_task_job_runner.py:266} INFO - Task exited with return code 0
[2026-08-24T07:54:11.977+0000] {taskinstance.py:3895} INFO - 1 downstream tasks scheduled from follow-on schedule check
[2026-08-24T07:54:11.981+0000] {local_task_job_runner.py:245} INFO - ::endgroup::
